Archive member included to satisfy reference by file (symbol)

../../libpico-tflmicro.a(flatbuffer_conversions.cpp.o)
                              CMakeFiles/hello_world_test.dir/hello_world_test.cpp.o (tflite::ParseFullyConnected(tflite::Operator const*, tflite::ErrorReporter*, tflite::BuiltinDataAllocator*, void**))
../../libpico-tflmicro.a(fully_connected.cpp.o)
                              CMakeFiles/hello_world_test.dir/hello_world_test.cpp.o (tflite::Register_FULLY_CONNECTED())
../../libpico-tflmicro.a(fully_connected_common.cpp.o)
                              ../../libpico-tflmicro.a(fully_connected.cpp.o) (tflite::FullyConnectedParamsFloat(TfLiteFusedActivation))
../../libpico-tflmicro.a(kernel_util.cpp.o)
                              ../../libpico-tflmicro.a(fully_connected.cpp.o) (tflite::micro::RegisterOp(void* (*)(TfLiteContext*, char const*, unsigned int), TfLiteStatus (*)(TfLiteContext*, TfLiteNode*), TfLiteStatus (*)(TfLiteContext*, TfLiteNode*), void (*)(TfLiteContext*, void*), void (*)(TfLiteContext*, void*)))
../../libpico-tflmicro.a(memory_helpers.cpp.o)
                              ../../libpico-tflmicro.a(kernel_util.cpp.o) (tflite::TfLiteEvalTensorByteLength(TfLiteEvalTensor const*, unsigned int*))
../../libpico-tflmicro.a(micro_context.cpp.o)
                              ../../libpico-tflmicro.a(fully_connected.cpp.o) (tflite::MicroContext::AllocateTempInputTensor(TfLiteNode const*, int))
../../libpico-tflmicro.a(micro_interpreter.cpp.o)
                              CMakeFiles/hello_world_test.dir/hello_world_test.cpp.o (tflite::MicroInterpreter::MicroInterpreter(tflite::Model const*, tflite::MicroOpResolver const&, unsigned char*, unsigned int, tflite::MicroResourceVariables*, tflite::MicroProfilerInterface*, bool))
../../libpico-tflmicro.a(micro_interpreter_context.cpp.o)
                              ../../libpico-tflmicro.a(micro_interpreter.cpp.o) (tflite::MicroInterpreterContext::~MicroInterpreterContext())
../../libpico-tflmicro.a(micro_interpreter_graph.cpp.o)
                              ../../libpico-tflmicro.a(micro_interpreter.cpp.o) (tflite::MicroInterpreterGraph::~MicroInterpreterGraph())
../../libpico-tflmicro.a(micro_log.cpp.o)
                              ../../libpico-tflmicro.a(micro_context.cpp.o) (VMicroPrintf(char const*, std::__va_list))
../../libpico-tflmicro.a(micro_op_resolver.cpp.o)
                              ../../libpico-tflmicro.a(micro_interpreter.cpp.o) (tflite::GetRegistrationFromOpCode(tflite::OperatorCode const*, tflite::MicroOpResolver const&, TFLMRegistration const**))
../../libpico-tflmicro.a(micro_profiler.cpp.o)
                              CMakeFiles/hello_world_test.dir/hello_world_test.cpp.o (tflite::MicroProfiler::LogTicksPerTagCsv())
../../libpico-tflmicro.a(micro_resource_variable.cpp.o)
                              CMakeFiles/hello_world_test.dir/hello_world_test.cpp.o (tflite::MicroResourceVariables::Create(tflite::MicroAllocator*, int))
../../libpico-tflmicro.a(micro_time.cpp.o)
                              ../../libpico-tflmicro.a(micro_profiler.cpp.o) (tflite::ticks_per_second())
../../libpico-tflmicro.a(micro_utils.cpp.o)
                              ../../libpico-tflmicro.a(micro_resource_variable.cpp.o) (tflite::EvalTensorBytes(TfLiteEvalTensor const*))
../../libpico-tflmicro.a(recording_micro_allocator.cpp.o)
                              CMakeFiles/hello_world_test.dir/hello_world_test.cpp.o (tflite::RecordingMicroAllocator::Create(unsigned char*, unsigned int))
../../libpico-tflmicro.a(system_setup.cpp.o)
                              CMakeFiles/hello_world_test.dir/hello_world_test.cpp.o (tflite::InitializeTarget())
../../libpico-tflmicro.a(flatbuffer_conversions_bridge.cpp.o)
                              ../../libpico-tflmicro.a(memory_helpers.cpp.o) (tflite::ConvertTensorType(tflite::TensorType, TfLiteType*))
../../libpico-tflmicro.a(micro_error_reporter.cpp.o)
                              ../../libpico-tflmicro.a(flatbuffer_conversions_bridge.cpp.o) (tflite::GetMicroErrorReporter())
../../libpico-tflmicro.a(arm_convolve_1x1_s8_fast.c.o)
                              ../../libpico-tflmicro.a(fully_connected.cpp.o) (arm_convolve_1x1_s8_fast)
../../libpico-tflmicro.a(arm_convolve_get_buffer_sizes_s8.c.o)
                              ../../libpico-tflmicro.a(fully_connected.cpp.o) (arm_convolve_1x1_s8_fast_get_buffer_size)
../../libpico-tflmicro.a(arm_fully_connected_get_buffer_sizes_s16.c.o)
                              ../../libpico-tflmicro.a(fully_connected.cpp.o) (arm_fully_connected_s16_get_buffer_size)
../../libpico-tflmicro.a(arm_fully_connected_get_buffer_sizes_s8.c.o)
                              ../../libpico-tflmicro.a(fully_connected.cpp.o) (arm_fully_connected_s8_get_buffer_size)
../../libpico-tflmicro.a(arm_fully_connected_s16.c.o)
                              ../../libpico-tflmicro.a(fully_connected.cpp.o) (arm_fully_connected_s16)
../../libpico-tflmicro.a(arm_fully_connected_s4.c.o)
[...]
Memory Configuration

Name             Origin             Length             Attributes
FLASH            0x10000000         0x00200000         xr
RAM              0x20000000         0x00040000         xrw
SCRATCH_X        0x20040000         0x00001000         xrw
SCRATCH_Y        0x20041000         0x00001000         xrw
*default*        0x00000000         0xffffffff

Linker script and memory map

LOAD /usr/lib/gcc/arm-none-eabi/13.2.1/thumb/v6-m/nofp/crti.o
LOAD /usr/lib/gcc/arm-none-eabi/13.2.1/thumb/v6-m/nofp/crtbegin.o
LOAD /usr/lib/gcc/arm-none-eabi/13.2.1/../../../arm-none-eabi/lib/thumb/v6-m/nofp/crt0.o

.flash_begin    0x10000000        0x0
                0x10000000                        __flash_binary_start = .

.boot2          0x10000000      0x100
                0x10000000                        __boot2_start__ = .
 *(.boot2)
 .boot2         0x10000000      0x100 ../../../pico-sdk/src/rp2040/boot_stage2/CMakeFiles/bs2_default_library.dir/bs2_default_padded_checksummed.S.o
                0x10000100                        __boot2_end__ = .
                0x00000001                        ASSERT (((__boot2_end__ - __boot2_start__) == 0x100), ERROR: Pico second stage bootloader must be 256 bytes in size)

.text           0x10000100    0x11778
                0x10000100                        __logical_binary_start = .
 *(.vectors)
 .vectors       0x10000100       0xd4 CMakeFiles/hello_world_test.dir/home/pushkino/Documentos/rp2040/pico-sdk/src/rp2_common/pico_crt0/crt0.S.o
                0x10000100                __vectors
                0x10000100                __VECTOR_TABLE
                0x100001c0                isr_irq30
                0x100001c0                __unhandled_user_irq
                0x100001c0                isr_irq13
                0x100001c0                isr_irq27
                0x100001c0                isr_irq31
                0x100001c0                isr_irq5
                0x100001c0                isr_irq11
                0x100001c0                isr_irq23
                0x100001c0                isr_irq18
                0x100001c0                isr_irq28
                0x100001c0                isr_irq19
                0x100001c0                isr_irq0
                0x100001c0                isr_irq6
                0x100001c0                isr_irq22
                0x100001c0                isr_irq17
                0x100001c0                isr_irq14
                0x100001c0                __vectors_end
                0x100001c0                __default_isrs_start
                0x100001c0                isr_irq2
                0x100001c0                isr_irq10
                0x100001c0                isr_irq8
                0x100001c0                isr_irq24
                0x100001c0                isr_irq1
                0x100001c0                isr_irq7
                0x100001c0                isr_irq21
                0x100001c0                isr_irq20
                0x100001c0                isr_irq15
                0x100001c0                isr_irq25
                0x100001c0                isr_irq4
                0x100001c0                isr_irq16
                0x100001c0                isr_irq29
                0x100001c0                isr_irq26
                0x100001c0                isr_irq3
                0x100001c0                isr_irq12
                0x100001c0                isr_irq9
                0x100001c6                unhandled_user_irq_num_in_r0
                0x100001c8                isr_invalid
                0x100001ca                isr_nmi
                0x100001cc                isr_hardfault
                0x100001ce                isr_svcall
                0x100001d0                isr_pendsv
                0x100001d2                isr_systick
                0x100001d4                __default_isrs_end
 *(.binary_info_header)
 .binary_info_header
                0x100001d4       0x14 CMakeFiles/hello_world_test.dir/home/pushkino/Documentos/rp2040/pico-sdk/src/rp2_common/pico_crt0/crt0.S.o
                0x100001e8                        __binary_info_header_end = .
 *(.embedded_block)
                0x100001e8                        __embedded_block_end = .
 *(.reset)
 .reset         0x100001e8       0x9c CMakeFiles/hello_world_test.dir/home/pushkino/Documentos/rp2040/pico-sdk/src/rp2_common/pico_crt0/crt0.S.o
                0x100001e8                _entry_point
 *(.init)
 .init          0x10000284        0x4 /usr/lib/gcc/arm-none-eabi/13.2.1/thumb/v6-m/nofp/crti.o
                0x10000284                _init
 *(EXCLUDE_FILE(*libm.a: *libc.a:*lib_a-mem*.o *libgcc.a:) .text*)
 .text          0x10000288       0x98 /usr/lib/gcc/arm-none-eabi/13.2.1/thumb/v6-m/nofp/crtbegin.o
 .text._ZN6tflite22MicroMutableOpResolverILj1EED0Ev
                0x10000320        0x4 CMakeFiles/hello_world_test.dir/hello_world_test.cpp.o
                0x10000320                tflite::MicroMutableOpResolver<1u>::~MicroMutableOpResolver()
                0x10000320                tflite::MicroMutableOpResolver<1u>::~MicroMutableOpResolver()
                0x10000320                tflite::MicroMutableOpResolver<1u>::~MicroMutableOpResolver()
 .text._ZNK6tflite22MicroMutableOpResolverILj1EE6FindOpENS_15BuiltinOperatorE
                0x10000324       0x20 CMakeFiles/hello_world_test.dir/hello_world_test.cpp.o
                0x10000324                tflite::MicroMutableOpResolver<1u>::FindOp(tflite::BuiltinOperator) const
 .text._ZNK6tflite22MicroMutableOpResolverILj1EE15GetOpDataParserENS_15BuiltinOperatorE
                0x10000344       0x18 CMakeFiles/hello_world_test.dir/hello_world_test.cpp.o
                0x10000344                tflite::MicroMutableOpResolver<1u>::GetOpDataParser(tflite::BuiltinOperator) const
 .text._ZNK6tflite22MicroMutableOpResolverILj1EE6FindOpEPKc
                0x1000035c       0x28 CMakeFiles/hello_world_test.dir/hello_world_test.cpp.o
                0x1000035c                tflite::MicroMutableOpResolver<1u>::FindOp(char const*) const
 .text._ZN12_GLOBAL__N_111RegisterOpsERN6tflite22MicroMutableOpResolverILj1EEE.constprop.0
                0x10000384       0x80 CMakeFiles/hello_world_test.dir/hello_world_test.cpp.o
 .text._Z23ProfileMemoryAndLatencyv
                0x10000404      0x148 CMakeFiles/hello_world_test.dir/hello_world_test.cpp.o
                0x10000404                ProfileMemoryAndLatency()
 .text._Z33LoadFloatModelAndPerformInferencev
                0x1000054c       0xf8 CMakeFiles/hello_world_test.dir/hello_world_test.cpp.o
                0x1000054c                LoadFloatModelAndPerformInference()
 .text._Z33LoadQuantModelAndPerformInferencev
                0x10000644      0x144 CMakeFiles/hello_world_test.dir/hello_world_test.cpp.o
                0x10000644                LoadQuantModelAndPerformInference()
 .text.startup.main
                0x10000788       0x34 CMakeFiles/hello_world_test.dir/hello_world_test.cpp.o
                0x10000788                main
 .text.rp2040_chip_version
                0x100007bc        0xc CMakeFiles/hello_world_test.dir/home/pushkino/Documentos/rp2040/pico-sdk/src/rp2040/pico_platform/platform.c.o
                0x100007bc                rp2040_chip_version
 .text.panic    0x100007c8       0x30 CMakeFiles/hello_world_test.dir/home/pushkino/Documentos/rp2040/pico-sdk/src/rp2_common/pico_platform_panic/panic.c.o
                0x100007c8                panic
 .text.hw_claim_or_assert
                0x100007f8       0x44 CMakeFiles/hello_world_test.dir/home/pushkino/Documentos/rp2040/pico-sdk/src/common/hardware_claim/claim.c.o
                0x100007f8                hw_claim_or_assert
 .text.hw_claim_unused_from_range
                0x1000083c       0x9c CMakeFiles/hello_world_test.dir/home/pushkino/Documentos/rp2040/pico-sdk/src/common/hardware_claim/claim.c.o
                0x1000083c                hw_claim_unused_from_range
 .text.next_striped_spin_lock_num
                0x100008d8       0x18 CMakeFiles/hello_world_test.dir/home/pushkino/Documentos/rp2040/pico-sdk/src/rp2_common/hardware_sync/sync.c.o
                0x100008d8                next_striped_spin_lock_num
 .text.spin_lock_claim_unused
                0x100008f0       0x24 CMakeFiles/hello_world_test.dir/home/pushkino/Documentos/rp2040/pico-sdk/src/rp2_common/hardware_sync/sync.c.o
                0x100008f0                spin_lock_claim_unused
 .text.spin_locks_reset
                0x10000914       0x1c CMakeFiles/hello_world_test.dir/home/pushkino/Documentos/rp2040/pico-sdk/src/rp2_common/hardware_sync_spin_lock/sync_spin_lock.c.o
                0x10000914                spin_locks_reset
 .text.runtime_init_per_core_irq_priorities
                0x10000930       0x24 CMakeFiles/hello_world_test.dir/home/pushkino/Documentos/rp2040/pico-sdk/src/rp2_common/hardware_irq/irq.c.o
                0x10000930                runtime_init_per_core_irq_priorities
 .text.irq_set_enabled
                0x10000954       0x24 CMakeFiles/hello_world_test.dir/home/pushkino/Documentos/rp2040/pico-sdk/src/rp2_common/hardware_irq/irq.c.o
                0x10000954                irq_set_enabled
 .text.irq_is_enabled
                0x10000978       0x18 CMakeFiles/hello_world_test.dir/home/pushkino/Documentos/rp2040/pico-sdk/src/rp2_common/hardware_irq/irq.c.o
                0x10000978                irq_is_enabled
 .text.irq_set_pending
                0x10000990       0x10 CMakeFiles/hello_world_test.dir/home/pushkino/Documentos/rp2040/pico-sdk/src/rp2_common/hardware_irq/irq.c.o
                0x10000990                irq_set_pending
 .text.irq_has_shared_handler
                0x100009a0       0x24 CMakeFiles/hello_world_test.dir/home/pushkino/Documentos/rp2040/pico-sdk/src/rp2_common/hardware_irq/irq.c.o
                0x100009a0                irq_has_shared_handler
 .text.irq_set_exclusive_handler
                0x100009c4       0x54 CMakeFiles/hello_world_test.dir/home/pushkino/Documentos/rp2040/pico-sdk/src/rp2_common/hardware_irq/irq.c.o
                0x100009c4                irq_set_exclusive_handler
 .text.irq_add_shared_handler
                0x10000a18      0x1f4 CMakeFiles/hello_world_test.dir/home/pushkino/Documentos/rp2040/pico-sdk/src/rp2_common/hardware_irq/irq.c.o
                0x10000a18                irq_add_shared_handler
 .text.irq_add_tail_to_free_list
                0x10000c0c       0xb4 CMakeFiles/hello_world_test.dir/home/pushkino/Documentos/rp2040/pico-sdk/src/rp2_common/hardware_irq/irq.c.o
                0x10000c0c                irq_add_tail_to_free_list
 .text.user_irq_claim_unused
                0x10000cc0       0x2c CMakeFiles/hello_world_test.dir/home/pushkino/Documentos/rp2040/pico-sdk/src/rp2_common/hardware_irq/irq.c.o
                0x10000cc0                user_irq_claim_unused
 .text.lock_init
                0x10000cec       0x10 CMakeFiles/hello_world_test.dir/home/pushkino/Documentos/rp2040/pico-sdk/src/common/pico_sync/lock_core.c.o
                0x10000cec                lock_init
 .text.runtime_init_mutex
                0x10000cfc       0x50 CMakeFiles/hello_world_test.dir/home/pushkino/Documentos/rp2040/pico-sdk/src/common/pico_sync/mutex.c.o
                0x10000cfc                runtime_init_mutex
 .text.mutex_init
                0x10000d4c       0x1c CMakeFiles/hello_world_test.dir/home/pushkino/Documentos/rp2040/pico-sdk/src/common/pico_sync/mutex.c.o
                0x10000d4c                mutex_init
 .text.critical_section_init
                0x10000d68       0x1c CMakeFiles/hello_world_test.dir/home/pushkino/Documentos/rp2040/pico-sdk/src/common/pico_sync/critical_section.c.o
                0x10000d68                critical_section_init
 .text.critical_section_init_with_lock_num
                0x10000d84       0x14 CMakeFiles/hello_world_test.dir/home/pushkino/Documentos/rp2040/pico-sdk/src/common/pico_sync/critical_section.c.o
                0x10000d84                critical_section_init_with_lock_num
 .text.sleep_until_callback
                0x10000d98       0x30 CMakeFiles/hello_world_test.dir/home/pushkino/Documentos/rp2040/pico-sdk/src/common/pico_time/time.c.o
 .text.alarm_pool_irq_handler
                0x10000dc8      0x2fc CMakeFiles/hello_world_test.dir/home/pushkino/Documentos/rp2040/pico-sdk/src/common/pico_time/time.c.o
 .text.runtime_init_default_alarm_pool
                0x100010c4       0xdc CMakeFiles/hello_world_test.dir/home/pushkino/Documentos/rp2040/pico-sdk/src/common/pico_time/time.c.o
                0x100010c4                runtime_init_default_alarm_pool
 .text.alarm_pool_get_default
                0x100011a0        0x8 CMakeFiles/hello_world_test.dir/home/pushkino/Documentos/rp2040/pico-sdk/src/common/pico_time/time.c.o
                0x100011a0                alarm_pool_get_default
 .text.alarm_pool_add_alarm_at
                0x100011a8       0xd4 CMakeFiles/hello_world_test.dir/home/pushkino/Documentos/rp2040/pico-sdk/src/common/pico_time/time.c.o
                0x100011a8                alarm_pool_add_alarm_at
 .text.alarm_pool_add_alarm_at_force_in_context
                0x1000127c       0xb0 CMakeFiles/hello_world_test.dir/home/pushkino/Documentos/rp2040/pico-sdk/src/common/pico_time/time.c.o
                0x1000127c                alarm_pool_add_alarm_at_force_in_context
 .text.alarm_pool_cancel_alarm
                0x1000132c       0x74 CMakeFiles/hello_world_test.dir/home/pushkino/Documentos/rp2040/pico-sdk/src/common/pico_time/time.c.o
                0x1000132c                alarm_pool_cancel_alarm
 .text.alarm_pool_core_num
                0x100013a0        0x4 CMakeFiles/hello_world_test.dir/home/pushkino/Documentos/rp2040/pico-sdk/src/common/pico_time/time.c.o
                0x100013a0                alarm_pool_core_num
 .text.best_effort_wfe_or_timeout
                0x100013a4       0xf8 CMakeFiles/hello_world_test.dir/home/pushkino/Documentos/rp2040/pico-sdk/src/common/pico_time/time.c.o
                0x100013a4                best_effort_wfe_or_timeout
 .text.timer_hardware_alarm_claim
                0x1000149c       0x14 CMakeFiles/hello_world_test.dir/home/pushkino/Documentos/rp2040/pico-sdk/src/rp2_common/hardware_timer/timer.c.o
                0x1000149c                timer_hardware_alarm_claim
 .text.timer_time_us_64
                0x100014b0       0x10 CMakeFiles/hello_world_test.dir/home/pushkino/Documentos/rp2040/pico-sdk/src/rp2_common/hardware_timer/timer.c.o
                0x100014b0                timer_time_us_64
 .text.time_us_64
                0x100014c0       0x14 CMakeFiles/hello_world_test.dir/home/pushkino/Documentos/rp2040/pico-sdk/src/rp2_common/hardware_timer/timer.c.o
                0x100014c0                time_us_64
 .text.busy_wait_us
                0x100014d4       0x68 CMakeFiles/hello_world_test.dir/home/pushkino/Documentos/rp2040/pico-sdk/src/rp2_common/hardware_timer/timer.c.o
                0x100014d4                busy_wait_us
 .text.clock_configure_int_divider
                0x1000153c       0xf4 CMakeFiles/hello_world_test.dir/home/pushkino/Documentos/rp2040/pico-sdk/src/rp2_common/hardware_clocks/clocks.c.o
                0x1000153c                clock_configure_int_divider
 .text.clock_configure_undivided
                0x10001630       0xe8 CMakeFiles/hello_world_test.dir/home/pushkino/Documentos/rp2040/pico-sdk/src/rp2_common/hardware_clocks/clocks.c.o
                0x10001630                clock_configure_undivided
 .text.clock_get_hz
                0x10001718        0xc CMakeFiles/hello_world_test.dir/home/pushkino/Documentos/rp2040/pico-sdk/src/rp2_common/hardware_clocks/clocks.c.o
                0x10001718                clock_get_hz
 .text.pll_init
                0x10001724       0xa4 CMakeFiles/hello_world_test.dir/home/pushkino/Documentos/rp2040/pico-sdk/src/rp2_common/hardware_pll/pll.c.o
                0x10001724                pll_init
 .text.watchdog_reboot
                0x100017c8       0x9c CMakeFiles/hello_world_test.dir/home/pushkino/Documentos/rp2040/pico-sdk/src/rp2_common/hardware_watchdog/watchdog.c.o
                0x100017c8                watchdog_reboot
 .text.tick_start
                0x10001864       0x10 CMakeFiles/hello_world_test.dir/home/pushkino/Documentos/rp2040/pico-sdk/src/rp2_common/hardware_ticks/ticks.c.o
                0x10001864                tick_start
 .text.rom_func_lookup
                0x10001874       0x10 CMakeFiles/hello_world_test.dir/home/pushkino/Documentos/rp2040/pico-sdk/src/rp2_common/pico_bootrom/bootrom.c.o
                0x10001874                rom_func_lookup
 .text.rom_data_lookup
                0x10001884       0x10 CMakeFiles/hello_world_test.dir/home/pushkino/Documentos/rp2040/pico-sdk/src/rp2_common/pico_bootrom/bootrom.c.o
                0x10001884                rom_data_lookup
 .text.rom_funcs_lookup
                0x10001894       0x44 CMakeFiles/hello_world_test.dir/home/pushkino/Documentos/rp2040/pico-sdk/src/rp2_common/pico_bootrom/bootrom.c.o
                0x10001894                rom_funcs_lookup
 .text.rom_reset_usb_boot_extra
                0x100018d8       0x28 CMakeFiles/hello_world_test.dir/home/pushkino/Documentos/rp2040/pico-sdk/src/rp2_common/pico_bootrom/bootrom.c.o
                0x100018d8                rom_reset_usb_boot_extra
 .text.xosc_init
                0x10001900       0x28 CMakeFiles/hello_world_test.dir/home/pushkino/Documentos/rp2040/pico-sdk/src/rp2_common/hardware_xosc/xosc.c.o
                0x10001900                xosc_init
 .text.first_per_core_initializer
                0x10001928        0x4 CMakeFiles/hello_world_test.dir/home/pushkino/Documentos/rp2040/pico-sdk/src/rp2_common/pico_runtime/runtime.c.o
 .text.hard_assertion_failure
                0x1000192c        0xc CMakeFiles/hello_world_test.dir/home/pushkino/Documentos/rp2040/pico-sdk/src/rp2_common/pico_runtime/runtime.c.o
                0x1000192c                hard_assertion_failure
 .text.runtime_run_initializers
                0x10001938       0x28 CMakeFiles/hello_world_test.dir/home/pushkino/Documentos/rp2040/pico-sdk/src/rp2_common/pico_runtime/runtime.c.o
                0x10001938                runtime_run_initializers
 .text.runtime_run_per_core_initializers
                0x10001960       0x28 CMakeFiles/hello_world_test.dir/home/pushkino/Documentos/rp2040/pico-sdk/src/rp2_common/pico_runtime/runtime.c.o
                0x10001960                runtime_run_per_core_initializers
 .text.runtime_init_early_resets
                0x10001988       0x2c CMakeFiles/hello_world_test.dir/home/pushkino/Documentos/rp2040/pico-sdk/src/rp2_common/pico_runtime_init/runtime_init.c.o
                0x10001988                runtime_init_early_resets
 .text.runtime_init_usb_power_down
                0x100019b4       0x1c CMakeFiles/hello_world_test.dir/home/pushkino/Documentos/rp2040/pico-sdk/src/rp2_common/pico_runtime_init/runtime_init.c.o
                0x100019b4                runtime_init_usb_power_down
 .text.runtime_init_post_clock_resets
                0x100019d0       0x20 CMakeFiles/hello_world_test.dir/home/pushkino/Documentos/rp2040/pico-sdk/src/rp2_common/pico_runtime_init/runtime_init.c.o
                0x100019d0                runtime_init_post_clock_resets
 .text.runtime_init_rp2040_gpio_ie_disable
                0x100019f0       0x14 CMakeFiles/hello_world_test.dir/home/pushkino/Documentos/rp2040/pico-sdk/src/rp2_common/pico_runtime_init/runtime_init.c.o
                0x100019f0                runtime_init_rp2040_gpio_ie_disable
 .text.runtime_init_spin_locks_reset
                0x10001a04        0x8 CMakeFiles/hello_world_test.dir/home/pushkino/Documentos/rp2040/pico-sdk/src/rp2_common/pico_runtime_init/runtime_init.c.o
                0x10001a04                runtime_init_spin_locks_reset
 .text.runtime_init_install_ram_vector_table
                0x10001a0c       0xb4 CMakeFiles/hello_world_test.dir/home/pushkino/Documentos/rp2040/pico-sdk/src/rp2_common/pico_runtime_init/runtime_init.c.o
                0x10001a0c                runtime_init_install_ram_vector_table
 .text.runtime_init_clocks
                0x10001ac0       0xd8 CMakeFiles/hello_world_test.dir/home/pushkino/Documentos/rp2040/pico-sdk/src/rp2_common/pico_runtime_init/runtime_init_clocks.c.o
                0x10001ac0                runtime_init_clocks
 .text          0x10001b98       0x10 CMakeFiles/hello_world_test.dir/home/pushkino/Documentos/rp2040/pico-sdk/src/rp2_common/pico_bit_ops/bit_ops_aeabi.S.o
 .text.__wrap___aeabi_idiv
                0x10001ba8       0x50 CMakeFiles/hello_world_test.dir/home/pushkino/Documentos/rp2040/pico-sdk/src/rp2_common/pico_divider/divider_hardware.S.o
                0x10001ba8                __wrap___aeabi_idivmod
                0x10001ba8                divmod_s32s32
                0x10001ba8                div_s32s32
                0x10001ba8                __wrap___aeabi_idiv
                0x10001bb0                divmod_s32s32_unsafe
                0x10001bdc                divmod_s32s32_savestate
 .text.__wrap___aeabi_uidiv
                0x10001bf8       0x4c CMakeFiles/hello_world_test.dir/home/pushkino/Documentos/rp2040/pico-sdk/src/rp2_common/pico_divider/divider_hardware.S.o
                0x10001bf8                __wrap___aeabi_uidiv
                0x10001bf8                __wrap___aeabi_uidivmod
                0x10001bf8                div_u32u32
                0x10001bf8                divmod_u32u32
                0x10001c00                divmod_u32u32_unsafe
                0x10001c28                divmod_u32u32_savestate
 .text.__wrap___aeabi_ldiv
                0x10001c44      0x424 CMakeFiles/hello_world_test.dir/home/pushkino/Documentos/rp2040/pico-sdk/src/rp2_common/pico_divider/divider_hardware.S.o
                0x10001c44                div_s64s64
                0x10001c44                divmod_s64s64
                0x10001c44                __wrap___aeabi_ldivmod
                0x10001c74                div_u64u64
                0x10001c74                divmod_u64u64
                0x10001c74                __wrap___aeabi_uldivmod
                0x10001c84                divmod_u64u64_savestate
                0x10001ca4                divmod_s64s64_unsafe
                0x10001d2c                divmod_u64u64_unsafe
 .text.__wrap___aeabi_darithmetic
                0x10002068       0x60 CMakeFiles/hello_world_test.dir/home/pushkino/Documentos/rp2040/pico-sdk/src/rp2_common/pico_double/double_aeabi_rp2040.S.o
                0x10002068                __wrap___aeabi_drsub
                0x1000206e                __wrap___aeabi_dsub
                0x10002078                __wrap___aeabi_dadd
                0x10002082                __wrap___aeabi_ddiv
                0x100020b6                __wrap___aeabi_dmul
 .text.__wrap___aeabi_cdcmple
                0x100020c8       0x6c CMakeFiles/hello_world_test.dir/home/pushkino/Documentos/rp2040/pico-sdk/src/rp2_common/pico_double/double_aeabi_rp2040.S.o
                0x100020c8                __wrap___aeabi_cdrcmple
                0x100020d8                __wrap___aeabi_cdcmple
                0x100020d8                __wrap___aeabi_cdcmpeq
 .text.__wrap___aeabi_dcmpeq
                0x10002134       0x10 CMakeFiles/hello_world_test.dir/home/pushkino/Documentos/rp2040/pico-sdk/src/rp2_common/pico_double/double_aeabi_rp2040.S.o
                0x10002134                __wrap___aeabi_dcmpeq
 .text.__wrap___aeabi_dcmplt
                0x10002144        0xc CMakeFiles/hello_world_test.dir/home/pushkino/Documentos/rp2040/pico-sdk/src/rp2_common/pico_double/double_aeabi_rp2040.S.o
                0x10002144                __wrap___aeabi_dcmplt
 .text.__wrap___aeabi_dcmple
                0x10002150       0x10 CMakeFiles/hello_world_test.dir/home/pushkino/Documentos/rp2040/pico-sdk/src/rp2_common/pico_double/double_aeabi_rp2040.S.o
                0x10002150                __wrap___aeabi_dcmple
 .text.__wrap___aeabi_dcmpgt
                0x10002160        0xa CMakeFiles/hello_world_test.dir/home/pushkino/Documentos/rp2040/pico-sdk/src/rp2_common/pico_double/double_aeabi_rp2040.S.o
                0x10002160                __wrap___aeabi_dcmpgt
 .text.__wrap___aeabi_dcmpun
                0x1000216a       0x18 CMakeFiles/hello_world_test.dir/home/pushkino/Documentos/rp2040/pico-sdk/src/rp2_common/pico_double/double_aeabi_rp2040.S.o
                0x1000216a                __wrap___aeabi_dcmpun
 *fill*         0x10002182        0x2 
 .text.__wrap___aeabi_i2d
                0x10002184       0x38 CMakeFiles/hello_world_test.dir/home/pushkino/Documentos/rp2040/pico-sdk/src/rp2_common/pico_double/double_aeabi_rp2040.S.o
                0x10002184                __wrap___aeabi_ui2d
                0x10002184                uint2double
                0x1000218c                __wrap___aeabi_i2d
                0x1000218c                int2double
 .text.__wrap___aeabi_d2iz
                0x100021bc       0x48 CMakeFiles/hello_world_test.dir/home/pushkino/Documentos/rp2040/pico-sdk/src/rp2_common/pico_double/double_aeabi_rp2040.S.o
                0x100021bc                __wrap___aeabi_d2iz
                0x100021bc                double2int_z
 .text.__wrap___aeabi_d2lz
                0x10002204       0x26 CMakeFiles/hello_world_test.dir/home/pushkino/Documentos/rp2040/pico-sdk/src/rp2_common/pico_double/double_aeabi_rp2040.S.o
                0x10002204                __wrap___aeabi_d2lz
                0x10002204                double2int64_z
 *fill*         0x1000222a        0x2 
 .text.double2int64
                0x1000222c       0x10 CMakeFiles/hello_world_test.dir/home/pushkino/Documentos/rp2040/pico-sdk/src/rp2_common/pico_double/double_aeabi_rp2040.S.o
                0x1000222c                double2int64
 .text.double2ufix64
                0x1000223c       0x10 CMakeFiles/hello_world_test.dir/home/pushkino/Documentos/rp2040/pico-sdk/src/rp2_common/pico_double/double_aeabi_rp2040.S.o
                0x1000223c                double2ufix64
                0x1000223c                double2ufix64_z
 .text.__wrap___aeabi_d2f
                0x1000224c       0x10 CMakeFiles/hello_world_test.dir/home/pushkino/Documentos/rp2040/pico-sdk/src/rp2_common/pico_double/double_aeabi_rp2040.S.o
                0x1000224c                __wrap___aeabi_d2f
 .text.missing_double_func_shim
                0x1000225c        0xc CMakeFiles/hello_world_test.dir/home/pushkino/Documentos/rp2040/pico-sdk/src/rp2_common/pico_double/double_init_rom_rp2040.c.o
 .text.__aeabi_double_init
                0x10002268       0xa0 CMakeFiles/hello_world_test.dir/home/pushkino/Documentos/rp2040/pico-sdk/src/rp2_common/pico_double/double_init_rom_rp2040.c.o
                0x10002268                __aeabi_double_init
 .text.__wrap_round
                0x10002308       0x9c CMakeFiles/hello_world_test.dir/home/pushkino/Documentos/rp2040/pico-sdk/src/rp2_common/pico_double/double_math.c.o
                0x10002308                __wrap_round
 .text.double_table_shim_on_use_helper
                0x100023a4       0x2c CMakeFiles/hello_world_test.dir/home/pushkino/Documentos/rp2040/pico-sdk/src/rp2_common/pico_double/double_v1_rom_shim_rp2040.S.o
                0x100023a4                double_table_shim_on_use_helper
 .text.__aeabi_lmul
                0x100023d0       0x32 CMakeFiles/hello_world_test.dir/home/pushkino/Documentos/rp2040/pico-sdk/src/rp2_common/pico_int64_ops/pico_int64_ops_aeabi.S.o
                0x100023d0                __wrap___aeabi_lmul
 *fill*         0x10002402        0x2 
 .text.__wrap___aeabi_farithmetic
                0x10002404       0x48 CMakeFiles/hello_world_test.dir/home/pushkino/Documentos/rp2040/pico-sdk/src/rp2_common/pico_float/float_aeabi_rp2040.S.o
                0x10002404                __wrap___aeabi_frsub
                0x1000240a                __wrap___aeabi_fsub
                0x10002410                __wrap___aeabi_fadd
                0x10002416                __wrap___aeabi_fdiv
                0x1000243e                __wrap___aeabi_fmul
 .text.__wrap___aeabi_cfcmple
                0x1000244c       0x50 CMakeFiles/hello_world_test.dir/home/pushkino/Documentos/rp2040/pico-sdk/src/rp2_common/pico_float/float_aeabi_rp2040.S.o
                0x1000244c                __wrap___aeabi_cfrcmple
                0x10002458                __wrap___aeabi_cfcmpeq
                0x10002458                __wrap___aeabi_cfcmple
 .text.__wrap___aeabi_fcmplt
                0x1000249c        0xc CMakeFiles/hello_world_test.dir/home/pushkino/Documentos/rp2040/pico-sdk/src/rp2_common/pico_float/float_aeabi_rp2040.S.o
                0x1000249c                __wrap___aeabi_fcmplt
 .text.__wrap___aeabi_fcmple
                0x100024a8       0x10 CMakeFiles/hello_world_test.dir/home/pushkino/Documentos/rp2040/pico-sdk/src/rp2_common/pico_float/float_aeabi_rp2040.S.o
                0x100024a8                __wrap___aeabi_fcmple
 .text.__wrap___aeabi_fcmpge
                0x100024b8       0x10 CMakeFiles/hello_world_test.dir/home/pushkino/Documentos/rp2040/pico-sdk/src/rp2_common/pico_float/float_aeabi_rp2040.S.o
                0x100024b8                __wrap___aeabi_fcmpge
 .text.__wrap___aeabi_fcmpgt
                0x100024c8        0xa CMakeFiles/hello_world_test.dir/home/pushkino/Documentos/rp2040/pico-sdk/src/rp2_common/pico_float/float_aeabi_rp2040.S.o
                0x100024c8                __wrap___aeabi_fcmpgt
 *fill*         0x100024d2        0x2 
 .text.__wrap___aeabi_i2f
                0x100024d4       0x44 CMakeFiles/hello_world_test.dir/home/pushkino/Documentos/rp2040/pico-sdk/src/rp2_common/pico_float/float_aeabi_rp2040.S.o
                0x100024d4                int2float
                0x100024d4                __wrap___aeabi_i2f
 .text.__wrap___aeabi_f2iz
                0x10002518       0x4e CMakeFiles/hello_world_test.dir/home/pushkino/Documentos/rp2040/pico-sdk/src/rp2_common/pico_float/float_aeabi_rp2040.S.o
                0x10002518                __wrap___aeabi_f2iz
                0x10002518                float2int_z
 *fill*         0x10002566        0x2 
 .text.float2int
                0x10002568        0xc CMakeFiles/hello_world_test.dir/home/pushkino/Documentos/rp2040/pico-sdk/src/rp2_common/pico_float/float_aeabi_rp2040.S.o
                0x10002568                float2int
 .text.__wrap___aeabi_f2uiz
                0x10002574        0xc CMakeFiles/hello_world_test.dir/home/pushkino/Documentos/rp2040/pico-sdk/src/rp2_common/pico_float/float_aeabi_rp2040.S.o
                0x10002574                float2uint
                0x10002574                float2uint_z
                0x10002574                __wrap___aeabi_f2uiz
 .text.fix2float
                0x10002580        0xc CMakeFiles/hello_world_test.dir/home/pushkino/Documentos/rp2040/pico-sdk/src/rp2_common/pico_float/float_aeabi_rp2040.S.o
                0x10002580                fix2float
 .text.__wrap___aeabi_f2d
                0x1000258c        0xc CMakeFiles/hello_world_test.dir/home/pushkino/Documentos/rp2040/pico-sdk/src/rp2_common/pico_float/float_aeabi_rp2040.S.o
                0x1000258c                __wrap___aeabi_f2d
 .text.__wrap_sinf
                0x10002598       0x24 CMakeFiles/hello_world_test.dir/home/pushkino/Documentos/rp2040/pico-sdk/src/rp2_common/pico_float/float_aeabi_rp2040.S.o
                0x10002598                __wrap_sinf
 .text.missing_float_func_shim
                0x100025bc        0xc CMakeFiles/hello_world_test.dir/home/pushkino/Documentos/rp2040/pico-sdk/src/rp2_common/pico_float/float_init_rom_rp2040.c.o
 .text.__aeabi_float_init
                0x100025c8       0x5c CMakeFiles/hello_world_test.dir/home/pushkino/Documentos/rp2040/pico-sdk/src/rp2_common/pico_float/float_init_rom_rp2040.c.o
                0x100025c8                __aeabi_float_init
 .text.__wrap_remquof
                0x10002624      0x144 CMakeFiles/hello_world_test.dir/home/pushkino/Documentos/rp2040/pico-sdk/src/rp2_common/pico_float/float_math.c.o
                0x10002624                __wrap_remquof
 .text.__wrap_remainderf
                0x10002768        0xc CMakeFiles/hello_world_test.dir/home/pushkino/Documentos/rp2040/pico-sdk/src/rp2_common/pico_float/float_math.c.o
                0x10002768                __wrap_remainderf
 .text          0x10002774       0x10 CMakeFiles/hello_world_test.dir/home/pushkino/Documentos/rp2040/pico-sdk/src/rp2_common/pico_mem_ops/mem_ops_aeabi.S.o
                0x10002774                __aeabi_mem_init
 .text.memset   0x10002784        0xc CMakeFiles/hello_world_test.dir/home/pushkino/Documentos/rp2040/pico-sdk/src/rp2_common/pico_mem_ops/mem_ops_aeabi.S.o
                0x10002784                __wrap_memset
 .text.memcpy   0x10002790        0xc CMakeFiles/hello_world_test.dir/home/pushkino/Documentos/rp2040/pico-sdk/src/rp2_common/pico_mem_ops/mem_ops_aeabi.S.o
                0x10002790                __wrap___aeabi_memcpy
                0x10002790                __wrap_memcpy
 .text._out_char
                0x1000279c       0x10 CMakeFiles/hello_world_test.dir/home/pushkino/Documentos/rp2040/pico-sdk/src/rp2_common/pico_printf/printf.c.o
 .text.weak_raw_printf
                0x100027ac       0x40 CMakeFiles/hello_world_test.dir/home/pushkino/Documentos/rp2040/pico-sdk/src/rp2_common/pico_printf/printf.c.o
                0x100027ac                weak_raw_printf
 .text.weak_raw_vprintf
                0x100027ec       0x30 CMakeFiles/hello_world_test.dir/home/pushkino/Documentos/rp2040/pico-sdk/src/rp2_common/pico_printf/printf.c.o
                0x100027ec                weak_raw_vprintf
 .text._exit    0x1000281c        0x4 CMakeFiles/hello_world_test.dir/home/pushkino/Documentos/rp2040/pico-sdk/src/rp2_common/pico_clib_interface/newlib_interface.c.o
                0x1000281c                _exit
 .text._sbrk    0x10002820       0x34 CMakeFiles/hello_world_test.dir/home/pushkino/Documentos/rp2040/pico-sdk/src/rp2_common/pico_clib_interface/newlib_interface.c.o
                0x10002820                _sbrk
 .text._getpid  0x10002854        0x4 CMakeFiles/hello_world_test.dir/home/pushkino/Documentos/rp2040/pico-sdk/src/rp2_common/pico_clib_interface/newlib_interface.c.o
                0x10002854                _getpid
 .text._kill    0x10002858        0x8 CMakeFiles/hello_world_test.dir/home/pushkino/Documentos/rp2040/pico-sdk/src/rp2_common/pico_clib_interface/newlib_interface.c.o
                0x10002858                _kill
 .text._read    0x10002860       0x24 CMakeFiles/hello_world_test.dir/home/pushkino/Documentos/rp2040/pico-sdk/src/rp2_common/pico_clib_interface/newlib_interface.c.o
                0x10002860                _read
 .text._write   0x10002884       0x24 CMakeFiles/hello_world_test.dir/home/pushkino/Documentos/rp2040/pico-sdk/src/rp2_common/pico_clib_interface/newlib_interface.c.o
                0x10002884                _write
 .text._close   0x100028a8        0x8 CMakeFiles/hello_world_test.dir/home/pushkino/Documentos/rp2040/pico-sdk/src/rp2_common/pico_clib_interface/newlib_interface.c.o
                0x100028a8                _close
 .text._lseek   0x100028b0        0x8 CMakeFiles/hello_world_test.dir/home/pushkino/Documentos/rp2040/pico-sdk/src/rp2_common/pico_clib_interface/newlib_interface.c.o
                0x100028b0                _lseek
 .text._fstat   0x100028b8        0x8 CMakeFiles/hello_world_test.dir/home/pushkino/Documentos/rp2040/pico-sdk/src/rp2_common/pico_clib_interface/newlib_interface.c.o
                0x100028b8                _fstat
 .text._isatty  0x100028c0        0xc CMakeFiles/hello_world_test.dir/home/pushkino/Documentos/rp2040/pico-sdk/src/rp2_common/pico_clib_interface/newlib_interface.c.o
                0x100028c0                _isatty
 .text.exit     0x100028cc        0x8 CMakeFiles/hello_world_test.dir/home/pushkino/Documentos/rp2040/pico-sdk/src/rp2_common/pico_clib_interface/newlib_interface.c.o
                0x100028cc                exit
 .text.__assert_func
                0x100028d4       0x38 CMakeFiles/hello_world_test.dir/home/pushkino/Documentos/rp2040/pico-sdk/src/rp2_common/pico_clib_interface/newlib_interface.c.o
                0x100028d4                __assert_func
 .text.runtime_init
                0x1000290c       0x2c CMakeFiles/hello_world_test.dir/home/pushkino/Documentos/rp2040/pico-sdk/src/rp2_common/pico_clib_interface/newlib_interface.c.o
                0x1000290c                runtime_init
 .text.stdio_out_chars_no_crlf
                0x10002938       0x10 CMakeFiles/hello_world_test.dir/home/pushkino/Documentos/rp2040/pico-sdk/src/rp2_common/pico_stdio/stdio.c.o
 .text.stdio_out_chars_crlf
                0x10002948       0x94 CMakeFiles/hello_world_test.dir/home/pushkino/Documentos/rp2040/pico-sdk/src/rp2_common/pico_stdio/stdio.c.o
 .text.stdio_put_string
                0x100029dc      0x100 CMakeFiles/hello_world_test.dir/home/pushkino/Documentos/rp2040/pico-sdk/src/rp2_common/pico_stdio/stdio.c.o
                0x100029dc                stdio_put_string
 .text.stdio_get_until
                0x10002adc       0x84 CMakeFiles/hello_world_test.dir/home/pushkino/Documentos/rp2040/pico-sdk/src/rp2_common/pico_stdio/stdio.c.o
                0x10002adc                stdio_get_until
 .text.stdio_set_driver_enabled
                0x10002b60       0x30 CMakeFiles/hello_world_test.dir/home/pushkino/Documentos/rp2040/pico-sdk/src/rp2_common/pico_stdio/stdio.c.o
                0x10002b60                stdio_set_driver_enabled
 .text.stdio_init_all
                0x10002b90        0x8 CMakeFiles/hello_world_test.dir/home/pushkino/Documentos/rp2040/pico-sdk/src/rp2_common/pico_stdio/stdio.c.o
                0x10002b90                stdio_init_all
 .text.__wrap_putchar
                0x10002b98       0x98 CMakeFiles/hello_world_test.dir/home/pushkino/Documentos/rp2040/pico-sdk/src/rp2_common/pico_stdio/stdio.c.o
                0x10002b98                stdio_putchar
                0x10002b98                __wrap_putchar
 .text.__wrap_puts
                0x10002c30       0x3c CMakeFiles/hello_world_test.dir/home/pushkino/Documentos/rp2040/pico-sdk/src/rp2_common/pico_stdio/stdio.c.o
                0x10002c30                __wrap_puts
                0x10002c30                stdio_puts
 .text.resetd_init
                0x10002c6c        0x4 CMakeFiles/hello_world_test.dir/home/pushkino/Documentos/rp2040/pico-sdk/src/rp2_common/pico_stdio_usb/reset_interface.c.o
 .text.resetd_reset
                0x10002c70        0xc CMakeFiles/hello_world_test.dir/home/pushkino/Documentos/rp2040/pico-sdk/src/rp2_common/pico_stdio_usb/reset_interface.c.o
 .text.resetd_open
                0x10002c7c       0x28 CMakeFiles/hello_world_test.dir/home/pushkino/Documentos/rp2040/pico-sdk/src/rp2_common/pico_stdio_usb/reset_interface.c.o
 .text.resetd_xfer_cb
                0x10002ca4        0x4 CMakeFiles/hello_world_test.dir/home/pushkino/Documentos/rp2040/pico-sdk/src/rp2_common/pico_stdio_usb/reset_interface.c.o
 .text.resetd_control_xfer_cb
                0x10002ca8       0x5c CMakeFiles/hello_world_test.dir/home/pushkino/Documentos/rp2040/pico-sdk/src/rp2_common/pico_stdio_usb/reset_interface.c.o
 .text.tud_descriptor_bos_cb
                0x10002d04        0x8 CMakeFiles/hello_world_test.dir/home/pushkino/Documentos/rp2040/pico-sdk/src/rp2_common/pico_stdio_usb/reset_interface.c.o
                0x10002d04                tud_descriptor_bos_cb
 .text.tud_vendor_control_xfer_cb
                0x10002d0c       0x34 CMakeFiles/hello_world_test.dir/home/pushkino/Documentos/rp2040/pico-sdk/src/rp2_common/pico_stdio_usb/reset_interface.c.o
                0x10002d0c                tud_vendor_control_xfer_cb
 .text.usbd_app_driver_get_cb
                0x10002d40        0xc CMakeFiles/hello_world_test.dir/home/pushkino/Documentos/rp2040/pico-sdk/src/rp2_common/pico_stdio_usb/reset_interface.c.o
                0x10002d40                usbd_app_driver_get_cb
 .text.tud_cdc_line_coding_cb
                0x10002d4c       0x2c CMakeFiles/hello_world_test.dir/home/pushkino/Documentos/rp2040/pico-sdk/src/rp2_common/pico_stdio_usb/reset_interface.c.o
                0x10002d4c                tud_cdc_line_coding_cb
 .text.stdio_usb_set_chars_available_callback
                0x10002d78       0x14 CMakeFiles/hello_world_test.dir/home/pushkino/Documentos/rp2040/pico-sdk/src/rp2_common/pico_stdio_usb/stdio_usb.c.o
                0x10002d78                stdio_usb_set_chars_available_callback
 .text.usb_irq  0x10002d8c       0x10 CMakeFiles/hello_world_test.dir/home/pushkino/Documentos/rp2040/pico-sdk/src/rp2_common/pico_stdio_usb/stdio_usb.c.o
 .text.timer_task
                0x10002d9c       0x64 CMakeFiles/hello_world_test.dir/home/pushkino/Documentos/rp2040/pico-sdk/src/rp2_common/pico_stdio_usb/stdio_usb.c.o
 .text.stdio_usb_in_chars
                0x10002e00       0x90 CMakeFiles/hello_world_test.dir/home/pushkino/Documentos/rp2040/pico-sdk/src/rp2_common/pico_stdio_usb/stdio_usb.c.o
                0x10002e00                stdio_usb_in_chars
 .text.stdio_usb_out_flush
                0x10002e90       0x50 CMakeFiles/hello_world_test.dir/home/pushkino/Documentos/rp2040/pico-sdk/src/rp2_common/pico_stdio_usb/stdio_usb.c.o
 .text.stdio_usb_out_chars
                0x10002ee0      0x104 CMakeFiles/hello_world_test.dir/home/pushkino/Documentos/rp2040/pico-sdk/src/rp2_common/pico_stdio_usb/stdio_usb.c.o
 .text.low_priority_worker_irq
                0x10002fe4       0xcc CMakeFiles/hello_world_test.dir/home/pushkino/Documentos/rp2040/pico-sdk/src/rp2_common/pico_stdio_usb/stdio_usb.c.o
 .text.stdio_usb_init
                0x100030b0       0xec CMakeFiles/hello_world_test.dir/home/pushkino/Documentos/rp2040/pico-sdk/src/rp2_common/pico_stdio_usb/stdio_usb.c.o
                0x100030b0                stdio_usb_init
 .text.tud_descriptor_device_cb
                0x1000319c        0x8 CMakeFiles/hello_world_test.dir/home/pushkino/Documentos/rp2040/pico-sdk/src/rp2_common/pico_stdio_usb/stdio_usb_descriptors.c.o
                0x1000319c                tud_descriptor_device_cb
 .text.tud_descriptor_configuration_cb
                0x100031a4        0x8 CMakeFiles/hello_world_test.dir/home/pushkino/Documentos/rp2040/pico-sdk/src/rp2_common/pico_stdio_usb/stdio_usb_descriptors.c.o
                0x100031a4                tud_descriptor_configuration_cb
 .text.tud_descriptor_string_cb
                0x100031ac       0x78 CMakeFiles/hello_world_test.dir/home/pushkino/Documentos/rp2040/pico-sdk/src/rp2_common/pico_stdio_usb/stdio_usb_descriptors.c.o
                0x100031ac                tud_descriptor_string_cb
 .text.startup._retrieve_unique_id_on_boot
                0x10003224       0x10 CMakeFiles/hello_world_test.dir/home/pushkino/Documentos/rp2040/pico-sdk/src/rp2_common/pico_unique_id/unique_id.c.o
 .text.pico_get_unique_board_id_string
                0x10003234      0x1a8 CMakeFiles/hello_world_test.dir/home/pushkino/Documentos/rp2040/pico-sdk/src/rp2_common/pico_unique_id/unique_id.c.o
                0x10003234                pico_get_unique_board_id_string
 .text.flash_get_unique_id
                0x100033dc       0x3c CMakeFiles/hello_world_test.dir/home/pushkino/Documentos/rp2040/pico-sdk/src/rp2_common/hardware_flash/flash.c.o
                0x100033dc                flash_get_unique_id
 .text.dcd_init
                0x10003418       0x90 CMakeFiles/hello_world_test.dir/home/pushkino/Documentos/rp2040/pico-sdk/lib/tinyusb/src/portable/raspberrypi/rp2040/dcd_rp2040.c.o
                0x10003418                dcd_init
 .text.dcd_int_enable
                0x100034a8        0xc CMakeFiles/hello_world_test.dir/home/pushkino/Documentos/rp2040/pico-sdk/lib/tinyusb/src/portable/raspberrypi/rp2040/dcd_rp2040.c.o
                0x100034a8                dcd_int_enable
 .text.dcd_set_address
                0x100034b4       0x14 CMakeFiles/hello_world_test.dir/home/pushkino/Documentos/rp2040/pico-sdk/lib/tinyusb/src/portable/raspberrypi/rp2040/dcd_rp2040.c.o
                0x100034b4                dcd_set_address
 .text.dcd_sof_enable
                0x100034c8       0x1c CMakeFiles/hello_world_test.dir/home/pushkino/Documentos/rp2040/pico-sdk/lib/tinyusb/src/portable/raspberrypi/rp2040/dcd_rp2040.c.o
                0x100034c8                dcd_sof_enable
 .text.dcd_edpt0_status_complete
                0x100034e4       0x1c CMakeFiles/hello_world_test.dir/home/pushkino/Documentos/rp2040/pico-sdk/lib/tinyusb/src/portable/raspberrypi/rp2040/dcd_rp2040.c.o
                0x100034e4                dcd_edpt0_status_complete
 .text.dcd_edpt_open
                0x10003500      0x114 CMakeFiles/hello_world_test.dir/home/pushkino/Documentos/rp2040/pico-sdk/lib/tinyusb/src/portable/raspberrypi/rp2040/dcd_rp2040.c.o
                0x10003500                dcd_edpt_open
 .text.dcd_edpt_close_all
                0x10003614        0x8 CMakeFiles/hello_world_test.dir/home/pushkino/Documentos/rp2040/pico-sdk/lib/tinyusb/src/portable/raspberrypi/rp2040/dcd_rp2040.c.o
                0x10003614                dcd_edpt_close_all
 .text.dcd_edpt_xfer
                0x1000361c       0x24 CMakeFiles/hello_world_test.dir/home/pushkino/Documentos/rp2040/pico-sdk/lib/tinyusb/src/portable/raspberrypi/rp2040/dcd_rp2040.c.o
                0x1000361c                dcd_edpt_xfer
 .text.dcd_edpt_stall
                0x10003640       0x34 CMakeFiles/hello_world_test.dir/home/pushkino/Documentos/rp2040/pico-sdk/lib/tinyusb/src/portable/raspberrypi/rp2040/dcd_rp2040.c.o
                0x10003640                dcd_edpt_stall
 .text.dcd_edpt_clear_stall
                0x10003674       0x30 CMakeFiles/hello_world_test.dir/home/pushkino/Documentos/rp2040/pico-sdk/lib/tinyusb/src/portable/raspberrypi/rp2040/dcd_rp2040.c.o
                0x10003674                dcd_edpt_clear_stall
 .text.rp2040_usb_init
                0x100036a4       0x40 CMakeFiles/hello_world_test.dir/home/pushkino/Documentos/rp2040/pico-sdk/lib/tinyusb/src/portable/raspberrypi/rp2040/rp2040_usb.c.o
                0x100036a4                rp2040_usb_init
 .text.hw_endpoint_xfer_start
                0x100036e4       0x40 CMakeFiles/hello_world_test.dir/home/pushkino/Documentos/rp2040/pico-sdk/lib/tinyusb/src/portable/raspberrypi/rp2040/rp2040_usb.c.o
                0x100036e4                hw_endpoint_xfer_start
 .text.tud_event_hook_cb
                0x10003724        0x4 CMakeFiles/hello_world_test.dir/home/pushkino/Documentos/rp2040/pico-sdk/lib/tinyusb/src/device/usbd.c.o
                0x10003724                tud_event_hook_cb
 .text.tud_sof_cb
                0x10003728        0x4 CMakeFiles/hello_world_test.dir/home/pushkino/Documentos/rp2040/pico-sdk/lib/tinyusb/src/device/usbd.c.o
                0x10003728                tud_sof_cb
 .text.tud_descriptor_device_qualifier_cb
                0x1000372c        0x4 CMakeFiles/hello_world_test.dir/home/pushkino/Documentos/rp2040/pico-sdk/lib/tinyusb/src/device/usbd.c.o
                0x1000372c                tud_descriptor_device_qualifier_cb
 .text.tud_descriptor_other_speed_configuration_cb
                0x10003730        0x4 CMakeFiles/hello_world_test.dir/home/pushkino/Documentos/rp2040/pico-sdk/lib/tinyusb/src/device/usbd.c.o
                0x10003730                tud_descriptor_other_speed_configuration_cb
 .text.tud_mount_cb
                0x10003734        0x4 CMakeFiles/hello_world_test.dir/home/pushkino/Documentos/rp2040/pico-sdk/lib/tinyusb/src/device/usbd.c.o
                0x10003734                tud_mount_cb
 .text.tud_umount_cb
                0x10003738        0x4 CMakeFiles/hello_world_test.dir/home/pushkino/Documentos/rp2040/pico-sdk/lib/tinyusb/src/device/usbd.c.o
                0x10003738                tud_umount_cb
 .text.tud_suspend_cb
                0x1000373c        0x4 CMakeFiles/hello_world_test.dir/home/pushkino/Documentos/rp2040/pico-sdk/lib/tinyusb/src/device/usbd.c.o
                0x1000373c                tud_suspend_cb
 .text.tud_resume_cb
                0x10003740        0x4 CMakeFiles/hello_world_test.dir/home/pushkino/Documentos/rp2040/pico-sdk/lib/tinyusb/src/device/usbd.c.o
                0x10003740                tud_resume_cb
 .text.tud_mounted
                0x10003744       0x10 CMakeFiles/hello_world_test.dir/home/pushkino/Documentos/rp2040/pico-sdk/lib/tinyusb/src/device/usbd.c.o
                0x10003744                tud_mounted
 .text.tud_suspended
                0x10003754       0x10 CMakeFiles/hello_world_test.dir/home/pushkino/Documentos/rp2040/pico-sdk/lib/tinyusb/src/device/usbd.c.o
                0x10003754                tud_suspended
 .text.tud_rhport_init
                0x10003764       0xfc CMakeFiles/hello_world_test.dir/home/pushkino/Documentos/rp2040/pico-sdk/lib/tinyusb/src/device/usbd.c.o
                0x10003764                tud_rhport_init
 .text.tud_task_ext
                0x10003860      0x800 CMakeFiles/hello_world_test.dir/home/pushkino/Documentos/rp2040/pico-sdk/lib/tinyusb/src/device/usbd.c.o
                0x10003860                tud_task_ext
 .text.usbd_open_edpt_pair
                0x10004060       0x9c CMakeFiles/hello_world_test.dir/home/pushkino/Documentos/rp2040/pico-sdk/lib/tinyusb/src/device/usbd.c.o
                0x10004060                usbd_open_edpt_pair
 .text.usbd_edpt_open
                0x100040fc       0x34 CMakeFiles/hello_world_test.dir/home/pushkino/Documentos/rp2040/pico-sdk/lib/tinyusb/src/device/usbd.c.o
                0x100040fc                usbd_edpt_open
 .text.usbd_edpt_claim
                0x10004130       0x28 CMakeFiles/hello_world_test.dir/home/pushkino/Documentos/rp2040/pico-sdk/lib/tinyusb/src/device/usbd.c.o
                0x10004130                usbd_edpt_claim
 .text.usbd_edpt_release
                0x10004158       0x28 CMakeFiles/hello_world_test.dir/home/pushkino/Documentos/rp2040/pico-sdk/lib/tinyusb/src/device/usbd.c.o
                0x10004158                usbd_edpt_release
 .text.usbd_edpt_xfer
                0x10004180       0x4c CMakeFiles/hello_world_test.dir/home/pushkino/Documentos/rp2040/pico-sdk/lib/tinyusb/src/device/usbd.c.o
                0x10004180                usbd_edpt_xfer
 .text.tud_control_status
                0x100041cc       0x2c CMakeFiles/hello_world_test.dir/home/pushkino/Documentos/rp2040/pico-sdk/lib/tinyusb/src/device/usbd_control.c.o
                0x100041cc                tud_control_status
 .text.tud_control_xfer
                0x100041f8       0xac CMakeFiles/hello_world_test.dir/home/pushkino/Documentos/rp2040/pico-sdk/lib/tinyusb/src/device/usbd_control.c.o
                0x100041f8                tud_control_xfer
 .text.usbd_control_reset
                0x100042a4       0x14 CMakeFiles/hello_world_test.dir/home/pushkino/Documentos/rp2040/pico-sdk/lib/tinyusb/src/device/usbd_control.c.o
                0x100042a4                usbd_control_reset
 .text.usbd_control_set_complete_callback
                0x100042b8        0xc CMakeFiles/hello_world_test.dir/home/pushkino/Documentos/rp2040/pico-sdk/lib/tinyusb/src/device/usbd_control.c.o
                0x100042b8                usbd_control_set_complete_callback
 .text.usbd_control_set_request
                0x100042c4       0x1c CMakeFiles/hello_world_test.dir/home/pushkino/Documentos/rp2040/pico-sdk/lib/tinyusb/src/device/usbd_control.c.o
                0x100042c4                usbd_control_set_request
 .text.usbd_control_xfer_cb
                0x100042e0       0xec CMakeFiles/hello_world_test.dir/home/pushkino/Documentos/rp2040/pico-sdk/lib/tinyusb/src/device/usbd_control.c.o
                0x100042e0                usbd_control_xfer_cb
 .text._prep_out_transaction.isra.0
                0x100043cc       0x6c CMakeFiles/hello_world_test.dir/home/pushkino/Documentos/rp2040/pico-sdk/lib/tinyusb/src/class/cdc/cdc_device.c.o
 .text.tud_cdc_n_connected
                0x10004438       0x2c CMakeFiles/hello_world_test.dir/home/pushkino/Documentos/rp2040/pico-sdk/lib/tinyusb/src/class/cdc/cdc_device.c.o
                0x10004438                tud_cdc_n_connected
 .text.tud_cdc_n_available
                0x10004464       0x14 CMakeFiles/hello_world_test.dir/home/pushkino/Documentos/rp2040/pico-sdk/lib/tinyusb/src/class/cdc/cdc_device.c.o
                0x10004464                tud_cdc_n_available
 .text.tud_cdc_n_read
                0x10004478       0x94 CMakeFiles/hello_world_test.dir/home/pushkino/Documentos/rp2040/pico-sdk/lib/tinyusb/src/class/cdc/cdc_device.c.o
                0x10004478                tud_cdc_n_read
 .text.tud_cdc_n_write_flush
                0x1000450c       0x74 CMakeFiles/hello_world_test.dir/home/pushkino/Documentos/rp2040/pico-sdk/lib/tinyusb/src/class/cdc/cdc_device.c.o
                0x1000450c                tud_cdc_n_write_flush
 .text.tud_cdc_n_write
                0x10004580       0x40 CMakeFiles/hello_world_test.dir/home/pushkino/Documentos/rp2040/pico-sdk/lib/tinyusb/src/class/cdc/cdc_device.c.o
                0x10004580                tud_cdc_n_write
 .text.tud_cdc_n_write_available
                0x100045c0       0x14 CMakeFiles/hello_world_test.dir/home/pushkino/Documentos/rp2040/pico-sdk/lib/tinyusb/src/class/cdc/cdc_device.c.o
                0x100045c0                tud_cdc_n_write_available
 .text.cdcd_init
                0x100045d4       0x70 CMakeFiles/hello_world_test.dir/home/pushkino/Documentos/rp2040/pico-sdk/lib/tinyusb/src/class/cdc/cdc_device.c.o
                0x100045d4                cdcd_init
 .text.cdcd_deinit
                0x10004644       0x34 CMakeFiles/hello_world_test.dir/home/pushkino/Documentos/rp2040/pico-sdk/lib/tinyusb/src/class/cdc/cdc_device.c.o
                0x10004644                cdcd_deinit
 .text.cdcd_reset
                0x10004678       0x4c CMakeFiles/hello_world_test.dir/home/pushkino/Documentos/rp2040/pico-sdk/lib/tinyusb/src/class/cdc/cdc_device.c.o
                0x10004678                cdcd_reset
 .text.cdcd_open
                0x100046c4       0xa8 CMakeFiles/hello_world_test.dir/home/pushkino/Documentos/rp2040/pico-sdk/lib/tinyusb/src/class/cdc/cdc_device.c.o
                0x100046c4                cdcd_open
 .text.cdcd_control_xfer_cb
                0x1000476c       0xe8 CMakeFiles/hello_world_test.dir/home/pushkino/Documentos/rp2040/pico-sdk/lib/tinyusb/src/class/cdc/cdc_device.c.o
                0x1000476c                cdcd_control_xfer_cb
 .text.cdcd_xfer_cb
                0x10004854      0x100 CMakeFiles/hello_world_test.dir/home/pushkino/Documentos/rp2040/pico-sdk/lib/tinyusb/src/class/cdc/cdc_device.c.o
                0x10004854                cdcd_xfer_cb
 .text.vendord_init
                0x10004954       0x5c CMakeFiles/hello_world_test.dir/home/pushkino/Documentos/rp2040/pico-sdk/lib/tinyusb/src/class/vendor/vendor_device.c.o
                0x10004954                vendord_init
 .text.vendord_deinit
                0x100049b0       0x1c CMakeFiles/hello_world_test.dir/home/pushkino/Documentos/rp2040/pico-sdk/lib/tinyusb/src/class/vendor/vendor_device.c.o
                0x100049b0                vendord_deinit
 .text.vendord_reset
                0x100049cc       0x28 CMakeFiles/hello_world_test.dir/home/pushkino/Documentos/rp2040/pico-sdk/lib/tinyusb/src/class/vendor/vendor_device.c.o
                0x100049cc                vendord_reset
 .text.vendord_open
                0x100049f4      0x128 CMakeFiles/hello_world_test.dir/home/pushkino/Documentos/rp2040/pico-sdk/lib/tinyusb/src/class/vendor/vendor_device.c.o
                0x100049f4                vendord_open
 .text.vendord_xfer_cb
                0x10004b1c       0x9c CMakeFiles/hello_world_test.dir/home/pushkino/Documentos/rp2040/pico-sdk/lib/tinyusb/src/class/vendor/vendor_device.c.o
                0x10004b1c                vendord_xfer_cb
 .text.tusb_rhport_init
                0x10004bb8       0x48 CMakeFiles/hello_world_test.dir/home/pushkino/Documentos/rp2040/pico-sdk/lib/tinyusb/src/tusb.c.o
                0x10004bb8                tusb_rhport_init
 .text.tu_edpt_claim
                0x10004c00       0x50 CMakeFiles/hello_world_test.dir/home/pushkino/Documentos/rp2040/pico-sdk/lib/tinyusb/src/tusb.c.o
                0x10004c00                tu_edpt_claim
 .text.tu_edpt_release
                0x10004c50       0x38 CMakeFiles/hello_world_test.dir/home/pushkino/Documentos/rp2040/pico-sdk/lib/tinyusb/src/tusb.c.o
                0x10004c50                tu_edpt_release
 .text.tu_edpt_validate
                0x10004c88       0x7c CMakeFiles/hello_world_test.dir/home/pushkino/Documentos/rp2040/pico-sdk/lib/tinyusb/src/tusb.c.o
                0x10004c88                tu_edpt_validate
 .text.tu_edpt_bind_driver
                0x10004d04       0x34 CMakeFiles/hello_world_test.dir/home/pushkino/Documentos/rp2040/pico-sdk/lib/tinyusb/src/tusb.c.o
                0x10004d04                tu_edpt_bind_driver
 .text.tu_edpt_stream_init
                0x10004d38       0x6c CMakeFiles/hello_world_test.dir/home/pushkino/Documentos/rp2040/pico-sdk/lib/tinyusb/src/tusb.c.o
                0x10004d38                tu_edpt_stream_init
 .text.tu_edpt_stream_deinit
                0x10004da4        0x4 CMakeFiles/hello_world_test.dir/home/pushkino/Documentos/rp2040/pico-sdk/lib/tinyusb/src/tusb.c.o
                0x10004da4                tu_edpt_stream_deinit
 .text.tu_edpt_stream_write_zlp_if_needed
                0x10004da8       0x68 CMakeFiles/hello_world_test.dir/home/pushkino/Documentos/rp2040/pico-sdk/lib/tinyusb/src/tusb.c.o
                0x10004da8                tu_edpt_stream_write_zlp_if_needed
 .text.tu_edpt_stream_write_xfer
                0x10004e10       0x64 CMakeFiles/hello_world_test.dir/home/pushkino/Documentos/rp2040/pico-sdk/lib/tinyusb/src/tusb.c.o
                0x10004e10                tu_edpt_stream_write_xfer
 .text.tu_edpt_stream_read_xfer
                0x10004e74       0xdc CMakeFiles/hello_world_test.dir/home/pushkino/Documentos/rp2040/pico-sdk/lib/tinyusb/src/tusb.c.o
                0x10004e74                tu_edpt_stream_read_xfer
 .text.tu_fifo_config
                0x10004f50       0x6c CMakeFiles/hello_world_test.dir/home/pushkino/Documentos/rp2040/pico-sdk/lib/tinyusb/src/common/tusb_fifo.c.o
                0x10004f50                tu_fifo_config
 .text.tu_fifo_count
                0x10004fbc       0x2c CMakeFiles/hello_world_test.dir/home/pushkino/Documentos/rp2040/pico-sdk/lib/tinyusb/src/common/tusb_fifo.c.o
                0x10004fbc                tu_fifo_count
 .text.tu_fifo_empty
                0x10004fe8       0x10 CMakeFiles/hello_world_test.dir/home/pushkino/Documentos/rp2040/pico-sdk/lib/tinyusb/src/common/tusb_fifo.c.o
                0x10004fe8                tu_fifo_empty
 .text.tu_fifo_remaining
                0x10004ff8       0x2c CMakeFiles/hello_world_test.dir/home/pushkino/Documentos/rp2040/pico-sdk/lib/tinyusb/src/common/tusb_fifo.c.o
                0x10004ff8                tu_fifo_remaining
 .text.tu_fifo_read
                0x10005024       0x9c CMakeFiles/hello_world_test.dir/home/pushkino/Documentos/rp2040/pico-sdk/lib/tinyusb/src/common/tusb_fifo.c.o
                0x10005024                tu_fifo_read
 .text.tu_fifo_read_n
                0x100050c0       0xe8 CMakeFiles/hello_world_test.dir/home/pushkino/Documentos/rp2040/pico-sdk/lib/tinyusb/src/common/tusb_fifo.c.o
                0x100050c0                tu_fifo_read_n
 .text.tu_fifo_write
                0x100051a8       0xa8 CMakeFiles/hello_world_test.dir/home/pushkino/Documentos/rp2040/pico-sdk/lib/tinyusb/src/common/tusb_fifo.c.o
                0x100051a8                tu_fifo_write
 .text.tu_fifo_write_n
                0x10005250      0x178 CMakeFiles/hello_world_test.dir/home/pushkino/Documentos/rp2040/pico-sdk/lib/tinyusb/src/common/tusb_fifo.c.o
                0x10005250                tu_fifo_write_n
 .text.tu_fifo_clear
                0x100053c8       0x40 CMakeFiles/hello_world_test.dir/home/pushkino/Documentos/rp2040/pico-sdk/lib/tinyusb/src/common/tusb_fifo.c.o
                0x100053c8                tu_fifo_clear
 .text.tu_fifo_set_overwritable
                0x10005408       0x48 CMakeFiles/hello_world_test.dir/home/pushkino/Documentos/rp2040/pico-sdk/lib/tinyusb/src/common/tusb_fifo.c.o
                0x10005408                tu_fifo_set_overwritable
 .text.core1_trampoline
                0x10005450        0x4 CMakeFiles/hello_world_test.dir/home/pushkino/Documentos/rp2040/pico-sdk/src/rp2_common/pico_multicore/multicore.c.o
 .text.core1_wrapper
                0x10005454        0xc CMakeFiles/hello_world_test.dir/home/pushkino/Documentos/rp2040/pico-sdk/src/rp2_common/pico_multicore/multicore.c.o
                0x10005454                core1_wrapper
 .text.multicore_fifo_push_blocking
                0x10005460       0x14 CMakeFiles/hello_world_test.dir/home/pushkino/Documentos/rp2040/pico-sdk/src/rp2_common/pico_multicore/multicore.c.o
                0x10005460                multicore_fifo_push_blocking
 .text.multicore_fifo_pop_blocking
                0x10005474       0x1c CMakeFiles/hello_world_test.dir/home/pushkino/Documentos/rp2040/pico-sdk/src/rp2_common/pico_multicore/multicore.c.o
                0x10005474                multicore_fifo_pop_blocking
 .text.multicore_reset_core1
                0x10005490       0x60 CMakeFiles/hello_world_test.dir/home/pushkino/Documentos/rp2040/pico-sdk/src/rp2_common/pico_multicore/multicore.c.o
                0x10005490                multicore_reset_core1
 .text.multicore_launch_core1_raw
                0x100054f0       0x84 CMakeFiles/hello_world_test.dir/home/pushkino/Documentos/rp2040/pico-sdk/src/rp2_common/pico_multicore/multicore.c.o
                0x100054f0                multicore_launch_core1_raw
 .text.multicore_launch_core1
                0x10005574       0x58 CMakeFiles/hello_world_test.dir/home/pushkino/Documentos/rp2040/pico-sdk/src/rp2_common/pico_multicore/multicore.c.o
                0x10005574                multicore_launch_core1
 .text._ZN6tflite17ConvertTensorTypeENS_10TensorTypeEP10TfLiteTypePNS_13ErrorReporterE
                0x100055cc       0xa0 ../../libpico-tflmicro.a(flatbuffer_conversions.cpp.o)
                0x100055cc                tflite::ConvertTensorType(tflite::TensorType, TfLiteType*, tflite::ErrorReporter*)
 .text._ZN6tflite19ParseFullyConnectedEPKNS_8OperatorEPNS_13ErrorReporterEPNS_20BuiltinDataAllocatorEPPv
                0x1000566c      0x12c ../../libpico-tflmicro.a(flatbuffer_conversions.cpp.o)
                0x1000566c                tflite::ParseFullyConnected(tflite::Operator const*, tflite::ErrorReporter*, tflite::BuiltinDataAllocator*, void**)
 .text._ZN6tflite12_GLOBAL__N_14InitEP13TfLiteContextPKcj
                0x10005798        0xc ../../libpico-tflmicro.a(fully_connected.cpp.o)
 .text._ZN6tflite12_GLOBAL__N_17PrepareEP13TfLiteContextP10TfLiteNode
                0x100057a4      0x318 ../../libpico-tflmicro.a(fully_connected.cpp.o)
 .text._ZN6tflite12_GLOBAL__N_118EvalQuantizedInt16EP13TfLiteContextP10TfLiteNodeRKNS0_6OpDataEPK16TfLiteEvalTensorSA_SA_PS8_.isra.0
                0x10005abc      0x108 ../../libpico-tflmicro.a(fully_connected.cpp.o)
 .text._ZN6tflite12_GLOBAL__N_117EvalQuantizedInt8EP13TfLiteContextP10TfLiteNodeRKNS0_6OpDataEPK16TfLiteEvalTensorSA_SA_PS8_.isra.0
                0x10005bc4      0x288 ../../libpico-tflmicro.a(fully_connected.cpp.o)
 .text._ZN6tflite12_GLOBAL__N_117EvalQuantizedInt4EP13TfLiteContextP10TfLiteNodeRKNS0_6OpDataEPK16TfLiteEvalTensorSA_SA_PS8_.isra.0
                0x10005e4c      0x118 ../../libpico-tflmicro.a(fully_connected.cpp.o)
 .text._ZN6tflite12_GLOBAL__N_14EvalEP13TfLiteContextP10TfLiteNode
                0x10005f64      0x298 ../../libpico-tflmicro.a(fully_connected.cpp.o)
 .text._ZN6tflite24Register_FULLY_CONNECTEDEv
                0x100061fc       0x2c ../../libpico-tflmicro.a(fully_connected.cpp.o)
                0x100061fc                tflite::Register_FULLY_CONNECTED()
 .text._ZN6tflite25FullyConnectedParamsFloatE21TfLiteFusedActivation
                0x10006228       0x3c ../../libpico-tflmicro.a(fully_connected_common.cpp.o)
                0x10006228                tflite::FullyConnectedParamsFloat(TfLiteFusedActivation)
 .text._ZN6tflite29CalculateOpDataFullyConnectedEP13TfLiteContext21TfLiteFusedActivation10TfLiteTypePK12TfLiteTensorS6_S6_PS4_PNS_20OpDataFullyConnectedE
                0x10006264      0x198 ../../libpico-tflmicro.a(fully_connected_common.cpp.o)
                0x10006264                tflite::CalculateOpDataFullyConnected(TfLiteContext*, TfLiteFusedActivation, TfLiteType, TfLiteTensor const*, TfLiteTensor const*, TfLiteTensor const*, TfLiteTensor*, tflite::OpDataFullyConnected*)
 .text._ZN6tflite5micro10RegisterOpEPFPvP13TfLiteContextPKcjEPF12TfLiteStatusS3_P10TfLiteNodeESC_PFvS3_S1_ESE_
                0x100063fc       0x18 ../../libpico-tflmicro.a(kernel_util.cpp.o)
                0x100063fc                tflite::micro::RegisterOp(void* (*)(TfLiteContext*, char const*, unsigned int), TfLiteStatus (*)(TfLiteContext*, TfLiteNode*), TfLiteStatus (*)(TfLiteContext*, TfLiteNode*), void (*)(TfLiteContext*, void*), void (*)(TfLiteContext*, void*))
 .text._ZN6tflite5micro12GetEvalInputEPK13TfLiteContextPK10TfLiteNodei
                0x10006414       0x28 ../../libpico-tflmicro.a(kernel_util.cpp.o)
                0x10006414                tflite::micro::GetEvalInput(TfLiteContext const*, TfLiteNode const*, int)
 .text._ZN6tflite5micro13GetEvalOutputEPK13TfLiteContextPK10TfLiteNodei
                0x1000643c       0x10 ../../libpico-tflmicro.a(kernel_util.cpp.o)
                0x1000643c                tflite::micro::GetEvalOutput(TfLiteContext const*, TfLiteNode const*, int)
 .text._ZN6tflite5micro14GetTensorShapeEPK16TfLiteEvalTensor
                0x1000644c       0x24 ../../libpico-tflmicro.a(kernel_util.cpp.o)
                0x1000644c                tflite::micro::GetTensorShape(TfLiteEvalTensor const*)
 .text._ZN6tflite14AlignPointerUpEPhj
                0x10006470       0x10 ../../libpico-tflmicro.a(memory_helpers.cpp.o)
                0x10006470                tflite::AlignPointerUp(unsigned char*, unsigned int)
 .text._ZN6tflite16AlignPointerDownEPhj
                0x10006480        0xc ../../libpico-tflmicro.a(memory_helpers.cpp.o)
                0x10006480                tflite::AlignPointerDown(unsigned char*, unsigned int)
 .text._ZN6tflite11AlignSizeUpEjj
                0x1000648c       0x10 ../../libpico-tflmicro.a(memory_helpers.cpp.o)
                0x1000648c                tflite::AlignSizeUp(unsigned int, unsigned int)
 .text._ZN6tflite16TfLiteTypeSizeOfE10TfLiteTypePj
                0x1000649c       0x60 ../../libpico-tflmicro.a(memory_helpers.cpp.o)
                0x1000649c                tflite::TfLiteTypeSizeOf(TfLiteType, unsigned int*)
 .text._ZN6tflite22BytesRequiredForTensorERKNS_6TensorEPjS3_
                0x100064fc       0x8c ../../libpico-tflmicro.a(memory_helpers.cpp.o)
                0x100064fc                tflite::BytesRequiredForTensor(tflite::Tensor const&, unsigned int*, unsigned int*)
 .text._ZN6tflite26TfLiteEvalTensorByteLengthEPK16TfLiteEvalTensorPj
                0x10006588       0x88 ../../libpico-tflmicro.a(memory_helpers.cpp.o)
                0x10006588                tflite::TfLiteEvalTensorByteLength(TfLiteEvalTensor const*, unsigned int*)
 .text._ZN6tflite12MicroContext23AllocateTempInputTensorEPK10TfLiteNodei
                0x10006610       0x24 ../../libpico-tflmicro.a(micro_context.cpp.o)
                0x10006610                tflite::MicroContext::AllocateTempInputTensor(TfLiteNode const*, int)
 .text._ZN6tflite12MicroContext24AllocateTempOutputTensorEPK10TfLiteNodei
                0x10006634       0x24 ../../libpico-tflmicro.a(micro_context.cpp.o)
                0x10006634                tflite::MicroContext::AllocateTempOutputTensor(TfLiteNode const*, int)
 .text._ZN6tflite25MicroContextReportOpErrorEP13TfLiteContextPKcz
                0x10006658       0x18 ../../libpico-tflmicro.a(micro_context.cpp.o)
                0x10006658                tflite::MicroContextReportOpError(TfLiteContext*, char const*, ...)
 .text._ZN6tflite36MicroContextAllocatePersistentBufferEP13TfLiteContextj
                0x10006670        0xc ../../libpico-tflmicro.a(micro_interpreter.cpp.o)
                0x10006670                tflite::MicroContextAllocatePersistentBuffer(TfLiteContext*, unsigned int)
 .text._ZN6tflite39MicroContextRequestScratchBufferInArenaEP13TfLiteContextjPi
                0x1000667c        0xc ../../libpico-tflmicro.a(micro_interpreter.cpp.o)
                0x1000667c                tflite::MicroContextRequestScratchBufferInArena(TfLiteContext*, unsigned int, int*)
 .text._ZN6tflite28MicroContextGetScratchBufferEP13TfLiteContexti
                0x10006688        0xc ../../libpico-tflmicro.a(micro_interpreter.cpp.o)
                0x10006688                tflite::MicroContextGetScratchBuffer(TfLiteContext*, int)
 .text._ZN6tflite21MicroContextGetTensorEPK13TfLiteContexti
                0x10006694        0xc ../../libpico-tflmicro.a(micro_interpreter.cpp.o)
                0x10006694                tflite::MicroContextGetTensor(TfLiteContext const*, int)
 .text._ZN6tflite25MicroContextGetEvalTensorEPK13TfLiteContexti
                0x100066a0        0xc ../../libpico-tflmicro.a(micro_interpreter.cpp.o)
                0x100066a0                tflite::MicroContextGetEvalTensor(TfLiteContext const*, int)
 .text._ZN6tflite23MicroInterpreterContext16external_contextEv
                0x100066ac        0x4 ../../libpico-tflmicro.a(micro_interpreter.cpp.o)
                0x100066ac                tflite::MicroInterpreterContext::external_context()
 .text._ZN6tflite30MicroContextGetExternalContextEP13TfLiteContext25TfLiteExternalContextType
                0x100066b0       0x1c ../../libpico-tflmicro.a(micro_interpreter.cpp.o)
                0x100066b0                tflite::MicroContextGetExternalContext(TfLiteContext*, TfLiteExternalContextType)
 .text._ZN6tflite16MicroInterpreterC2EPKNS_5ModelERKNS_15MicroOpResolverEPhjPNS_22MicroResourceVariablesEPNS_22MicroProfilerInterfaceEb
                0x100066cc       0xc0 ../../libpico-tflmicro.a(micro_interpreter.cpp.o)
                0x100066cc                tflite::MicroInterpreter::MicroInterpreter(tflite::Model const*, tflite::MicroOpResolver const&, unsigned char*, unsigned int, tflite::MicroResourceVariables*, tflite::MicroProfilerInterface*, bool)
                0x100066cc                tflite::MicroInterpreter::MicroInterpreter(tflite::Model const*, tflite::MicroOpResolver const&, unsigned char*, unsigned int, tflite::MicroResourceVariables*, tflite::MicroProfilerInterface*, bool)
 .text._ZN6tflite16MicroInterpreterC2EPKNS_5ModelERKNS_15MicroOpResolverEPNS_14MicroAllocatorEPNS_22MicroResourceVariablesEPNS_22MicroProfilerInterfaceE
                0x1000678c       0xb4 ../../libpico-tflmicro.a(micro_interpreter.cpp.o)
                0x1000678c                tflite::MicroInterpreter::MicroInterpreter(tflite::Model const*, tflite::MicroOpResolver const&, tflite::MicroAllocator*, tflite::MicroResourceVariables*, tflite::MicroProfilerInterface*)
                0x1000678c                tflite::MicroInterpreter::MicroInterpreter(tflite::Model const*, tflite::MicroOpResolver const&, tflite::MicroAllocator*, tflite::MicroResourceVariables*, tflite::MicroProfilerInterface*)
 .text._ZN6tflite16MicroInterpreter5inputEj
                0x10006840       0x60 ../../libpico-tflmicro.a(micro_interpreter.cpp.o)
                0x10006840                tflite::MicroInterpreter::input(unsigned int)
 .text._ZN6tflite16MicroInterpreter6outputEj
                0x100068a0       0x60 ../../libpico-tflmicro.a(micro_interpreter.cpp.o)
                0x100068a0                tflite::MicroInterpreter::output(unsigned int)
 .text._ZN6tflite16MicroInterpreterD2Ev
                0x10006900       0x28 ../../libpico-tflmicro.a(micro_interpreter.cpp.o)
                0x10006900                tflite::MicroInterpreter::~MicroInterpreter()
                0x10006900                tflite::MicroInterpreter::~MicroInterpreter()
 .text._ZN6tflite16MicroInterpreter44PrepareNodeAndRegistrationDataFromFlatbufferEv
                0x10006928      0x2dc ../../libpico-tflmicro.a(micro_interpreter.cpp.o)
                0x10006928                tflite::MicroInterpreter::PrepareNodeAndRegistrationDataFromFlatbuffer()
 .text._ZN6tflite16MicroInterpreter15AllocateTensorsEv
                0x10006c04      0x320 ../../libpico-tflmicro.a(micro_interpreter.cpp.o)
                0x10006c04                tflite::MicroInterpreter::AllocateTensors()
 .text._ZN6tflite16MicroInterpreter6InvokeEv
                0x10006f24       0x38 ../../libpico-tflmicro.a(micro_interpreter.cpp.o)
                0x10006f24                tflite::MicroInterpreter::Invoke()
 .text._ZN6tflite23MicroInterpreterContext5graphEv
                0x10006f5c        0x4 ../../libpico-tflmicro.a(micro_interpreter_context.cpp.o)
                0x10006f5c                tflite::MicroInterpreterContext::graph()
 .text._ZN6tflite23MicroInterpreterContextD0Ev
                0x10006f60        0x4 ../../libpico-tflmicro.a(micro_interpreter_context.cpp.o)
                0x10006f60                tflite::MicroInterpreterContext::~MicroInterpreterContext()
                0x10006f60                tflite::MicroInterpreterContext::~MicroInterpreterContext()
                0x10006f60                tflite::MicroInterpreterContext::~MicroInterpreterContext()
 .text._ZN6tflite23MicroInterpreterContext24AllocatePersistentBufferEj
                0x10006f64        0xc ../../libpico-tflmicro.a(micro_interpreter_context.cpp.o)
                0x10006f64                tflite::MicroInterpreterContext::AllocatePersistentBuffer(unsigned int)
 .text._ZN6tflite23MicroInterpreterContext16GetScratchBufferEi
                0x10006f70        0x8 ../../libpico-tflmicro.a(micro_interpreter_context.cpp.o)
                0x10006f70                tflite::MicroInterpreterContext::GetScratchBuffer(int)
 .text._ZN6tflite23MicroInterpreterContext24AllocateTempTfLiteTensorEi
                0x10006f78       0x20 ../../libpico-tflmicro.a(micro_interpreter_context.cpp.o)
                0x10006f78                tflite::MicroInterpreterContext::AllocateTempTfLiteTensor(int)
 .text._ZN6tflite23MicroInterpreterContext26DeallocateTempTfLiteTensorEP12TfLiteTensor
                0x10006f98        0xc ../../libpico-tflmicro.a(micro_interpreter_context.cpp.o)
                0x10006f98                tflite::MicroInterpreterContext::DeallocateTempTfLiteTensor(TfLiteTensor*)
 .text._ZN6tflite23MicroInterpreterContext18AllocateTempBufferEjj
                0x10006fa4        0xc ../../libpico-tflmicro.a(micro_interpreter_context.cpp.o)
                0x10006fa4                tflite::MicroInterpreterContext::AllocateTempBuffer(unsigned int, unsigned int)
 .text._ZN6tflite23MicroInterpreterContext20DeallocateTempBufferEPh
                0x10006fb0        0xc ../../libpico-tflmicro.a(micro_interpreter_context.cpp.o)
                0x10006fb0                tflite::MicroInterpreterContext::DeallocateTempBuffer(unsigned char*)
 .text._ZN6tflite23MicroInterpreterContext13GetEvalTensorEi
                0x10006fbc       0x18 ../../libpico-tflmicro.a(micro_interpreter_context.cpp.o)
                0x10006fbc                tflite::MicroInterpreterContext::GetEvalTensor(int)
 .text._ZN6tflite23MicroInterpreterContext20SetAlternateProfilerEPNS_22MicroProfilerInterfaceE
                0x10006fd4        0x8 ../../libpico-tflmicro.a(micro_interpreter_context.cpp.o)
                0x10006fd4                tflite::MicroInterpreterContext::SetAlternateProfiler(tflite::MicroProfilerInterface*)
 .text._ZNK6tflite23MicroInterpreterContext20GetAlternateProfilerEv
                0x10006fdc        0x4 ../../libpico-tflmicro.a(micro_interpreter_context.cpp.o)
                0x10006fdc                tflite::MicroInterpreterContext::GetAlternateProfiler() const
 .text._ZN6tflite23MicroInterpreterContext27RequestScratchBufferInArenaEjPi
                0x10006fe0       0x10 ../../libpico-tflmicro.a(micro_interpreter_context.cpp.o)
                0x10006fe0                tflite::MicroInterpreterContext::RequestScratchBufferInArena(unsigned int, int*)
 .text._ZN6tflite23MicroInterpreterContext20set_external_contextEPv
                0x10006ff0       0x20 ../../libpico-tflmicro.a(micro_interpreter_context.cpp.o)
                0x10006ff0                tflite::MicroInterpreterContext::set_external_context(void*)
 .text._ZN6tflite23MicroInterpreterContextC2EPNS_14MicroAllocatorEPKNS_5ModelEPNS_21MicroInterpreterGraphE
                0x10007010       0x1c ../../libpico-tflmicro.a(micro_interpreter_context.cpp.o)
                0x10007010                tflite::MicroInterpreterContext::MicroInterpreterContext(tflite::MicroAllocator*, tflite::Model const*, tflite::MicroInterpreterGraph*)
                0x10007010                tflite::MicroInterpreterContext::MicroInterpreterContext(tflite::MicroAllocator*, tflite::Model const*, tflite::MicroInterpreterGraph*)
 .text._ZN6tflite23MicroInterpreterContext23SetScratchBufferHandlesEPNS_19ScratchBufferHandleE
                0x1000702c        0x4 ../../libpico-tflmicro.a(micro_interpreter_context.cpp.o)
                0x1000702c                tflite::MicroInterpreterContext::SetScratchBufferHandles(tflite::ScratchBufferHandle*)
 .text._ZN6tflite23MicroInterpreterContext19SetInterpreterStateENS0_16InterpreterStateE
                0x10007030        0x4 ../../libpico-tflmicro.a(micro_interpreter_context.cpp.o)
                0x10007030                tflite::MicroInterpreterContext::SetInterpreterState(tflite::MicroInterpreterContext::InterpreterState)
 .text._ZN6tflite21MicroInterpreterGraph20GetResourceVariablesEv
                0x10007034        0x4 ../../libpico-tflmicro.a(micro_interpreter_graph.cpp.o)
                0x10007034                tflite::MicroInterpreterGraph::GetResourceVariables()
 .text._ZN6tflite21MicroInterpreterGraphD0Ev
                0x10007038        0x4 ../../libpico-tflmicro.a(micro_interpreter_graph.cpp.o)
                0x10007038                tflite::MicroInterpreterGraph::~MicroInterpreterGraph()
                0x10007038                tflite::MicroInterpreterGraph::~MicroInterpreterGraph()
                0x10007038                tflite::MicroInterpreterGraph::~MicroInterpreterGraph()
 .text._ZN6tflite21MicroInterpreterGraph12NumSubgraphsEv
                0x1000703c       0x20 ../../libpico-tflmicro.a(micro_interpreter_graph.cpp.o)
                0x1000703c                tflite::MicroInterpreterGraph::NumSubgraphs()
 .text._ZN6tflite21MicroInterpreterGraph17NumSubgraphInputsEi
                0x1000705c       0x44 ../../libpico-tflmicro.a(micro_interpreter_graph.cpp.o)
                0x1000705c                tflite::MicroInterpreterGraph::NumSubgraphInputs(int)
 .text._ZN6tflite21MicroInterpreterGraph16GetSubgraphInputEii
                0x100070a0       0x58 ../../libpico-tflmicro.a(micro_interpreter_graph.cpp.o)
                0x100070a0                tflite::MicroInterpreterGraph::GetSubgraphInput(int, int)
 .text._ZN6tflite21MicroInterpreterGraph18NumSubgraphOutputsEi
                0x100070f8       0x70 ../../libpico-tflmicro.a(micro_interpreter_graph.cpp.o)
                0x100070f8                tflite::MicroInterpreterGraph::NumSubgraphOutputs(int)
 .text._ZN6tflite21MicroInterpreterGraph17GetSubgraphOutputEii
                0x10007168       0x58 ../../libpico-tflmicro.a(micro_interpreter_graph.cpp.o)
                0x10007168                tflite::MicroInterpreterGraph::GetSubgraphOutput(int, int)
 .text._ZN6tflite21MicroInterpreterGraph13InitSubgraphsEv
                0x100071c0       0xb0 ../../libpico-tflmicro.a(micro_interpreter_graph.cpp.o)
                0x100071c0                tflite::MicroInterpreterGraph::InitSubgraphs()
 .text._ZN6tflite21MicroInterpreterGraph14ResetSubgraphsEv
                0x10007270       0x88 ../../libpico-tflmicro.a(micro_interpreter_graph.cpp.o)
                0x10007270                tflite::MicroInterpreterGraph::ResetSubgraphs()
 .text._ZN6tflite21MicroInterpreterGraph13FreeSubgraphsEv
                0x100072f8       0x88 ../../libpico-tflmicro.a(micro_interpreter_graph.cpp.o)
                0x100072f8                tflite::MicroInterpreterGraph::FreeSubgraphs()
 .text._ZN6tflite21MicroInterpreterGraph14InvokeSubgraphEi
                0x10007380      0x124 ../../libpico-tflmicro.a(micro_interpreter_graph.cpp.o)
                0x10007380                tflite::MicroInterpreterGraph::InvokeSubgraph(int)
 .text._ZN6tflite21MicroInterpreterGraph16PrepareSubgraphsEv
                0x100074a4       0xc4 ../../libpico-tflmicro.a(micro_interpreter_graph.cpp.o)
                0x100074a4                tflite::MicroInterpreterGraph::PrepareSubgraphs()
 .text._ZN6tflite21MicroInterpreterGraph20ResetVariableTensorsEv
                0x10007568      0x124 ../../libpico-tflmicro.a(micro_interpreter_graph.cpp.o)
                0x10007568                tflite::MicroInterpreterGraph::ResetVariableTensors()
 .text._ZN6tflite21MicroInterpreterGraphC2EP13TfLiteContextPKNS_5ModelEPNS_14MicroAllocatorEPNS_22MicroResourceVariablesE
                0x1000768c       0x40 ../../libpico-tflmicro.a(micro_interpreter_graph.cpp.o)
                0x1000768c                tflite::MicroInterpreterGraph::MicroInterpreterGraph(TfLiteContext*, tflite::Model const*, tflite::MicroAllocator*, tflite::MicroResourceVariables*)
                0x1000768c                tflite::MicroInterpreterGraph::MicroInterpreterGraph(TfLiteContext*, tflite::Model const*, tflite::MicroAllocator*, tflite::MicroResourceVariables*)
 .text._ZN6tflite21MicroInterpreterGraph22SetSubgraphAllocationsEPNS_19SubgraphAllocationsE
                0x100076cc        0x4 ../../libpico-tflmicro.a(micro_interpreter_graph.cpp.o)
                0x100076cc                tflite::MicroInterpreterGraph::SetSubgraphAllocations(tflite::SubgraphAllocations*)
 .text._ZN12_GLOBAL__N_19VDebugLogEPKcz.constprop.0
                0x100076d0       0x1c ../../libpico-tflmicro.a(micro_log.cpp.o)
 .text._Z12VMicroPrintfPKcSt9__va_list
                0x100076ec       0x14 ../../libpico-tflmicro.a(micro_log.cpp.o)
                0x100076ec                VMicroPrintf(char const*, std::__va_list)
 .text._Z11MicroPrintfPKcz
                0x10007700       0x24 ../../libpico-tflmicro.a(micro_log.cpp.o)
                0x10007700                MicroPrintf(char const*, ...)
 .text._ZN6tflite25GetRegistrationFromOpCodeEPKNS_12OperatorCodeERKNS_15MicroOpResolverEPPK16TFLMRegistration
                0x10007724       0x9c ../../libpico-tflmicro.a(micro_op_resolver.cpp.o)
                0x10007724                tflite::GetRegistrationFromOpCode(tflite::OperatorCode const*, tflite::MicroOpResolver const&, TFLMRegistration const**)
 .text._ZN6tflite13MicroProfilerD0Ev
                0x100077c0        0x4 ../../libpico-tflmicro.a(micro_profiler.cpp.o)
                0x100077c0                tflite::MicroProfiler::~MicroProfiler()
                0x100077c0                tflite::MicroProfiler::~MicroProfiler()
                0x100077c0                tflite::MicroProfiler::~MicroProfiler()
 .text._ZN6tflite13MicroProfiler10BeginEventEPKc
                0x100077c4       0x50 ../../libpico-tflmicro.a(micro_profiler.cpp.o)
                0x100077c4                tflite::MicroProfiler::BeginEvent(char const*)
 .text._ZN6tflite13MicroProfiler8EndEventEm
                0x10007814       0x1c ../../libpico-tflmicro.a(micro_profiler.cpp.o)
                0x10007814                tflite::MicroProfiler::EndEvent(unsigned long)
 .text._ZN6tflite13MicroProfiler17LogTicksPerTagCsvEv
                0x10007830       0xf0 ../../libpico-tflmicro.a(micro_profiler.cpp.o)
                0x10007830                tflite::MicroProfiler::LogTicksPerTagCsv()
 .text._ZN6tflite22MicroResourceVariables6CreateEPNS_14MicroAllocatorEi
                0x10007920       0x2c ../../libpico-tflmicro.a(micro_resource_variable.cpp.o)
                0x10007920                tflite::MicroResourceVariables::Create(tflite::MicroAllocator*, int)
 .text._ZN6tflite22MicroResourceVariables8ResetAllEv
                0x1000794c       0x2c ../../libpico-tflmicro.a(micro_resource_variable.cpp.o)
                0x1000794c                tflite::MicroResourceVariables::ResetAll()
 .text._ZN6tflite19GetCurrentTimeTicksEv
                0x10007978        0xc ../../libpico-tflmicro.a(micro_time.cpp.o)
                0x10007978                tflite::GetCurrentTimeTicks()
 .text._ZN6tflite23RecordingMicroAllocatorD0Ev
                0x10007984       0x14 ../../libpico-tflmicro.a(recording_micro_allocator.cpp.o)
                0x10007984                tflite::RecordingMicroAllocator::~RecordingMicroAllocator()
                0x10007984                tflite::RecordingMicroAllocator::~RecordingMicroAllocator()
                0x10007984                tflite::RecordingMicroAllocator::~RecordingMicroAllocator()
 .text._ZN6tflite23RecordingMicroAllocator6CreateEPhj
                0x10007998       0x90 ../../libpico-tflmicro.a(recording_micro_allocator.cpp.o)
                0x10007998                tflite::RecordingMicroAllocator::Create(unsigned char*, unsigned int)
 .text._ZNK6tflite23RecordingMicroAllocator16PrintAllocationsEv
                0x10007a28      0x130 ../../libpico-tflmicro.a(recording_micro_allocator.cpp.o)
                0x10007a28                tflite::RecordingMicroAllocator::PrintAllocations() const
 .text._ZN6tflite23RecordingMicroAllocator24AllocatePersistentBufferEj
                0x10007b58       0x60 ../../libpico-tflmicro.a(recording_micro_allocator.cpp.o)
                0x10007b58                tflite::RecordingMicroAllocator::AllocatePersistentBuffer(unsigned int)
 .text._ZN6tflite23RecordingMicroAllocator28AllocateNodeAndRegistrationsEPKNS_5ModelEPNS_19SubgraphAllocationsE
                0x10007bb8       0xc4 ../../libpico-tflmicro.a(recording_micro_allocator.cpp.o)
                0x10007bb8                tflite::RecordingMicroAllocator::AllocateNodeAndRegistrations(tflite::Model const*, tflite::SubgraphAllocations*)
 .text._ZN6tflite23RecordingMicroAllocator25AllocateTfLiteEvalTensorsEPKNS_5ModelEPNS_19SubgraphAllocationsE
                0x10007c7c       0xb8 ../../libpico-tflmicro.a(recording_micro_allocator.cpp.o)
                0x10007c7c                tflite::RecordingMicroAllocator::AllocateTfLiteEvalTensors(tflite::Model const*, tflite::SubgraphAllocations*)
 .text._ZN6tflite23RecordingMicroAllocator17AllocateVariablesEPKNS_8SubGraphEP16TfLiteEvalTensorPKl
                0x10007d34       0x70 ../../libpico-tflmicro.a(recording_micro_allocator.cpp.o)
                0x10007d34                tflite::RecordingMicroAllocator::AllocateVariables(tflite::SubGraph const*, TfLiteEvalTensor*, long const*)
 .text._ZN6tflite23RecordingMicroAllocator38AllocatePersistentTfLiteTensorInternalEv
                0x10007da4       0x5c ../../libpico-tflmicro.a(recording_micro_allocator.cpp.o)
                0x10007da4                tflite::RecordingMicroAllocator::AllocatePersistentTfLiteTensorInternal()
 .text._ZN6tflite23RecordingMicroAllocator34PopulateTfLiteTensorFromFlatbufferEPKNS_5ModelEP12TfLiteTensoriib
                0x10007e00       0x88 ../../libpico-tflmicro.a(recording_micro_allocator.cpp.o)
                0x10007e00                tflite::RecordingMicroAllocator::PopulateTfLiteTensorFromFlatbuffer(tflite::Model const*, TfLiteTensor*, int, int, bool)
 .text._ZN6tflite16InitializeTargetEv
                0x10007e88        0x8 ../../libpico-tflmicro.a(system_setup.cpp.o)
                0x10007e88                tflite::InitializeTarget()
 .text.DebugLog
                0x10007e90       0x18 ../../libpico-tflmicro.a(system_setup.cpp.o)
                0x10007e90                DebugLog
 .text._ZN6tflite17ConvertTensorTypeENS_10TensorTypeEP10TfLiteType
                0x10007ea8       0x18 ../../libpico-tflmicro.a(flatbuffer_conversions_bridge.cpp.o)
                0x10007ea8                tflite::ConvertTensorType(tflite::TensorType, TfLiteType*)
 .text._ZN6tflite24CallBuiltinParseFunctionEPF12TfLiteStatusPKNS_8OperatorEPNS_13ErrorReporterEPNS_20BuiltinDataAllocatorEPPvES3_S7_S9_
                0x10007ec0       0x1c ../../libpico-tflmicro.a(flatbuffer_conversions_bridge.cpp.o)
                0x10007ec0                tflite::CallBuiltinParseFunction(TfLiteStatus (*)(tflite::Operator const*, tflite::ErrorReporter*, tflite::BuiltinDataAllocator*, void**), tflite::Operator const*, tflite::BuiltinDataAllocator*, void**)
 .text._ZN6tflite18MicroErrorReporterD0Ev
                0x10007edc        0x4 ../../libpico-tflmicro.a(micro_error_reporter.cpp.o)
                0x10007edc                tflite::MicroErrorReporter::~MicroErrorReporter()
                0x10007edc                tflite::MicroErrorReporter::~MicroErrorReporter()
                0x10007edc                tflite::MicroErrorReporter::~MicroErrorReporter()
 .text._ZN6tflite18MicroErrorReporter6ReportEPKcSt9__va_list
                0x10007ee0       0x10 ../../libpico-tflmicro.a(micro_error_reporter.cpp.o)
                0x10007ee0                tflite::MicroErrorReporter::Report(char const*, std::__va_list)
 .text._ZN6tflite21GetMicroErrorReporterEv
                0x10007ef0       0x20 ../../libpico-tflmicro.a(micro_error_reporter.cpp.o)
                0x10007ef0                tflite::GetMicroErrorReporter()
 .text.arm_convolve_1x1_s8_fast
                0x10007f10       0x68 ../../libpico-tflmicro.a(arm_convolve_1x1_s8_fast.c.o)
                0x10007f10                arm_convolve_1x1_s8_fast
 .text.arm_convolve_1x1_s8_fast_get_buffer_size
                0x10007f78        0x4 ../../libpico-tflmicro.a(arm_convolve_get_buffer_sizes_s8.c.o)
                0x10007f78                arm_convolve_1x1_s8_fast_get_buffer_size
 .text.arm_fully_connected_s16_get_buffer_size
                0x10007f7c        0x4 ../../libpico-tflmicro.a(arm_fully_connected_get_buffer_sizes_s16.c.o)
                0x10007f7c                arm_fully_connected_s16_get_buffer_size
 .text.arm_fully_connected_s8_get_buffer_size
                0x10007f80        0x4 ../../libpico-tflmicro.a(arm_fully_connected_get_buffer_sizes_s8.c.o)
                0x10007f80                arm_fully_connected_s8_get_buffer_size
 .text.arm_fully_connected_s16
                0x10007f84       0x9c ../../libpico-tflmicro.a(arm_fully_connected_s16.c.o)
                0x10007f84                arm_fully_connected_s16
 .text.arm_fully_connected_s4
                0x10008020       0x84 ../../libpico-tflmicro.a(arm_fully_connected_s4.c.o)
                0x10008020                arm_fully_connected_s4
 .text.arm_fully_connected_wrapper_s8
                0x100080a4       0x64 ../../libpico-tflmicro.a(arm_fully_connected_wrapper_s8.c.o)
                0x100080a4                arm_fully_connected_wrapper_s8
 .text.arm_vector_sum_s8
                0x10008108       0x9c ../../libpico-tflmicro.a(arm_vector_sum_s8.c.o)
                0x10008108                arm_vector_sum_s8
 .text.mat_mul_task
                0x100081a4      0x48c ../../libpico-tflmicro.a(arm_nn_mat_mult_nt_t_s8.c.o)
 .text.core1_mat_mul_worker
                0x10008630       0x14 ../../libpico-tflmicro.a(arm_nn_mat_mult_nt_t_s8.c.o)
 .text.arm_nn_mat_mult_nt_t_s8
                0x10008644      0x1d8 ../../libpico-tflmicro.a(arm_nn_mat_mult_nt_t_s8.c.o)
                0x10008644                arm_nn_mat_mult_nt_t_s8
 .text.arm_nn_vec_mat_mult_t_s16
                0x1000881c      0x1ac ../../libpico-tflmicro.a(arm_nn_vec_mat_mult_t_s16.c.o)
                0x1000881c                arm_nn_vec_mat_mult_t_s16
 .text.arm_nn_vec_mat_mult_t_s4
                0x100089c8      0x4e8 ../../libpico-tflmicro.a(arm_nn_vec_mat_mult_t_s4.c.o)
                0x100089c8                arm_nn_vec_mat_mult_t_s4
 .text._ZN6tflite13ErrorReporter6ReportEPKcz
                0x10008eb0       0x1c ../../libpico-tflmicro.a(error_reporter.cpp.o)
                0x10008eb0                tflite::ErrorReporter::Report(char const*, ...)
 .text._ZN6tflite14GetBuiltinCodeEPKNS_12OperatorCodeE
                0x10008ecc       0x3c ../../libpico-tflmicro.a(schema_utils.cpp.o)
                0x10008ecc                tflite::GetBuiltinCode(tflite::OperatorCode const*)
 .text.TfLiteIntArrayGetSizeInBytes
                0x10008f08        0x8 ../../libpico-tflmicro.a(common.cpp.o)
                0x10008f08                TfLiteIntArrayGetSizeInBytes
 .text.TfLiteTypeGetName
                0x10008f10       0x18 ../../libpico-tflmicro.a(common.cpp.o)
                0x10008f10                TfLiteTypeGetName
 .text._ZN6tflite18QuantizeMultiplierEdPlPi
                0x10008f28       0x74 ../../libpico-tflmicro.a(quantization_util.cpp.o)
                0x10008f28                tflite::QuantizeMultiplier(double, long*, int*)
 .text._ZN6tflite14GetTensorShapeEPK12TfLiteTensor
                0x10008f9c       0x1c ../../libpico-tflmicro.a(tensor_ctypes.cpp.o)
                0x10008f9c                tflite::GetTensorShape(TfLiteTensor const*)
 .text._ZN6tflite32GetQuantizedConvolutionMultiplerEP13TfLiteContextPK12TfLiteTensorS4_S4_PS2_Pd
                0x10008fb8       0xfc ../../libpico-tflmicro.a(kernel_util.cpp.o)
                0x10008fb8                tflite::GetQuantizedConvolutionMultipler(TfLiteContext*, TfLiteTensor const*, TfLiteTensor const*, TfLiteTensor const*, TfLiteTensor*, double*)
 .text._ZN6tflite33CalculateActivationRangeQuantizedEP13TfLiteContext21TfLiteFusedActivationP12TfLiteTensorPlS5_
                0x100090b4      0x1d0 ../../libpico-tflmicro.a(kernel_util.cpp.o)
                0x100090b4                tflite::CalculateActivationRangeQuantized(TfLiteContext*, TfLiteFusedActivation, TfLiteTensor*, long*, long*)
 .text._ZN6tflite35RecordingSingleArenaBufferAllocatorD0Ev
                0x10009284       0x18 ../../libpico-tflmicro.a(recording_single_arena_buffer_allocator.cpp.o)