Archive member included to satisfy reference by file (symbol)

/home/pushkino/opt/arm-gnu-toolchain-15.2.rel1-x86_64-arm-none-eabi/bin/../lib/gcc/arm-none-eabi/15.2.1/thumb/v6-m/nofp/libgcc.a(_dvmd_tls.o)
                              CMakeFiles/blink.dir/home/pushkino/Documentos/Ingenieria/scripts/rp2040/pico-sdk/src/rp2_common/pico_divider/divider_hardware.S.o (__aeabi_idiv0)
/home/pushkino/opt/arm-gnu-toolchain-15.2.rel1-x86_64-arm-none-eabi/bin/../lib/gcc/arm-none-eabi/15.2.1/../../../../arm-none-eabi/lib/thumb/v6-m/nofp/libg.a(libc_a-calloc.o)
                              CMakeFiles/blink.dir/home/pushkino/Documentos/Ingenieria/scripts/rp2040/pico-sdk/src/rp2_common/pico_malloc/malloc.c.o (calloc)
/home/pushkino/opt/arm-gnu-toolchain-15.2.rel1-x86_64-arm-none-eabi/bin/../lib/gcc/arm-none-eabi/15.2.1/../../../../arm-none-eabi/lib/thumb/v6-m/nofp/libg.a(libc_a-callocr.o)
                              /home/pushkino/opt/arm-gnu-toolchain-15.2.rel1-x86_64-arm-none-eabi/bin/../lib/gcc/arm-none-eabi/15.2.1/../../../../arm-none-eabi/lib/thumb/v6-m/nofp/libg.a(libc_a-calloc.o) (_calloc_r)
/home/pushkino/opt/arm-gnu-toolchain-15.2.rel1-x86_64-arm-none-eabi/bin/../lib/gcc/arm-none-eabi/15.2.1/../../../../arm-none-eabi/lib/thumb/v6-m/nofp/libg.a(libc_a-malloc.o)
                              CMakeFiles/blink.dir/home/pushkino/Documentos/Ingenieria/scripts/rp2040/pico-sdk/src/rp2_common/pico_malloc/malloc.c.o (malloc)
/home/pushkino/opt/arm-gnu-toolchain-15.2.rel1-x86_64-arm-none-eabi/bin/../lib/gcc/arm-none-eabi/15.2.1/../../../../arm-none-eabi/lib/thumb/v6-m/nofp/libg.a(libc_a-mallocr.o)
                              /home/pushkino/opt/arm-gnu-toolchain-15.2.rel1-x86_64-arm-none-eabi/bin/../lib/gcc/arm-none-eabi/15.2.1/../../../../arm-none-eabi/lib/thumb/v6-m/nofp/libg.a(libc_a-callocr.o) (_malloc_r)
/home/pushkino/opt/arm-gnu-toolchain-15.2.rel1-x86_64-arm-none-eabi/bin/../lib/gcc/arm-none-eabi/15.2.1/../../../../arm-none-eabi/lib/thumb/v6-m/nofp/libg.a(libc_a-mlock.o)
                              /home/pushkino/opt/arm-gnu-toolchain-15.2.rel1-x86_64-arm-none-eabi/bin/../lib/gcc/arm-none-eabi/15.2.1/../../../../arm-none-eabi/lib/thumb/v6-m/nofp/libg.a(libc_a-mallocr.o) (__malloc_lock)
/home/pushkino/opt/arm-gnu-toolchain-15.2.rel1-x86_64-arm-none-eabi/bin/../lib/gcc/arm-none-eabi/15.2.1/../../../../arm-none-eabi/lib/thumb/v6-m/nofp/libg.a(libc_a-realloc.o)
                              CMakeFiles/blink.dir/home/pushkino/Documentos/Ingenieria/scripts/rp2040/pico-sdk/src/rp2_common/pico_malloc/malloc.c.o (realloc)
/home/pushkino/opt/arm-gnu-toolchain-15.2.rel1-x86_64-arm-none-eabi/bin/../lib/gcc/arm-none-eabi/15.2.1/../../../../arm-none-eabi/lib/thumb/v6-m/nofp/libg.a(libc_a-reallocr.o)
                              /home/pushkino/opt/arm-gnu-toolchain-15.2.rel1-x86_64-arm-none-eabi/bin/../lib/gcc/arm-none-eabi/15.2.1/../../../../arm-none-eabi/lib/thumb/v6-m/nofp/libg.a(libc_a-realloc.o) (_realloc_r)
/home/pushkino/opt/arm-gnu-toolchain-15.2.rel1-x86_64-arm-none-eabi/bin/../lib/gcc/arm-none-eabi/15.2.1/../../../../arm-none-eabi/lib/thumb/v6-m/nofp/libg.a(libc_a-memcmp.o)
                              CMakeFiles/blink.dir/home/pushkino/Documentos/Ingenieria/scripts/rp2040/pico-sdk/src/rp2_common/pico_atomic/atomic.c.o (memcmp)
/home/pushkino/opt/arm-gnu-toolchain-15.2.rel1-x86_64-arm-none-eabi/bin/../lib/gcc/arm-none-eabi/15.2.1/../../../../arm-none-eabi/lib/thumb/v6-m/nofp/libg.a(libc_a-memmove.o)
                              CMakeFiles/blink.dir/home/pushkino/Documentos/Ingenieria/scripts/rp2040/pico-sdk/lib/cyw43-driver/src/cyw43_ll.c.o (memmove)
/home/pushkino/opt/arm-gnu-toolchain-15.2.rel1-x86_64-arm-none-eabi/bin/../lib/gcc/arm-none-eabi/15.2.1/../../../../arm-none-eabi/lib/thumb/v6-m/nofp/libg.a(libc_a-strncmp.o)
                              CMakeFiles/blink.dir/home/pushkino/Documentos/Ingenieria/scripts/rp2040/pico-sdk/lib/cyw43-driver/src/cyw43_ll.c.o (strncmp)
/home/pushkino/opt/arm-gnu-toolchain-15.2.rel1-x86_64-arm-none-eabi/bin/../lib/gcc/arm-none-eabi/15.2.1/../../../../arm-none-eabi/lib/thumb/v6-m/nofp/libg.a(libc_a-lcltime_r.o)
                              CMakeFiles/blink.dir/home/pushkino/Documentos/Ingenieria/scripts/rp2040/pico-sdk/src/common/pico_util/datetime.c.o (localtime_r)
/home/pushkino/opt/arm-gnu-toolchain-15.2.rel1-x86_64-arm-none-eabi/bin/../lib/gcc/arm-none-eabi/15.2.1/../../../../arm-none-eabi/lib/thumb/v6-m/nofp/libg.a(libc_a-mktime.o)
                              CMakeFiles/blink.dir/home/pushkino/Documentos/Ingenieria/scripts/rp2040/pico-sdk/src/common/pico_util/datetime.c.o (mktime)
/home/pushkino/opt/arm-gnu-toolchain-15.2.rel1-x86_64-arm-none-eabi/bin/../lib/gcc/arm-none-eabi/15.2.1/../../../../arm-none-eabi/lib/thumb/v6-m/nofp/libg.a(libc_a-month_lengths.o)
[...]
Memory Configuration

Name             Origin             Length             Attributes
FLASH            0x10000000         0x00200000         xr
RAM              0x20000000         0x00040000         xrw
SCRATCH_X        0x20040000         0x00001000         xrw
SCRATCH_Y        0x20041000         0x00001000         xrw
*default*        0x00000000         0xffffffff

Linker script and memory map

LOAD /home/pushkino/opt/arm-gnu-toolchain-15.2.rel1-x86_64-arm-none-eabi/bin/../lib/gcc/arm-none-eabi/15.2.1/thumb/v6-m/nofp/crti.o
LOAD /home/pushkino/opt/arm-gnu-toolchain-15.2.rel1-x86_64-arm-none-eabi/bin/../lib/gcc/arm-none-eabi/15.2.1/thumb/v6-m/nofp/crtbegin.o
LOAD /home/pushkino/opt/arm-gnu-toolchain-15.2.rel1-x86_64-arm-none-eabi/bin/../lib/gcc/arm-none-eabi/15.2.1/../../../../arm-none-eabi/lib/thumb/v6-m/nofp/crt0.o

.flash_begin    0x10000000        0x0
                0x10000000                        __flash_binary_start = .

.boot2          0x10000000      0x100
                0x10000000                        __boot2_start__ = .
 *(.boot2)
 .boot2         0x10000000      0x100 pico-sdk/src/rp2040/boot_stage2/CMakeFiles/bs2_default_library.dir/bs2_default_padded_checksummed.S.o
                0x10000100                        __boot2_end__ = .
                0x00000001                        ASSERT (((__boot2_end__ - __boot2_start__) == 0x100), ERROR: Pico second stage bootloader must be 256 bytes in size)

.text           0x10000100     0x7a5c
                0x10000100                        __logical_binary_start = .
 *(.vectors)
 .vectors       0x10000100       0xd4 CMakeFiles/blink.dir/home/pushkino/Documentos/Ingenieria/scripts/rp2040/pico-sdk/src/rp2_common/pico_crt0/crt0.S.o
                0x10000100                __vectors
                0x10000100                __VECTOR_TABLE
                0x100001c0                isr_irq30
                0x100001c0                __unhandled_user_irq
                0x100001c0                isr_irq13
                0x100001c0                isr_irq27
                0x100001c0                isr_irq31
                0x100001c0                isr_irq5
                0x100001c0                isr_irq11
                0x100001c0                isr_irq23
                0x100001c0                isr_irq18
                0x100001c0                isr_irq28
                0x100001c0                isr_irq19
                0x100001c0                isr_irq0
                0x100001c0                isr_irq6
                0x100001c0                isr_irq22
                0x100001c0                isr_irq17
                0x100001c0                isr_irq14
                0x100001c0                __vectors_end
                0x100001c0                __default_isrs_start
                0x100001c0                isr_irq2
                0x100001c0                isr_irq10
                0x100001c0                isr_irq8
                0x100001c0                isr_irq24
                0x100001c0                isr_irq1
                0x100001c0                isr_irq7
                0x100001c0                isr_irq21
                0x100001c0                isr_irq20
                0x100001c0                isr_irq15
                0x100001c0                isr_irq25
                0x100001c0                isr_irq4
                0x100001c0                isr_irq16
                0x100001c0                isr_irq29
                0x100001c0                isr_irq26
                0x100001c0                isr_irq3
                0x100001c0                isr_irq12
                0x100001c0                isr_irq9
                0x100001c6                unhandled_user_irq_num_in_r0
                0x100001c8                isr_invalid
                0x100001ca                isr_nmi
                0x100001cc                isr_hardfault
                0x100001ce                isr_svcall
                0x100001d0                isr_pendsv
                0x100001d2                isr_systick
                0x100001d4                __default_isrs_end
 *(.binary_info_header)
 .binary_info_header
                0x100001d4       0x14 CMakeFiles/blink.dir/home/pushkino/Documentos/Ingenieria/scripts/rp2040/pico-sdk/src/rp2_common/pico_crt0/crt0.S.o
                0x100001e8                        __binary_info_header_end = .
 *(.embedded_block)
                0x100001e8                        __embedded_block_end = .
 *(.reset)
 .reset         0x100001e8       0x9c CMakeFiles/blink.dir/home/pushkino/Documentos/Ingenieria/scripts/rp2040/pico-sdk/src/rp2_common/pico_crt0/crt0.S.o
                0x100001e8                _entry_point
 *(.init)
 .init          0x10000284        0x4 /home/pushkino/opt/arm-gnu-toolchain-15.2.rel1-x86_64-arm-none-eabi/bin/../lib/gcc/arm-none-eabi/15.2.1/thumb/v6-m/nofp/crti.o
                0x10000284                _init
 *(EXCLUDE_FILE(*libm.a: *libc.a:*lib_a-mem*.o *libgcc.a:) .text*)
 .text.register_tm_clones
                0x10000288       0x28 /home/pushkino/opt/arm-gnu-toolchain-15.2.rel1-x86_64-arm-none-eabi/bin/../lib/gcc/arm-none-eabi/15.2.1/thumb/v6-m/nofp/crtbegin.o
 .text.frame_dummy
                0x100002b0       0x24 /home/pushkino/opt/arm-gnu-toolchain-15.2.rel1-x86_64-arm-none-eabi/bin/../lib/gcc/arm-none-eabi/15.2.1/thumb/v6-m/nofp/crtbegin.o
 .text.startup.main
                0x100002d4       0x34 CMakeFiles/blink.dir/blink.c.o
                0x100002d4                main
 .text.gpio_set_function
                0x10000308       0x30 CMakeFiles/blink.dir/home/pushkino/Documentos/Ingenieria/scripts/rp2040/pico-sdk/src/rp2_common/hardware_gpio/gpio.c.o
                0x10000308                gpio_set_function
 .text.gpio_set_pulls
                0x10000338       0x24 CMakeFiles/blink.dir/home/pushkino/Documentos/Ingenieria/scripts/rp2040/pico-sdk/src/rp2_common/hardware_gpio/gpio.c.o
                0x10000338                gpio_set_pulls
 .text.gpio_set_input_hysteresis_enabled
                0x1000035c       0x24 CMakeFiles/blink.dir/home/pushkino/Documentos/Ingenieria/scripts/rp2040/pico-sdk/src/rp2_common/hardware_gpio/gpio.c.o
                0x1000035c                gpio_set_input_hysteresis_enabled
 .text.gpio_set_irq_enabled
                0x10000380       0x54 CMakeFiles/blink.dir/home/pushkino/Documentos/Ingenieria/scripts/rp2040/pico-sdk/src/rp2_common/hardware_gpio/gpio.c.o
                0x10000380                gpio_set_irq_enabled
 .text.gpio_add_raw_irq_handler_with_order_priority_masked
                0x100003d4       0x40 CMakeFiles/blink.dir/home/pushkino/Documentos/Ingenieria/scripts/rp2040/pico-sdk/src/rp2_common/hardware_gpio/gpio.c.o
                0x100003d4                gpio_add_raw_irq_handler_with_order_priority_masked
 .text.gpio_remove_raw_irq_handler_masked
                0x10000414       0x20 CMakeFiles/blink.dir/home/pushkino/Documentos/Ingenieria/scripts/rp2040/pico-sdk/src/rp2_common/hardware_gpio/gpio.c.o
                0x10000414                gpio_remove_raw_irq_handler_masked
 .text.gpio_init
                0x10000434       0x3c CMakeFiles/blink.dir/home/pushkino/Documentos/Ingenieria/scripts/rp2040/pico-sdk/src/rp2_common/hardware_gpio/gpio.c.o
                0x10000434                gpio_init
 .text.panic    0x10000470       0x30 CMakeFiles/blink.dir/home/pushkino/Documentos/Ingenieria/scripts/rp2040/pico-sdk/src/rp2_common/pico_platform_panic/panic.c.o
                0x10000470                panic
 .text.hw_claim_lock
                0x100004a0       0x18 CMakeFiles/blink.dir/home/pushkino/Documentos/Ingenieria/scripts/rp2040/pico-sdk/src/common/hardware_claim/claim.c.o
                0x100004a0                hw_claim_lock
 .text.hw_claim_unlock
                0x100004b8       0x14 CMakeFiles/blink.dir/home/pushkino/Documentos/Ingenieria/scripts/rp2040/pico-sdk/src/common/hardware_claim/claim.c.o
                0x100004b8                hw_claim_unlock
 .text.hw_claim_or_assert
                0x100004cc       0x50 CMakeFiles/blink.dir/home/pushkino/Documentos/Ingenieria/scripts/rp2040/pico-sdk/src/common/hardware_claim/claim.c.o
                0x100004cc                hw_claim_or_assert
 .text.hw_claim_unused_from_range
                0x1000051c       0x88 CMakeFiles/blink.dir/home/pushkino/Documentos/Ingenieria/scripts/rp2040/pico-sdk/src/common/hardware_claim/claim.c.o
                0x1000051c                hw_claim_unused_from_range
 .text.hw_claim_clear
                0x100005a4       0x40 CMakeFiles/blink.dir/home/pushkino/Documentos/Ingenieria/scripts/rp2040/pico-sdk/src/common/hardware_claim/claim.c.o
                0x100005a4                hw_claim_clear
 .text.next_striped_spin_lock_num
                0x100005e4       0x18 CMakeFiles/blink.dir/home/pushkino/Documentos/Ingenieria/scripts/rp2040/pico-sdk/src/rp2_common/hardware_sync/sync.c.o
                0x100005e4                next_striped_spin_lock_num
 .text.spin_locks_reset
                0x100005fc       0x1c CMakeFiles/blink.dir/home/pushkino/Documentos/Ingenieria/scripts/rp2040/pico-sdk/src/rp2_common/hardware_sync_spin_lock/sync_spin_lock.c.o
                0x100005fc                spin_locks_reset
 .text.runtime_init_per_core_irq_priorities
                0x10000618       0x48 CMakeFiles/blink.dir/home/pushkino/Documentos/Ingenieria/scripts/rp2040/pico-sdk/src/rp2_common/hardware_irq/irq.c.o
                0x10000618                runtime_init_per_core_irq_priorities
 .text.irq_set_enabled
                0x10000660       0x24 CMakeFiles/blink.dir/home/pushkino/Documentos/Ingenieria/scripts/rp2040/pico-sdk/src/rp2_common/hardware_irq/irq.c.o
                0x10000660                irq_set_enabled
 .text.irq_set_pending
                0x10000684       0x10 CMakeFiles/blink.dir/home/pushkino/Documentos/Ingenieria/scripts/rp2040/pico-sdk/src/rp2_common/hardware_irq/irq.c.o
                0x10000684                irq_set_pending
 .text.irq_set_exclusive_handler
                0x10000694       0x54 CMakeFiles/blink.dir/home/pushkino/Documentos/Ingenieria/scripts/rp2040/pico-sdk/src/rp2_common/hardware_irq/irq.c.o
                0x10000694                irq_set_exclusive_handler
 .text.irq_add_shared_handler
                0x100006e8      0x1cc CMakeFiles/blink.dir/home/pushkino/Documentos/Ingenieria/scripts/rp2040/pico-sdk/src/rp2_common/hardware_irq/irq.c.o
                0x100006e8                irq_add_shared_handler
 .text.irq_remove_handler
                0x100008b4      0x1c8 CMakeFiles/blink.dir/home/pushkino/Documentos/Ingenieria/scripts/rp2040/pico-sdk/src/rp2_common/hardware_irq/irq.c.o
                0x100008b4                irq_remove_handler
 .text.irq_set_priority
                0x10000a7c       0x28 CMakeFiles/blink.dir/home/pushkino/Documentos/Ingenieria/scripts/rp2040/pico-sdk/src/rp2_common/hardware_irq/irq.c.o
                0x10000a7c                irq_set_priority
 .text.irq_add_tail_to_free_list
                0x10000aa4       0xb4 CMakeFiles/blink.dir/home/pushkino/Documentos/Ingenieria/scripts/rp2040/pico-sdk/src/rp2_common/hardware_irq/irq.c.o
                0x10000aa4                irq_add_tail_to_free_list
 .text.user_irq_unclaim
                0x10000b58       0x14 CMakeFiles/blink.dir/home/pushkino/Documentos/Ingenieria/scripts/rp2040/pico-sdk/src/rp2_common/hardware_irq/irq.c.o
                0x10000b58                user_irq_unclaim
 .text.user_irq_claim_unused
                0x10000b6c       0x28 CMakeFiles/blink.dir/home/pushkino/Documentos/Ingenieria/scripts/rp2040/pico-sdk/src/rp2_common/hardware_irq/irq.c.o
                0x10000b6c                user_irq_claim_unused
 .text.sem_init
                0x10000b94       0x20 CMakeFiles/blink.dir/home/pushkino/Documentos/Ingenieria/scripts/rp2040/pico-sdk/src/common/pico_sync/sem.c.o
                0x10000b94                sem_init
 .text.lock_init
                0x10000bb4       0x10 CMakeFiles/blink.dir/home/pushkino/Documentos/Ingenieria/scripts/rp2040/pico-sdk/src/common/pico_sync/lock_core.c.o
                0x10000bb4                lock_init
 .text.runtime_init_mutex
                0x10000bc4       0x50 CMakeFiles/blink.dir/home/pushkino/Documentos/Ingenieria/scripts/rp2040/pico-sdk/src/common/pico_sync/mutex.c.o
                0x10000bc4                runtime_init_mutex
 .text.recursive_mutex_init
                0x10000c14       0x1c CMakeFiles/blink.dir/home/pushkino/Documentos/Ingenieria/scripts/rp2040/pico-sdk/src/common/pico_sync/mutex.c.o
                0x10000c14                recursive_mutex_init
 .text.sleep_until_callback
                0x10000c30       0x30 CMakeFiles/blink.dir/home/pushkino/Documentos/Ingenieria/scripts/rp2040/pico-sdk/src/common/pico_time/time.c.o
 .text.alarm_pool_irq_handler
                0x10000c60      0x2f4 CMakeFiles/blink.dir/home/pushkino/Documentos/Ingenieria/scripts/rp2040/pico-sdk/src/common/pico_time/time.c.o
 .text.runtime_init_default_alarm_pool
                0x10000f54       0xd8 CMakeFiles/blink.dir/home/pushkino/Documentos/Ingenieria/scripts/rp2040/pico-sdk/src/common/pico_time/time.c.o
                0x10000f54                runtime_init_default_alarm_pool
 .text.alarm_pool_get_default
                0x1000102c        0x8 CMakeFiles/blink.dir/home/pushkino/Documentos/Ingenieria/scripts/rp2040/pico-sdk/src/common/pico_time/time.c.o
                0x1000102c                alarm_pool_get_default
 .text.alarm_pool_add_alarm_at
                0x10001034       0xcc CMakeFiles/blink.dir/home/pushkino/Documentos/Ingenieria/scripts/rp2040/pico-sdk/src/common/pico_time/time.c.o
                0x10001034                alarm_pool_add_alarm_at
 .text.alarm_pool_add_alarm_at_force_in_context
                0x10001100       0xbc CMakeFiles/blink.dir/home/pushkino/Documentos/Ingenieria/scripts/rp2040/pico-sdk/src/common/pico_time/time.c.o
                0x10001100                alarm_pool_add_alarm_at_force_in_context
 .text.alarm_pool_cancel_alarm
                0x100011bc       0x74 CMakeFiles/blink.dir/home/pushkino/Documentos/Ingenieria/scripts/rp2040/pico-sdk/src/common/pico_time/time.c.o
                0x100011bc                alarm_pool_cancel_alarm
 .text.sleep_until
                0x10001230       0xc8 CMakeFiles/blink.dir/home/pushkino/Documentos/Ingenieria/scripts/rp2040/pico-sdk/src/common/pico_time/time.c.o
                0x10001230                sleep_until
 .text.sleep_ms
                0x100012f8       0xfc CMakeFiles/blink.dir/home/pushkino/Documentos/Ingenieria/scripts/rp2040/pico-sdk/src/common/pico_time/time.c.o
                0x100012f8                sleep_ms
 .text.best_effort_wfe_or_timeout
                0x100013f4      0x100 CMakeFiles/blink.dir/home/pushkino/Documentos/Ingenieria/scripts/rp2040/pico-sdk/src/common/pico_time/time.c.o
                0x100013f4                best_effort_wfe_or_timeout
 .text.timer_hardware_alarm_claim
                0x100014f4       0x14 CMakeFiles/blink.dir/home/pushkino/Documentos/Ingenieria/scripts/rp2040/pico-sdk/src/rp2_common/hardware_timer/timer.c.o
                0x100014f4                timer_hardware_alarm_claim
 .text.timer_time_us_64
                0x10001508       0x10 CMakeFiles/blink.dir/home/pushkino/Documentos/Ingenieria/scripts/rp2040/pico-sdk/src/rp2_common/hardware_timer/timer.c.o
                0x10001508                timer_time_us_64
 .text.time_us_64
                0x10001518       0x14 CMakeFiles/blink.dir/home/pushkino/Documentos/Ingenieria/scripts/rp2040/pico-sdk/src/rp2_common/hardware_timer/timer.c.o
                0x10001518                time_us_64
 .text.busy_wait_until
                0x1000152c       0x20 CMakeFiles/blink.dir/home/pushkino/Documentos/Ingenieria/scripts/rp2040/pico-sdk/src/rp2_common/hardware_timer/timer.c.o
                0x1000152c                busy_wait_until
 .text.clock_configure_int_divider
                0x1000154c       0xec CMakeFiles/blink.dir/home/pushkino/Documentos/Ingenieria/scripts/rp2040/pico-sdk/src/rp2_common/hardware_clocks/clocks.c.o
                0x1000154c                clock_configure_int_divider
 .text.clock_configure_undivided
                0x10001638       0xe0 CMakeFiles/blink.dir/home/pushkino/Documentos/Ingenieria/scripts/rp2040/pico-sdk/src/rp2_common/hardware_clocks/clocks.c.o
                0x10001638                clock_configure_undivided
 .text.clock_get_hz
                0x10001718        0xc CMakeFiles/blink.dir/home/pushkino/Documentos/Ingenieria/scripts/rp2040/pico-sdk/src/rp2_common/hardware_clocks/clocks.c.o
                0x10001718                clock_get_hz
 .text.pll_init
                0x10001724       0xb0 CMakeFiles/blink.dir/home/pushkino/Documentos/Ingenieria/scripts/rp2040/pico-sdk/src/rp2_common/hardware_pll/pll.c.o
                0x10001724                pll_init
 .text.tick_start
                0x100017d4       0x10 CMakeFiles/blink.dir/home/pushkino/Documentos/Ingenieria/scripts/rp2040/pico-sdk/src/rp2_common/hardware_ticks/ticks.c.o
                0x100017d4                tick_start
 .text.rom_func_lookup
                0x100017e4       0x10 CMakeFiles/blink.dir/home/pushkino/Documentos/Ingenieria/scripts/rp2040/pico-sdk/src/rp2_common/pico_bootrom/bootrom.c.o
                0x100017e4                rom_func_lookup
 .text.rom_data_lookup
                0x100017f4       0x10 CMakeFiles/blink.dir/home/pushkino/Documentos/Ingenieria/scripts/rp2040/pico-sdk/src/rp2_common/pico_bootrom/bootrom.c.o
                0x100017f4                rom_data_lookup
 .text.rom_funcs_lookup
                0x10001804       0x44 CMakeFiles/blink.dir/home/pushkino/Documentos/Ingenieria/scripts/rp2040/pico-sdk/src/rp2_common/pico_bootrom/bootrom.c.o
                0x10001804                rom_funcs_lookup
 .text.xosc_init
                0x10001848       0x28 CMakeFiles/blink.dir/home/pushkino/Documentos/Ingenieria/scripts/rp2040/pico-sdk/src/rp2_common/hardware_xosc/xosc.c.o
                0x10001848                xosc_init
 .text.first_per_core_initializer
                0x10001870        0x4 CMakeFiles/blink.dir/home/pushkino/Documentos/Ingenieria/scripts/rp2040/pico-sdk/src/rp2_common/pico_runtime/runtime.c.o
 .text.hard_assertion_failure
                0x10001874        0xc CMakeFiles/blink.dir/home/pushkino/Documentos/Ingenieria/scripts/rp2040/pico-sdk/src/rp2_common/pico_runtime/runtime.c.o
                0x10001874                hard_assertion_failure
 .text.runtime_run_initializers
                0x10001880       0x28 CMakeFiles/blink.dir/home/pushkino/Documentos/Ingenieria/scripts/rp2040/pico-sdk/src/rp2_common/pico_runtime/runtime.c.o
                0x10001880                runtime_run_initializers
 .text.runtime_init_early_resets
                0x100018a8       0x2c CMakeFiles/blink.dir/home/pushkino/Documentos/Ingenieria/scripts/rp2040/pico-sdk/src/rp2_common/pico_runtime_init/runtime_init.c.o
                0x100018a8                runtime_init_early_resets
 .text.runtime_init_usb_power_down
                0x100018d4       0x1c CMakeFiles/blink.dir/home/pushkino/Documentos/Ingenieria/scripts/rp2040/pico-sdk/src/rp2_common/pico_runtime_init/runtime_init.c.o
                0x100018d4                runtime_init_usb_power_down
 .text.runtime_init_post_clock_resets
                0x100018f0       0x20 CMakeFiles/blink.dir/home/pushkino/Documentos/Ingenieria/scripts/rp2040/pico-sdk/src/rp2_common/pico_runtime_init/runtime_init.c.o
                0x100018f0                runtime_init_post_clock_resets
 .text.runtime_init_rp2040_gpio_ie_disable
                0x10001910       0x14 CMakeFiles/blink.dir/home/pushkino/Documentos/Ingenieria/scripts/rp2040/pico-sdk/src/rp2_common/pico_runtime_init/runtime_init.c.o
                0x10001910                runtime_init_rp2040_gpio_ie_disable
 .text.runtime_init_spin_locks_reset
                0x10001924        0x8 CMakeFiles/blink.dir/home/pushkino/Documentos/Ingenieria/scripts/rp2040/pico-sdk/src/rp2_common/pico_runtime_init/runtime_init.c.o
                0x10001924                runtime_init_spin_locks_reset
 .text.runtime_init_install_ram_vector_table
                0x1000192c       0xb8 CMakeFiles/blink.dir/home/pushkino/Documentos/Ingenieria/scripts/rp2040/pico-sdk/src/rp2_common/pico_runtime_init/runtime_init.c.o
                0x1000192c                runtime_init_install_ram_vector_table
 .text.runtime_init_clocks
                0x100019e4       0xd8 CMakeFiles/blink.dir/home/pushkino/Documentos/Ingenieria/scripts/rp2040/pico-sdk/src/rp2_common/pico_runtime_init/runtime_init_clocks.c.o
                0x100019e4                runtime_init_clocks
 .text          0x10001abc       0x10 CMakeFiles/blink.dir/home/pushkino/Documentos/Ingenieria/scripts/rp2040/pico-sdk/src/rp2_common/pico_bit_ops/bit_ops_aeabi.S.o
 .text.ctzsi    0x10001acc        0xc CMakeFiles/blink.dir/home/pushkino/Documentos/Ingenieria/scripts/rp2040/pico-sdk/src/rp2_common/pico_bit_ops/bit_ops_aeabi.S.o
                0x10001acc                __wrap___ctzsi2
 .text.__wrap___aeabi_idiv
                0x10001ad8       0x50 CMakeFiles/blink.dir/home/pushkino/Documentos/Ingenieria/scripts/rp2040/pico-sdk/src/rp2_common/pico_divider/divider_hardware.S.o
                0x10001ad8                __wrap___aeabi_idivmod
                0x10001ad8                divmod_s32s32
                0x10001ad8                div_s32s32
                0x10001ad8                __wrap___aeabi_idiv
                0x10001ae0                divmod_s32s32_unsafe
                0x10001b0c                divmod_s32s32_savestate
 .text.__wrap___aeabi_uidiv
                0x10001b28       0x4c CMakeFiles/blink.dir/home/pushkino/Documentos/Ingenieria/scripts/rp2040/pico-sdk/src/rp2_common/pico_divider/divider_hardware.S.o
                0x10001b28                __wrap___aeabi_uidiv
                0x10001b28                __wrap___aeabi_uidivmod
                0x10001b28                div_u32u32
                0x10001b28                divmod_u32u32
                0x10001b30                divmod_u32u32_unsafe
                0x10001b58                divmod_u32u32_savestate
 .text.__wrap___aeabi_ldiv
                0x10001b74      0x424 CMakeFiles/blink.dir/home/pushkino/Documentos/Ingenieria/scripts/rp2040/pico-sdk/src/rp2_common/pico_divider/divider_hardware.S.o
                0x10001b74                div_s64s64
                0x10001b74                divmod_s64s64
                0x10001b74                __wrap___aeabi_ldivmod
                0x10001ba4                div_u64u64
                0x10001ba4                divmod_u64u64
                0x10001ba4                __wrap___aeabi_uldivmod
                0x10001bb4                divmod_u64u64_savestate
                0x10001bd4                divmod_s64s64_unsafe
                0x10001c5c                divmod_u64u64_unsafe
 .text.__wrap___aeabi_darithmetic
                0x10001f98       0x60 CMakeFiles/blink.dir/home/pushkino/Documentos/Ingenieria/scripts/rp2040/pico-sdk/src/rp2_common/pico_double/double_aeabi_rp2040.S.o
                0x10001f98                __wrap___aeabi_drsub
                0x10001f9e                __wrap___aeabi_dsub
                0x10001fa8                __wrap___aeabi_dadd
                0x10001fb2                __wrap___aeabi_ddiv
                0x10001fe6                __wrap___aeabi_dmul
 .text.__wrap___aeabi_cdcmple
                0x10001ff8       0x6c CMakeFiles/blink.dir/home/pushkino/Documentos/Ingenieria/scripts/rp2040/pico-sdk/src/rp2_common/pico_double/double_aeabi_rp2040.S.o
                0x10001ff8                __wrap___aeabi_cdrcmple
                0x10002008                __wrap___aeabi_cdcmple
                0x10002008                __wrap___aeabi_cdcmpeq
 .text.__wrap___aeabi_dcmplt
                0x10002064        0xc CMakeFiles/blink.dir/home/pushkino/Documentos/Ingenieria/scripts/rp2040/pico-sdk/src/rp2_common/pico_double/double_aeabi_rp2040.S.o
                0x10002064                __wrap___aeabi_dcmplt
 .text.__wrap___aeabi_dcmple
                0x10002070       0x10 CMakeFiles/blink.dir/home/pushkino/Documentos/Ingenieria/scripts/rp2040/pico-sdk/src/rp2_common/pico_double/double_aeabi_rp2040.S.o
                0x10002070                __wrap___aeabi_dcmple
 .text.__wrap___aeabi_dcmpge
                0x10002080       0x10 CMakeFiles/blink.dir/home/pushkino/Documentos/Ingenieria/scripts/rp2040/pico-sdk/src/rp2_common/pico_double/double_aeabi_rp2040.S.o
                0x10002080                __wrap___aeabi_dcmpge
 .text.__wrap___aeabi_dcmpgt
                0x10002090        0xa CMakeFiles/blink.dir/home/pushkino/Documentos/Ingenieria/scripts/rp2040/pico-sdk/src/rp2_common/pico_double/double_aeabi_rp2040.S.o
                0x10002090                __wrap___aeabi_dcmpgt
 .text.__wrap___aeabi_dcmpun
                0x1000209a       0x18 CMakeFiles/blink.dir/home/pushkino/Documentos/Ingenieria/scripts/rp2040/pico-sdk/src/rp2_common/pico_double/double_aeabi_rp2040.S.o
                0x1000209a                __wrap___aeabi_dcmpun
 *fill*         0x100020b2        0x2 
 .text.__wrap___aeabi_i2d
                0x100020b4       0x38 CMakeFiles/blink.dir/home/pushkino/Documentos/Ingenieria/scripts/rp2040/pico-sdk/src/rp2_common/pico_double/double_aeabi_rp2040.S.o
                0x100020b4                __wrap___aeabi_ui2d
                0x100020b4                uint2double
                0x100020bc                __wrap___aeabi_i2d
                0x100020bc                int2double
 .text.__wrap___aeabi_d2iz
                0x100020ec       0x48 CMakeFiles/blink.dir/home/pushkino/Documentos/Ingenieria/scripts/rp2040/pico-sdk/src/rp2_common/pico_double/double_aeabi_rp2040.S.o
                0x100020ec                __wrap___aeabi_d2iz
                0x100020ec                double2int_z
 .text.__wrap___aeabi_d2uiz
                0x10002134       0x10 CMakeFiles/blink.dir/home/pushkino/Documentos/Ingenieria/scripts/rp2040/pico-sdk/src/rp2_common/pico_double/double_aeabi_rp2040.S.o
                0x10002134                double2uint_z
                0x10002134                double2uint
                0x10002134                __wrap___aeabi_d2uiz
 .text.missing_double_func_shim
                0x10002144        0xc CMakeFiles/blink.dir/home/pushkino/Documentos/Ingenieria/scripts/rp2040/pico-sdk/src/rp2_common/pico_double/double_init_rom_rp2040.c.o
 .text.__aeabi_double_init
                0x10002150       0xa0 CMakeFiles/blink.dir/home/pushkino/Documentos/Ingenieria/scripts/rp2040/pico-sdk/src/rp2_common/pico_double/double_init_rom_rp2040.c.o
                0x10002150                __aeabi_double_init
 .text.double_table_shim_on_use_helper
                0x100021f0       0x2c CMakeFiles/blink.dir/home/pushkino/Documentos/Ingenieria/scripts/rp2040/pico-sdk/src/rp2_common/pico_double/double_v1_rom_shim_rp2040.S.o
                0x100021f0                double_table_shim_on_use_helper
 .text.__aeabi_lmul
                0x1000221c       0x32 CMakeFiles/blink.dir/home/pushkino/Documentos/Ingenieria/scripts/rp2040/pico-sdk/src/rp2_common/pico_int64_ops/pico_int64_ops_aeabi.S.o
                0x1000221c                __wrap___aeabi_lmul
 *fill*         0x1000224e        0x2 
 .text.missing_float_func_shim
                0x10002250        0xc CMakeFiles/blink.dir/home/pushkino/Documentos/Ingenieria/scripts/rp2040/pico-sdk/src/rp2_common/pico_float/float_init_rom_rp2040.c.o
 .text.__aeabi_float_init
                0x1000225c       0x60 CMakeFiles/blink.dir/home/pushkino/Documentos/Ingenieria/scripts/rp2040/pico-sdk/src/rp2_common/pico_float/float_init_rom_rp2040.c.o
                0x1000225c                __aeabi_float_init
 .text          0x100022bc       0x10 CMakeFiles/blink.dir/home/pushkino/Documentos/Ingenieria/scripts/rp2040/pico-sdk/src/rp2_common/pico_mem_ops/mem_ops_aeabi.S.o
                0x100022bc                __aeabi_mem_init
 .text.memset   0x100022cc        0xc CMakeFiles/blink.dir/home/pushkino/Documentos/Ingenieria/scripts/rp2040/pico-sdk/src/rp2_common/pico_mem_ops/mem_ops_aeabi.S.o
                0x100022cc                __wrap_memset
 .text.memcpy   0x100022d8        0xc CMakeFiles/blink.dir/home/pushkino/Documentos/Ingenieria/scripts/rp2040/pico-sdk/src/rp2_common/pico_mem_ops/mem_ops_aeabi.S.o
                0x100022d8                __wrap___aeabi_memcpy
                0x100022d8                __wrap_memcpy
 .text._out_null
                0x100022e4        0x4 CMakeFiles/blink.dir/home/pushkino/Documentos/Ingenieria/scripts/rp2040/pico-sdk/src/rp2_common/pico_printf/printf.c.o
 .text._out_rev
                0x100022e8       0xa8 CMakeFiles/blink.dir/home/pushkino/Documentos/Ingenieria/scripts/rp2040/pico-sdk/src/rp2_common/pico_printf/printf.c.o
 .text._ntoa_format
                0x10002390      0x1d8 CMakeFiles/blink.dir/home/pushkino/Documentos/Ingenieria/scripts/rp2040/pico-sdk/src/rp2_common/pico_printf/printf.c.o
 .text._out_char
                0x10002568       0x10 CMakeFiles/blink.dir/home/pushkino/Documentos/Ingenieria/scripts/rp2040/pico-sdk/src/rp2_common/pico_printf/printf.c.o
 .text._out_fct
                0x10002578       0x10 CMakeFiles/blink.dir/home/pushkino/Documentos/Ingenieria/scripts/rp2040/pico-sdk/src/rp2_common/pico_printf/printf.c.o
 .text._ftoa    0x10002588      0x474 CMakeFiles/blink.dir/home/pushkino/Documentos/Ingenieria/scripts/rp2040/pico-sdk/src/rp2_common/pico_printf/printf.c.o
 .text._etoa    0x100029fc      0x560 CMakeFiles/blink.dir/home/pushkino/Documentos/Ingenieria/scripts/rp2040/pico-sdk/src/rp2_common/pico_printf/printf.c.o
 .text._vsnprintf
                0x10002f5c      0xab8 CMakeFiles/blink.dir/home/pushkino/Documentos/Ingenieria/scripts/rp2040/pico-sdk/src/rp2_common/pico_printf/printf.c.o
 .text.vfctprintf
                0x10003a14       0x20 CMakeFiles/blink.dir/home/pushkino/Documentos/Ingenieria/scripts/rp2040/pico-sdk/src/rp2_common/pico_printf/printf.c.o
                0x10003a14                vfctprintf
 .text.weak_raw_vprintf
                0x10003a34       0x30 CMakeFiles/blink.dir/home/pushkino/Documentos/Ingenieria/scripts/rp2040/pico-sdk/src/rp2_common/pico_printf/printf.c.o
                0x10003a34                weak_raw_vprintf
 .text._exit    0x10003a64        0x4 CMakeFiles/blink.dir/home/pushkino/Documentos/Ingenieria/scripts/rp2040/pico-sdk/src/rp2_common/pico_clib_interface/newlib_interface.c.o
                0x10003a64                _exit
 .text.exit     0x10003a68        0x8 CMakeFiles/blink.dir/home/pushkino/Documentos/Ingenieria/scripts/rp2040/pico-sdk/src/rp2_common/pico_clib_interface/newlib_interface.c.o
                0x10003a68                exit
 .text.runtime_init
                0x10003a70       0x2c CMakeFiles/blink.dir/home/pushkino/Documentos/Ingenieria/scripts/rp2040/pico-sdk/src/rp2_common/pico_clib_interface/newlib_interface.c.o
                0x10003a70                runtime_init
 .text.stdio_out_chars_no_crlf
                0x10003a9c       0x10 CMakeFiles/blink.dir/home/pushkino/Documentos/Ingenieria/scripts/rp2040/pico-sdk/src/rp2_common/pico_stdio/stdio.c.o
 .text.stdio_out_chars_crlf
                0x10003aac       0x90 CMakeFiles/blink.dir/home/pushkino/Documentos/Ingenieria/scripts/rp2040/pico-sdk/src/rp2_common/pico_stdio/stdio.c.o
 .text.stdio_buffered_printer
                0x10003b3c       0x64 CMakeFiles/blink.dir/home/pushkino/Documentos/Ingenieria/scripts/rp2040/pico-sdk/src/rp2_common/pico_stdio/stdio.c.o
 .text.stdio_put_string
                0x10003ba0       0xf4 CMakeFiles/blink.dir/home/pushkino/Documentos/Ingenieria/scripts/rp2040/pico-sdk/src/rp2_common/pico_stdio/stdio.c.o
                0x10003ba0                stdio_put_string
 .text.__wrap_putchar
                0x10003c94       0x94 CMakeFiles/blink.dir/home/pushkino/Documentos/Ingenieria/scripts/rp2040/pico-sdk/src/rp2_common/pico_stdio/stdio.c.o
                0x10003c94                stdio_putchar
                0x10003c94                __wrap_putchar
 .text.__wrap_puts
                0x10003d28       0x3c CMakeFiles/blink.dir/home/pushkino/Documentos/Ingenieria/scripts/rp2040/pico-sdk/src/rp2_common/pico_stdio/stdio.c.o
                0x10003d28                __wrap_puts
                0x10003d28                stdio_puts
 .text.__wrap_vprintf
                0x10003d64       0xc8 CMakeFiles/blink.dir/home/pushkino/Documentos/Ingenieria/scripts/rp2040/pico-sdk/src/rp2_common/pico_stdio/stdio.c.o
                0x10003d64                __wrap_vprintf
                0x10003d64                stdio_vprintf
 .text.__wrap_printf
                0x10003e2c       0x18 CMakeFiles/blink.dir/home/pushkino/Documentos/Ingenieria/scripts/rp2040/pico-sdk/src/rp2_common/pico_stdio/stdio.c.o
                0x10003e2c                stdio_printf
                0x10003e2c                __wrap_printf
 .text.cyw43_arch_set_async_context
                0x10003e44        0xc CMakeFiles/blink.dir/home/pushkino/Documentos/Ingenieria/scripts/rp2040/pico-sdk/src/rp2_common/pico_cyw43_arch/cyw43_arch.c.o
                0x10003e44                cyw43_arch_set_async_context
 .text.cyw43_arch_gpio_put
                0x10003e50       0x14 CMakeFiles/blink.dir/home/pushkino/Documentos/Ingenieria/scripts/rp2040/pico-sdk/src/rp2_common/pico_cyw43_arch/cyw43_arch.c.o
                0x10003e50                cyw43_arch_gpio_put
 .text.cyw43_arch_async_context
                0x10003e64        0xc CMakeFiles/blink.dir/home/pushkino/Documentos/Ingenieria/scripts/rp2040/pico-sdk/src/rp2_common/pico_cyw43_arch/cyw43_arch.c.o
                0x10003e64                cyw43_arch_async_context
 .text.cyw43_arch_init
                0x10003e70       0x64 CMakeFiles/blink.dir/home/pushkino/Documentos/Ingenieria/scripts/rp2040/pico-sdk/src/rp2_common/pico_cyw43_arch/cyw43_arch_threadsafe_background.c.o
                0x10003e70                cyw43_arch_init
 .text.startup._retrieve_unique_id_on_boot
                0x10003ed4       0x10 CMakeFiles/blink.dir/home/pushkino/Documentos/Ingenieria/scripts/rp2040/pico-sdk/src/rp2_common/pico_unique_id/unique_id.c.o
 .text.pico_get_unique_board_id
                0x10003ee4       0x10 CMakeFiles/blink.dir/home/pushkino/Documentos/Ingenieria/scripts/rp2040/pico-sdk/src/rp2_common/pico_unique_id/unique_id.c.o
                0x10003ee4                pico_get_unique_board_id
 .text.flash_get_unique_id
                0x10003ef4       0x3c CMakeFiles/blink.dir/home/pushkino/Documentos/Ingenieria/scripts/rp2040/pico-sdk/src/rp2_common/hardware_flash/flash.c.o
                0x10003ef4                flash_get_unique_id
 .text.ns_delay.constprop.0
                0x10003f30       0x20 CMakeFiles/blink.dir/home/pushkino/Documentos/Ingenieria/scripts/rp2040/pico-sdk/src/rp2_common/pico_cyw43_driver/cyw43_bus_pio_spi.c.o
 .text.cyw43_spi_deinit
                0x10003f50       0x6c CMakeFiles/blink.dir/home/pushkino/Documentos/Ingenieria/scripts/rp2040/pico-sdk/src/rp2_common/pico_cyw43_driver/cyw43_bus_pio_spi.c.o
                0x10003f50                cyw43_spi_deinit
 .text.cyw43_spi_init
                0x10003fbc      0x128 CMakeFiles/blink.dir/home/pushkino/Documentos/Ingenieria/scripts/rp2040/pico-sdk/src/rp2_common/pico_cyw43_driver/cyw43_bus_pio_spi.c.o
                0x10003fbc                cyw43_spi_init
 .text.cyw43_spi_transfer
                0x100040e4      0x41c CMakeFiles/blink.dir/home/pushkino/Documentos/Ingenieria/scripts/rp2040/pico-sdk/src/rp2_common/pico_cyw43_driver/cyw43_bus_pio_spi.c.o
                0x100040e4                cyw43_spi_transfer
 .text.cyw43_spi_gpio_setup
                0x10004500       0x3c CMakeFiles/blink.dir/home/pushkino/Documentos/Ingenieria/scripts/rp2040/pico-sdk/src/rp2_common/pico_cyw43_driver/cyw43_bus_pio_spi.c.o
                0x10004500                cyw43_spi_gpio_setup
 .text.cyw43_spi_reset
                0x1000453c       0x28 CMakeFiles/blink.dir/home/pushkino/Documentos/Ingenieria/scripts/rp2040/pico-sdk/src/rp2_common/pico_cyw43_driver/cyw43_bus_pio_spi.c.o
                0x1000453c                cyw43_spi_reset
 .text.read_reg_u32_swap
                0x10004564       0x44 CMakeFiles/blink.dir/home/pushkino/Documentos/Ingenieria/scripts/rp2040/pico-sdk/src/rp2_common/pico_cyw43_driver/cyw43_bus_pio_spi.c.o
                0x10004564                read_reg_u32_swap
 .text.cyw43_read_reg_u32
                0x100045a8       0x54 CMakeFiles/blink.dir/home/pushkino/Documentos/Ingenieria/scripts/rp2040/pico-sdk/src/rp2_common/pico_cyw43_driver/cyw43_bus_pio_spi.c.o
                0x100045a8                cyw43_read_reg_u32
 .text.cyw43_read_reg_u16
                0x100045fc       0x54 CMakeFiles/blink.dir/home/pushkino/Documentos/Ingenieria/scripts/rp2040/pico-sdk/src/rp2_common/pico_cyw43_driver/cyw43_bus_pio_spi.c.o
                0x100045fc                cyw43_read_reg_u16
 .text.cyw43_read_reg_u8
                0x10004650       0x54 CMakeFiles/blink.dir/home/pushkino/Documentos/Ingenieria/scripts/rp2040/pico-sdk/src/rp2_common/pico_cyw43_driver/cyw43_bus_pio_spi.c.o
                0x10004650                cyw43_read_reg_u8
 .text.write_reg_u32_swap
                0x100046a4      0x1f8 CMakeFiles/blink.dir/home/pushkino/Documentos/Ingenieria/scripts/rp2040/pico-sdk/src/rp2_common/pico_cyw43_driver/cyw43_bus_pio_spi.c.o
                0x100046a4                write_reg_u32_swap
 .text.cyw43_write_reg_u32
                0x1000489c      0x1f4 CMakeFiles/blink.dir/home/pushkino/Documentos/Ingenieria/scripts/rp2040/pico-sdk/src/rp2_common/pico_cyw43_driver/cyw43_bus_pio_spi.c.o
                0x1000489c                cyw43_write_reg_u32
 .text.cyw43_write_reg_u16
                0x10004a90      0x1f4 CMakeFiles/blink.dir/home/pushkino/Documentos/Ingenieria/scripts/rp2040/pico-sdk/src/rp2_common/pico_cyw43_driver/cyw43_bus_pio_spi.c.o
                0x10004a90                cyw43_write_reg_u16
 .text.cyw43_write_reg_u8
                0x10004c84      0x1f4 CMakeFiles/blink.dir/home/pushkino/Documentos/Ingenieria/scripts/rp2040/pico-sdk/src/rp2_common/pico_cyw43_driver/cyw43_bus_pio_spi.c.o
                0x10004c84                cyw43_write_reg_u8
 .text.cyw43_read_bytes
                0x10004e78       0x80 CMakeFiles/blink.dir/home/pushkino/Documentos/Ingenieria/scripts/rp2040/pico-sdk/src/rp2_common/pico_cyw43_driver/cyw43_bus_pio_spi.c.o
                0x10004e78                cyw43_read_bytes
 .text.cyw43_write_bytes
                0x10004ef8       0xb4 CMakeFiles/blink.dir/home/pushkino/Documentos/Ingenieria/scripts/rp2040/pico-sdk/src/rp2_common/pico_cyw43_driver/cyw43_bus_pio_spi.c.o
                0x10004ef8                cyw43_write_bytes
 .text.cyw43_set_backplane_window
                0x10004fac       0x68 CMakeFiles/blink.dir/home/pushkino/Documentos/Ingenieria/scripts/rp2040/pico-sdk/lib/cyw43-driver/src/cyw43_ll.c.o
 .text.cyw43_ll_parse_async_event
                0x10005014      0x12c CMakeFiles/blink.dir/home/pushkino/Documentos/Ingenieria/scripts/rp2040/pico-sdk/lib/cyw43-driver/src/cyw43_ll.c.o
 .text.cyw43_kso_set
                0x10005140       0x80 CMakeFiles/blink.dir/home/pushkino/Documentos/Ingenieria/scripts/rp2040/pico-sdk/lib/cyw43-driver/src/cyw43_ll.c.o
 .text.cyw43_ll_sdpcm_poll_device
                0x100051c0      0x230 CMakeFiles/blink.dir/home/pushkino/Documentos/Ingenieria/scripts/rp2040/pico-sdk/lib/cyw43-driver/src/cyw43_ll.c.o
 .text.cyw43_sdpcm_send_common
                0x100053f0       0xf4 CMakeFiles/blink.dir/home/pushkino/Documentos/Ingenieria/scripts/rp2040/pico-sdk/lib/cyw43-driver/src/cyw43_ll.c.o
 .text.cyw43_do_ioctl.part.0
                0x100054e4       0xc4 CMakeFiles/blink.dir/home/pushkino/Documentos/Ingenieria/scripts/rp2040/pico-sdk/lib/cyw43-driver/src/cyw43_ll.c.o
 .text.cyw43_write_iovar_u32.constprop.0
                0x100055a8       0x9c CMakeFiles/blink.dir/home/pushkino/Documentos/Ingenieria/scripts/rp2040/pico-sdk/lib/cyw43-driver/src/cyw43_ll.c.o
 .text.cyw43_write_iovar_n
                0x10005644       0x8c CMakeFiles/blink.dir/home/pushkino/Documentos/Ingenieria/scripts/rp2040/pico-sdk/lib/cyw43-driver/src/cyw43_ll.c.o
 .text.cyw43_read_backplane.constprop.0
                0x100056d0       0xe4 CMakeFiles/blink.dir/home/pushkino/Documentos/Ingenieria/scripts/rp2040/pico-sdk/lib/cyw43-driver/src/cyw43_ll.c.o
 .text.cyw43_write_backplane
                0x100057b4      0x104 CMakeFiles/blink.dir/home/pushkino/Documentos/Ingenieria/scripts/rp2040/pico-sdk/lib/cyw43-driver/src/cyw43_ll.c.o
 .text.reset_device_core.constprop.0
                0x100058b8      0x408 CMakeFiles/blink.dir/home/pushkino/Documentos/Ingenieria/scripts/rp2040/pico-sdk/lib/cyw43-driver/src/cyw43_ll.c.o
 .text.cyw43_ll_init
                0x10005cc0       0x1c CMakeFiles/blink.dir/home/pushkino/Documentos/Ingenieria/scripts/rp2040/pico-sdk/lib/cyw43-driver/src/cyw43_ll.c.o
                0x10005cc0                cyw43_ll_init
 .text.cyw43_ll_deinit
                0x10005cdc        0x8 CMakeFiles/blink.dir/home/pushkino/Documentos/Ingenieria/scripts/rp2040/pico-sdk/lib/cyw43-driver/src/cyw43_ll.c.o
                0x10005cdc                cyw43_ll_deinit
 .text.cyw43_ll_process_packets
                0x10005ce4       0x54 CMakeFiles/blink.dir/home/pushkino/Documentos/Ingenieria/scripts/rp2040/pico-sdk/lib/cyw43-driver/src/cyw43_ll.c.o
                0x10005ce4                cyw43_ll_process_packets
 .text.cyw43_ll_ioctl
                0x10005d38       0x7c CMakeFiles/blink.dir/home/pushkino/Documentos/Ingenieria/scripts/rp2040/pico-sdk/lib/cyw43-driver/src/cyw43_ll.c.o
                0x10005d38                cyw43_ll_ioctl
 .text.cyw43_ll_bus_sleep
                0x10005db4       0x34 CMakeFiles/blink.dir/home/pushkino/Documentos/Ingenieria/scripts/rp2040/pico-sdk/lib/cyw43-driver/src/cyw43_ll.c.o
                0x10005db4                cyw43_ll_bus_sleep
 .text.cyw43_ll_wifi_get_mac
                0x10005de8       0x74 CMakeFiles/blink.dir/home/pushkino/Documentos/Ingenieria/scripts/rp2040/pico-sdk/lib/cyw43-driver/src/cyw43_ll.c.o
                0x10005de8                cyw43_ll_wifi_get_mac
 .text.cyw43_ll_bus_init
                0x10005e5c      0x8a4 CMakeFiles/blink.dir/home/pushkino/Documentos/Ingenieria/scripts/rp2040/pico-sdk/lib/cyw43-driver/src/cyw43_ll.c.o
                0x10005e5c                cyw43_ll_bus_init
 .text.cyw43_ll_wifi_set_wpa_auth
                0x10006700       0x48 CMakeFiles/blink.dir/home/pushkino/Documentos/Ingenieria/scripts/rp2040/pico-sdk/lib/cyw43-driver/src/cyw43_ll.c.o
                0x10006700                cyw43_ll_wifi_set_wpa_auth
 .text.cyw43_ll_wifi_rejoin
                0x10006748       0x58 CMakeFiles/blink.dir/home/pushkino/Documentos/Ingenieria/scripts/rp2040/pico-sdk/lib/cyw43-driver/src/cyw43_ll.c.o
                0x10006748                cyw43_ll_wifi_rejoin
 .text.cyw43_ll_gpio_set
                0x100067a0       0x90 CMakeFiles/blink.dir/home/pushkino/Documentos/Ingenieria/scripts/rp2040/pico-sdk/lib/cyw43-driver/src/cyw43_ll.c.o
                0x100067a0                cyw43_ll_gpio_set
 .text.cyw43_ll_has_work
                0x10006830       0x14 CMakeFiles/blink.dir/home/pushkino/Documentos/Ingenieria/scripts/rp2040/pico-sdk/lib/cyw43-driver/src/cyw43_ll.c.o
                0x10006830                cyw43_ll_has_work
 .text.cyw43_poll_func
                0x10006844       0xc0 CMakeFiles/blink.dir/home/pushkino/Documentos/Ingenieria/scripts/rp2040/pico-sdk/lib/cyw43-driver/src/cyw43_ctrl.c.o
 .text.cyw43_init
                0x10006904       0x6c CMakeFiles/blink.dir/home/pushkino/Documentos/Ingenieria/scripts/rp2040/pico-sdk/lib/cyw43-driver/src/cyw43_ctrl.c.o
                0x10006904                cyw43_init
 .text.cyw43_deinit
                0x10006970       0x90 CMakeFiles/blink.dir/home/pushkino/Documentos/Ingenieria/scripts/rp2040/pico-sdk/lib/cyw43-driver/src/cyw43_ctrl.c.o
                0x10006970                cyw43_deinit
 .text.cyw43_cb_read_host_interrupt_pin
                0x10006a00        0xc CMakeFiles/blink.dir/home/pushkino/Documentos/Ingenieria/scripts/rp2040/pico-sdk/lib/cyw43-driver/src/cyw43_ctrl.c.o
                0x10006a00                cyw43_cb_read_host_interrupt_pin
 .text.cyw43_cb_ensure_awake
                0x10006a0c        0xc CMakeFiles/blink.dir/home/pushkino/Documentos/Ingenieria/scripts/rp2040/pico-sdk/lib/cyw43-driver/src/cyw43_ctrl.c.o
                0x10006a0c                cyw43_cb_ensure_awake
 .text.cyw43_cb_process_async_event
                0x10006a18      0x218 CMakeFiles/blink.dir/home/pushkino/Documentos/Ingenieria/scripts/rp2040/pico-sdk/lib/cyw43-driver/src/cyw43_ctrl.c.o
                0x10006a18                cyw43_cb_process_async_event
 .text.cyw43_gpio_set
                0x10006c30       0xa0 CMakeFiles/blink.dir/home/pushkino/Documentos/Ingenieria/scripts/rp2040/pico-sdk/lib/cyw43-driver/src/cyw43_ctrl.c.o
                0x10006c30                cyw43_gpio_set
 .text.pio_sm_set_pindirs_with_mask64
                0x10006cd0       0xa8 CMakeFiles/blink.dir/home/pushkino/Documentos/Ingenieria/scripts/rp2040/pico-sdk/src/rp2_common/hardware_pio/pio.c.o
                0x10006cd0                pio_sm_set_pindirs_with_mask64
 .text.pio_sm_set_consecutive_pindirs
                0x10006d78       0xb0 CMakeFiles/blink.dir/home/pushkino/Documentos/Ingenieria/scripts/rp2040/pico-sdk/src/rp2_common/hardware_pio/pio.c.o
                0x10006d78                pio_sm_set_consecutive_pindirs
 .text.pio_claim_free_sm_and_add_program_for_gpio_range
                0x10006e28      0x190 CMakeFiles/blink.dir/home/pushkino/Documentos/Ingenieria/scripts/rp2040/pico-sdk/src/rp2_common/hardware_pio/pio.c.o
                0x10006e28                pio_claim_free_sm_and_add_program_for_gpio_range
 .text.pio_remove_program_and_unclaim_sm
                0x10006fb8       0x40 CMakeFiles/blink.dir/home/pushkino/Documentos/Ingenieria/scripts/rp2040/pico-sdk/src/rp2_common/hardware_pio/pio.c.o
                0x10006fb8                pio_remove_program_and_unclaim_sm
 .text.dma_channel_unclaim
                0x10006ff8       0x10 CMakeFiles/blink.dir/home/pushkino/Documentos/Ingenieria/scripts/rp2040/pico-sdk/src/rp2_common/hardware_dma/dma.c.o
                0x10006ff8                dma_channel_unclaim
 .text.dma_claim_unused_channel
                0x10007008       0x20 CMakeFiles/blink.dir/home/pushkino/Documentos/Ingenieria/scripts/rp2040/pico-sdk/src/rp2_common/hardware_dma/dma.c.o
                0x10007008                dma_claim_unused_channel
 .text.dma_channel_cleanup
                0x10007028       0x60 CMakeFiles/blink.dir/home/pushkino/Documentos/Ingenieria/scripts/rp2040/pico-sdk/src/rp2_common/hardware_dma/dma.c.o
                0x10007028                dma_channel_cleanup
 .text.cyw43_sleep_timeout_reached
                0x10007088       0x10 CMakeFiles/blink.dir/home/pushkino/Documentos/Ingenieria/scripts/rp2040/pico-sdk/src/rp2_common/pico_cyw43_driver/cyw43_driver.c.o
 .text.cyw43_irq_init
                0x10007098       0x28 CMakeFiles/blink.dir/home/pushkino/Documentos/Ingenieria/scripts/rp2040/pico-sdk/src/rp2_common/pico_cyw43_driver/cyw43_driver.c.o
                0x10007098                cyw43_irq_init
 .text.cyw43_irq_deinit
                0x100070c0       0x20 CMakeFiles/blink.dir/home/pushkino/Documentos/Ingenieria/scripts/rp2040/pico-sdk/src/rp2_common/pico_cyw43_driver/cyw43_driver.c.o
                0x100070c0                cyw43_irq_deinit
 .text.cyw43_gpio_irq_handler
                0x100070e0       0x44 CMakeFiles/blink.dir/home/pushkino/Documentos/Ingenieria/scripts/rp2040/pico-sdk/src/rp2_common/pico_cyw43_driver/cyw43_driver.c.o
 .text.cyw43_do_poll
                0x10007124       0x6c CMakeFiles/blink.dir/home/pushkino/Documentos/Ingenieria/scripts/rp2040/pico-sdk/src/rp2_common/pico_cyw43_driver/cyw43_driver.c.o
 .text.cyw43_post_poll_hook
                0x10007190       0x10 CMakeFiles/blink.dir/home/pushkino/Documentos/Ingenieria/scripts/rp2040/pico-sdk/src/rp2_common/pico_cyw43_driver/cyw43_driver.c.o
                0x10007190                cyw43_post_poll_hook
 .text.cyw43_schedule_internal_poll_dispatch
                0x100071a0       0x18 CMakeFiles/blink.dir/home/pushkino/Documentos/Ingenieria/scripts/rp2040/pico-sdk/src/rp2_common/pico_cyw43_driver/cyw43_driver.c.o
                0x100071a0                cyw43_schedule_internal_poll_dispatch
 .text.cyw43_driver_init
                0x100071b8       0x38 CMakeFiles/blink.dir/home/pushkino/Documentos/Ingenieria/scripts/rp2040/pico-sdk/src/rp2_common/pico_cyw43_driver/cyw43_driver.c.o
                0x100071b8                cyw43_driver_init
 .text.cyw43_driver_deinit
                0x100071f0       0x4c CMakeFiles/blink.dir/home/pushkino/Documentos/Ingenieria/scripts/rp2040/pico-sdk/src/rp2_common/pico_cyw43_driver/cyw43_driver.c.o
                0x100071f0                cyw43_driver_deinit
 .text.cyw43_hal_generate_laa_mac
                0x1000723c       0x28 CMakeFiles/blink.dir/home/pushkino/Documentos/Ingenieria/scripts/rp2040/pico-sdk/src/rp2_common/pico_cyw43_driver/cyw43_driver.c.o
                0x1000723c                cyw43_hal_generate_laa_mac
 .text.cyw43_thread_enter
                0x10007264       0x14 CMakeFiles/blink.dir/home/pushkino/Documentos/Ingenieria/scripts/rp2040/pico-sdk/src/rp2_common/pico_cyw43_driver/cyw43_driver.c.o
                0x10007264                cyw43_thread_enter
 .text.cyw43_thread_exit
                0x10007278       0x14 CMakeFiles/blink.dir/home/pushkino/Documentos/Ingenieria/scripts/rp2040/pico-sdk/src/rp2_common/pico_cyw43_driver/cyw43_driver.c.o
                0x10007278                cyw43_thread_exit
 .text.cyw43_await_background_or_timeout_us
                0x1000728c       0x5c CMakeFiles/blink.dir/home/pushkino/Documentos/Ingenieria/scripts/rp2040/pico-sdk/src/rp2_common/pico_cyw43_driver/cyw43_driver.c.o
                0x1000728c                cyw43_await_background_or_timeout_us
 .text.cyw43_delay_ms
                0x100072e8       0x44 CMakeFiles/blink.dir/home/pushkino/Documentos/Ingenieria/scripts/rp2040/pico-sdk/src/rp2_common/pico_cyw43_driver/cyw43_driver.c.o
                0x100072e8                cyw43_delay_ms
 .text.cyw43_cb_tcpip_deinit
                0x1000732c        0x4 CMakeFiles/blink.dir/home/pushkino/Documentos/Ingenieria/scripts/rp2040/pico-sdk/src/rp2_common/pico_cyw43_driver/cyw43_driver.c.o
                0x1000732c                cyw43_cb_tcpip_deinit
 .text.cyw43_cb_tcpip_set_link_up
                0x10007330        0xc CMakeFiles/blink.dir/home/pushkino/Documentos/Ingenieria/scripts/rp2040/pico-sdk/src/rp2_common/pico_cyw43_driver/cyw43_driver.c.o
                0x10007330                cyw43_cb_tcpip_set_link_up
 .text.cyw43_cb_tcpip_set_link_down
                0x1000733c        0xc CMakeFiles/blink.dir/home/pushkino/Documentos/Ingenieria/scripts/rp2040/pico-sdk/src/rp2_common/pico_cyw43_driver/cyw43_driver.c.o
                0x1000733c                cyw43_cb_tcpip_set_link_down
 .text.cyw43_cb_process_ethernet
                0x10007348        0xc CMakeFiles/blink.dir/home/pushkino/Documentos/Ingenieria/scripts/rp2040/pico-sdk/src/rp2_common/pico_cyw43_driver/cyw43_driver.c.o
                0x10007348                cyw43_cb_process_ethernet
 .text.async_context_threadsafe_background_acquire_lock_blocking
                0x10007354        0xc CMakeFiles/blink.dir/home/pushkino/Documentos/Ingenieria/scripts/rp2040/pico-sdk/src/rp2_common/pico_async_context/async_context_threadsafe_background.c.o
 .text.alarm_handler
                0x10007360       0x20 CMakeFiles/blink.dir/home/pushkino/Documentos/Ingenieria/scripts/rp2040/pico-sdk/src/rp2_common/pico_async_context/async_context_threadsafe_background.c.o
 .text.async_context_threadsafe_background_set_work_pending
                0x10007380       0x1c CMakeFiles/blink.dir/home/pushkino/Documentos/Ingenieria/scripts/rp2040/pico-sdk/src/rp2_common/pico_async_context/async_context_threadsafe_background.c.o
 .text.process_under_lock
                0x1000739c       0xcc CMakeFiles/blink.dir/home/pushkino/Documentos/Ingenieria/scripts/rp2040/pico-sdk/src/rp2_common/pico_async_context/async_context_threadsafe_background.c.o
 .text.async_context_threadsafe_background_execute_sync
                0x10007468       0x30 CMakeFiles/blink.dir/home/pushkino/Documentos/Ingenieria/scripts/rp2040/pico-sdk/src/rp2_common/pico_async_context/async_context_threadsafe_background.c.o
                0x10007468                async_context_threadsafe_background_execute_sync
 .text.async_context_threadsafe_background_deinit
                0x10007498       0x54 CMakeFiles/blink.dir/home/pushkino/Documentos/Ingenieria/scripts/rp2040/pico-sdk/src/rp2_common/pico_async_context/async_context_threadsafe_background.c.o
 .text.low_priority_irq_handler
                0x100074ec       0x40 CMakeFiles/blink.dir/home/pushkino/Documentos/Ingenieria/scripts/rp2040/pico-sdk/src/rp2_common/pico_async_context/async_context_threadsafe_background.c.o
 .text.async_context_threadsafe_background_wait_for_work_until
                0x1000752c        0xc CMakeFiles/blink.dir/home/pushkino/Documentos/Ingenieria/scripts/rp2040/pico-sdk/src/rp2_common/pico_async_context/async_context_threadsafe_background.c.o
 .text.async_context_threadsafe_background_wait_until
                0x10007538       0x1c CMakeFiles/blink.dir/home/pushkino/Documentos/Ingenieria/scripts/rp2040/pico-sdk/src/rp2_common/pico_async_context/async_context_threadsafe_background.c.o
 .text.async_context_threadsafe_background_lock_check
                0x10007554       0x28 CMakeFiles/blink.dir/home/pushkino/Documentos/Ingenieria/scripts/rp2040/pico-sdk/src/rp2_common/pico_async_context/async_context_threadsafe_background.c.o
 .text.async_context_threadsafe_background_release_lock
                0x1000757c       0x1c CMakeFiles/blink.dir/home/pushkino/Documentos/Ingenieria/scripts/rp2040/pico-sdk/src/rp2_common/pico_async_context/async_context_threadsafe_background.c.o
 .text.async_context_threadsafe_background_when_pending_worker
                0x10007598       0x34 CMakeFiles/blink.dir/home/pushkino/Documentos/Ingenieria/scripts/rp2040/pico-sdk/src/rp2_common/pico_async_context/async_context_threadsafe_background.c.o
 .text.async_context_threadsafe_background_add_when_pending_worker
                0x100075cc       0x34 CMakeFiles/blink.dir/home/pushkino/Documentos/Ingenieria/scripts/rp2040/pico-sdk/src/rp2_common/pico_async_context/async_context_threadsafe_background.c.o
 .text.async_context_threadsafe_background_remove_at_time_worker
                0x10007600       0x34 CMakeFiles/blink.dir/home/pushkino/Documentos/Ingenieria/scripts/rp2040/pico-sdk/src/rp2_common/pico_async_context/async_context_threadsafe_background.c.o
 .text.async_context_threadsafe_background_add_at_time_worker
                0x10007634       0x34 CMakeFiles/blink.dir/home/pushkino/Documentos/Ingenieria/scripts/rp2040/pico-sdk/src/rp2_common/pico_async_context/async_context_threadsafe_background.c.o
 .text.async_context_threadsafe_background_default_config
                0x10007668        0xc CMakeFiles/blink.dir/home/pushkino/Documentos/Ingenieria/scripts/rp2040/pico-sdk/src/rp2_common/pico_async_context/async_context_threadsafe_background.c.o
                0x10007668                async_context_threadsafe_background_default_config
 .text.async_context_threadsafe_background_init
                0x10007674       0x8c CMakeFiles/blink.dir/home/pushkino/Documentos/Ingenieria/scripts/rp2040/pico-sdk/src/rp2_common/pico_async_context/async_context_threadsafe_background.c.o
                0x10007674                async_context_threadsafe_background_init
 .text.async_context_base_add_at_time_worker
                0x10007700       0x28 CMakeFiles/blink.dir/home/pushkino/Documentos/Ingenieria/scripts/rp2040/pico-sdk/src/rp2_common/pico_async_context/async_context_base.c.o
                0x10007700                async_context_base_add_at_time_worker
 .text.async_context_base_remove_at_time_worker
                0x10007728       0x24 CMakeFiles/blink.dir/home/pushkino/Documentos/Ingenieria/scripts/rp2040/pico-sdk/src/rp2_common/pico_async_context/async_context_base.c.o
                0x10007728                async_context_base_remove_at_time_worker
 .text.async_context_base_add_when_pending_worker
                0x1000774c       0x24 CMakeFiles/blink.dir/home/pushkino/Documentos/Ingenieria/scripts/rp2040/pico-sdk/src/rp2_common/pico_async_context/async_context_base.c.o
                0x1000774c                async_context_base_add_when_pending_worker
 .text.async_context_base_remove_when_pending_worker
                0x10007770       0x24 CMakeFiles/blink.dir/home/pushkino/Documentos/Ingenieria/scripts/rp2040/pico-sdk/src/rp2_common/pico_async_context/async_context_base.c.o
                0x10007770                async_context_base_remove_when_pending_worker
 .text.async_context_base_execute_once
                0x10007794      0x10c CMakeFiles/blink.dir/home/pushkino/Documentos/Ingenieria/scripts/rp2040/pico-sdk/src/rp2_common/pico_async_context/async_context_base.c.o
                0x10007794                async_context_base_execute_once
 .text.memmove  0x100078a0      0x104 /home/pushkino/opt/arm-gnu-toolchain-15.2.rel1-x86_64-arm-none-eabi/bin/../lib/gcc/arm-none-eabi/15.2.1/../../../../arm-none-eabi/lib/thumb/v6-m/nofp/libg.a(libc_a-memmove.o)
                0x100078a0                memmove
 .text.strncmp  0x100079a4       0x6c /home/pushkino/opt/arm-gnu-toolchain-15.2.rel1-x86_64-arm-none-eabi/bin/../lib/gcc/arm-none-eabi/15.2.1/../../../../arm-none-eabi/lib/thumb/v6-m/nofp/libg.a(libc_a-strncmp.o)
                0x100079a4                strncmp
 .text.strlen   0x10007a10       0x60 /home/pushkino/opt/arm-gnu-toolchain-15.2.rel1-x86_64-arm-none-eabi/bin/../lib/gcc/arm-none-eabi/15.2.1/../../../../arm-none-eabi/lib/thumb/v6-m/nofp/libg.a(libc_a-strlen-stub.o)
                0x10007a10                strlen
 *(.fini)
 .fini          0x10007a70        0x4 /home/pushkino/opt/arm-gnu-toolchain-15.2.rel1-x86_64-arm-none-eabi/bin/../lib/gcc/arm-none-eabi/15.2.1/thumb/v6-m/nofp/crti.o
                0x10007a70                _fini
 *fill*         0x10007a74        0x4 
 .fini.__stub   0x10007a78       0xa0 linker stubs
 *crtbegin.o(.ctors)
 *crtbegin?.o(.ctors)
 *(EXCLUDE_FILE(*crtend.o *crtend?.o) .ctors)
 *(SORT_BY_NAME(.ctors.*))
 *(.ctors)
 *crtbegin.o(.dtors)
 *crtbegin?.o(.dtors)
 *(EXCLUDE_FILE(*crtend.o *crtend?.o) .dtors)
 *(SORT_BY_NAME(.dtors.*))
 *(.dtors)
                0x10007b18                        . = ALIGN (0x4)
                0x10007b18                        PROVIDE (__preinit_array_start = .)
 *(SORT_BY_NAME(.preinit_array.*))
 .preinit_array.00100
                0x10007b18        0x4 CMakeFiles/blink.dir/home/pushkino/Documentos/Ingenieria/scripts/rp2040/pico-sdk/src/rp2_common/pico_runtime_init/runtime_init.c.o
                0x10007b18                __pre_init_runtime_init_early_resets
 .preinit_array.00101
                0x10007b1c        0x4 CMakeFiles/blink.dir/home/pushkino/Documentos/Ingenieria/scripts/rp2040/pico-sdk/src/rp2_common/pico_runtime_init/runtime_init.c.o
                0x10007b1c                __pre_init_runtime_init_usb_power_down
 .preinit_array.00275
                0x10007b20        0x4 CMakeFiles/blink.dir/home/pushkino/Documentos/Ingenieria/scripts/rp2040/pico-sdk/src/rp2_common/pico_bit_ops/bit_ops_aeabi.S.o
 .preinit_array.00300
                0x10007b24        0x4 CMakeFiles/blink.dir/home/pushkino/Documentos/Ingenieria/scripts/rp2040/pico-sdk/src/rp2_common/pico_mem_ops/mem_ops_aeabi.S.o
 .preinit_array.00350
                0x10007b28        0x4 CMakeFiles/blink.dir/home/pushkino/Documentos/Ingenieria/scripts/rp2040/pico-sdk/src/rp2_common/pico_double/double_aeabi_rp2040.S.o
 .preinit_array.00350
                0x10007b2c        0x4 CMakeFiles/blink.dir/home/pushkino/Documentos/Ingenieria/scripts/rp2040/pico-sdk/src/rp2_common/pico_float/float_aeabi_rp2040.S.o
 .preinit_array.00500
                0x10007b30        0x4 CMakeFiles/blink.dir/home/pushkino/Documentos/Ingenieria/scripts/rp2040/pico-sdk/src/rp2_common/pico_runtime_init/runtime_init.c.o
                0x10007b30                __pre_init_runtime_init_clocks
 .preinit_array.00600
                0x10007b34        0x4 CMakeFiles/blink.dir/home/pushkino/Documentos/Ingenieria/scripts/rp2040/pico-sdk/src/rp2_common/pico_runtime_init/runtime_init.c.o
                0x10007b34                __pre_init_runtime_init_post_clock_resets
 .preinit_array.00700
                0x10007b38        0x4 CMakeFiles/blink.dir/home/pushkino/Documentos/Ingenieria/scripts/rp2040/pico-sdk/src/rp2_common/pico_runtime_init/runtime_init.c.o
                0x10007b38                __pre_init_runtime_init_rp2040_gpio_ie_disable
 .preinit_array.01000
                0x10007b3c        0x4 CMakeFiles/blink.dir/home/pushkino/Documentos/Ingenieria/scripts/rp2040/pico-sdk/src/rp2_common/pico_runtime_init/runtime_init.c.o
                0x10007b3c                __pre_init_runtime_init_spin_locks_reset
 .preinit_array.01100
                0x10007b40        0x4 CMakeFiles/blink.dir/home/pushkino/Documentos/Ingenieria/scripts/rp2040/pico-sdk/src/common/pico_sync/mutex.c.o
                0x10007b40                __pre_init_runtime_init_mutex
 .preinit_array.10080
                0x10007b44        0x4 CMakeFiles/blink.dir/home/pushkino/Documentos/Ingenieria/scripts/rp2040/pico-sdk/src/rp2_common/pico_runtime_init/runtime_init.c.o
                0x10007b44                __pre_init_runtime_init_install_ram_vector_table
 .preinit_array.11000
                0x10007b48        0x4 CMakeFiles/blink.dir/home/pushkino/Documentos/Ingenieria/scripts/rp2040/pico-sdk/src/common/pico_time/time.c.o
                0x10007b48                __pre_init_runtime_init_default_alarm_pool
 .preinit_array.YYYYY
                0x10007b4c        0x4 CMakeFiles/blink.dir/home/pushkino/Documentos/Ingenieria/scripts/rp2040/pico-sdk/src/rp2_common/pico_runtime/runtime.c.o
                0x10007b4c                __pre_init_first_per_core_initializer
 .preinit_array.ZZZZZ.01200
                0x10007b50        0x4 CMakeFiles/blink.dir/home/pushkino/Documentos/Ingenieria/scripts/rp2040/pico-sdk/src/rp2_common/hardware_irq/irq.c.o
                0x10007b50                __pre_init_runtime_init_per_core_irq_priorities
 *(.preinit_array)
                0x10007b54                        PROVIDE (__preinit_array_end = .)
                0x10007b54                        . = ALIGN (0x4)
                0x10007b54                        PROVIDE (__init_array_start = .)
 *(SORT_BY_NAME(.init_array.*))
 .init_array.01000
                0x10007b54        0x4 CMakeFiles/blink.dir/home/pushkino/Documentos/Ingenieria/scripts/rp2040/pico-sdk/src/rp2_common/pico_unique_id/unique_id.c.o
 *(.init_array)
 .init_array    0x10007b58        0x4 /home/pushkino/opt/arm-gnu-toolchain-15.2.rel1-x86_64-arm-none-eabi/bin/../lib/gcc/arm-none-eabi/15.2.1/thumb/v6-m/nofp/crtbegin.o
                0x10007b5c                        PROVIDE (__init_array_end = .)
                0x10007b5c                        . = ALIGN (0x4)
                [!provide]                        PROVIDE (__fini_array_start = .)
 *(SORT_BY_NAME(.fini_array.*))
 *(.fini_array)
                [!provide]                        PROVIDE (__fini_array_end = .)
 *(.eh_frame*)
 .eh_frame      0x10007b5c        0x0 /home/pushkino/opt/arm-gnu-toolchain-15.2.rel1-x86_64-arm-none-eabi/bin/../lib/gcc/arm-none-eabi/15.2.1/thumb/v6-m/nofp/crtbegin.o
                0x10007b5c                        . = ALIGN (0x4)

.glue_7         0x10007b5c        0x0
 .glue_7        0x10007b5c        0x0 linker stubs

.glue_7t        0x10007b5c        0x0
 .glue_7t       0x10007b5c        0x0 linker stubs

.vfp11_veneer   0x10007b5c        0x0
 .vfp11_veneer  0x10007b5c        0x0 linker stubs

.v4_bx          0x10007b5c        0x0
 .v4_bx         0x10007b5c        0x0 linker stubs

.iplt           0x10007b5c        0x0
 .iplt          0x10007b5c        0x0 /home/pushkino/opt/arm-gnu-toolchain-15.2.rel1-x86_64-arm-none-eabi/bin/../lib/gcc/arm-none-eabi/15.2.1/thumb/v6-m/nofp/crtbegin.o

.rodata         0x10007b60    0x37c80
 *(EXCLUDE_FILE(*libm.a: *libc.a:*lib_a-mem*.o *libgcc.a:) .rodata*)
 .rodata.panic.str1.4
                0x10007b60      0x488 CMakeFiles/blink.dir/home/pushkino/Documentos/Ingenieria/scripts/rp2040/pico-sdk/src/rp2_common/pico_platform_panic/panic.c.o
                                 0x12 (size before relaxing)
 .rodata.user_irq_claim_unused.str1.4
                0x10007fe8        0x0 CMakeFiles/blink.dir/home/pushkino/Documentos/Ingenieria/scripts/rp2040/pico-sdk/src/rp2_common/hardware_irq/irq.c.o
                                 0x1b (size before relaxing)
 .rodata.at_the_end_of_time
                0x10007fe8        0x8 CMakeFiles/blink.dir/home/pushkino/Documentos/Ingenieria/scripts/rp2040/pico-sdk/src/common/pico_time/time.c.o
                0x10007fe8                at_the_end_of_time
 .rodata.timer_hardware_alarm_claim.str1.4
                0x10007ff0        0x0 CMakeFiles/blink.dir/home/pushkino/Documentos/Ingenieria/scripts/rp2040/pico-sdk/src/rp2_common/hardware_timer/timer.c.o
                                 0x22 (size before relaxing)
 .rodata.hard_assertion_failure.str1.4
                0x10007ff0        0x0 CMakeFiles/blink.dir/home/pushkino/Documentos/Ingenieria/scripts/rp2040/pico-sdk/src/rp2_common/pico_runtime/runtime.c.o
                                  0xc (size before relaxing)
 .rodata.missing_double_func_shim.str1.4
                0x10007ff0        0x0 CMakeFiles/blink.dir/home/pushkino/Documentos/Ingenieria/scripts/rp2040/pico-sdk/src/rp2_common/pico_double/double_init_rom_rp2040.c.o
                                 0x18 (size before relaxing)
 .rodata.missing_float_func_shim.str1.4
                0x10007ff0        0x0 CMakeFiles/blink.dir/home/pushkino/Documentos/Ingenieria/scripts/rp2040/pico-sdk/src/rp2_common/pico_float/float_init_rom_rp2040.c.o
                                  0x1 (size before relaxing)
 .rodata.str1.4
                0x10007ff0        0x0 CMakeFiles/blink.dir/home/pushkino/Documentos/Ingenieria/scripts/rp2040/pico-sdk/src/rp2_common/pico_standard_binary_info/standard_binary_info.c.o
                                 0x3c (size before relaxing)
 .rodata.__bi_84
                0x10007ff0        0xc CMakeFiles/blink.dir/home/pushkino/Documentos/Ingenieria/scripts/rp2040/pico-sdk/src/rp2_common/pico_standard_binary_info/standard_binary_info.c.o
 .rodata.__bi_78
                0x10007ffc        0xc CMakeFiles/blink.dir/home/pushkino/Documentos/Ingenieria/scripts/rp2040/pico-sdk/src/rp2_common/pico_standard_binary_info/standard_binary_info.c.o
 .rodata.__bi_54
                0x10008008        0xc CMakeFiles/blink.dir/home/pushkino/Documentos/Ingenieria/scripts/rp2040/pico-sdk/src/rp2_common/pico_standard_binary_info/standard_binary_info.c.o
 .rodata.__bi_48
                0x10008014        0xc CMakeFiles/blink.dir/home/pushkino/Documentos/Ingenieria/scripts/rp2040/pico-sdk/src/rp2_common/pico_standard_binary_info/standard_binary_info.c.o
 .rodata.__bi_42
                0x10008020        0xc CMakeFiles/blink.dir/home/pushkino/Documentos/Ingenieria/scripts/rp2040/pico-sdk/src/rp2_common/pico_standard_binary_info/standard_binary_info.c.o
 .rodata.__bi_34
                0x1000802c        0xc CMakeFiles/blink.dir/home/pushkino/Documentos/Ingenieria/scripts/rp2040/pico-sdk/src/rp2_common/pico_standard_binary_info/standard_binary_info.c.o
 .rodata.__bi_26
                0x10008038        0xc CMakeFiles/blink.dir/home/pushkino/Documentos/Ingenieria/scripts/rp2040/pico-sdk/src/rp2_common/pico_standard_binary_info/standard_binary_info.c.o
 .rodata._ftoa.str1.4
                0x10008044        0x0 CMakeFiles/blink.dir/home/pushkino/Documentos/Ingenieria/scripts/rp2040/pico-sdk/src/rp2_common/pico_printf/printf.c.o
                                 0x15 (size before relaxing)
 .rodata._vsnprintf
                0x10008044      0x19c CMakeFiles/blink.dir/home/pushkino/Documentos/Ingenieria/scripts/rp2040/pico-sdk/src/rp2_common/pico_printf/printf.c.o
 .rodata.pow10.0
                0x100081e0       0x50 CMakeFiles/blink.dir/home/pushkino/Documentos/Ingenieria/scripts/rp2040/pico-sdk/src/rp2_common/pico_printf/printf.c.o
 .rodata.crlf_str.0
                0x10008230        0x2 CMakeFiles/blink.dir/home/pushkino/Documentos/Ingenieria/scripts/rp2040/pico-sdk/src/rp2_common/pico_stdio/stdio.c.o
 .rodata.cyw43_read_bytes.str1.4
                0x10008232        0x0 CMakeFiles/blink.dir/home/pushkino/Documentos/Ingenieria/scripts/rp2040/pico-sdk/src/rp2_common/pico_cyw43_driver/cyw43_bus_pio_spi.c.o
                                 0x1a (size before relaxing)
 .rodata.cyw43_write_bytes.str1.4
                0x10008232        0x0 CMakeFiles/blink.dir/home/pushkino/Documentos/Ingenieria/scripts/rp2040/pico-sdk/src/rp2_common/pico_cyw43_driver/cyw43_bus_pio_spi.c.o
                                  0xd (size before relaxing)
 *fill*         0x10008232        0x2 
 .rodata.spi_gap01_sample0_program
                0x10008234        0x8 CMakeFiles/blink.dir/home/pushkino/Documentos/Ingenieria/scripts/rp2040/pico-sdk/src/rp2_common/pico_cyw43_driver/cyw43_bus_pio_spi.c.o
 .rodata.spi_gap01_sample0_program_instructions
                0x1000823c        0xc CMakeFiles/blink.dir/home/pushkino/Documentos/Ingenieria/scripts/rp2040/pico-sdk/src/rp2_common/pico_cyw43_driver/cyw43_bus_pio_spi.c.o
 .rodata.cyw43_kso_set.str1.4
                0x10008248        0x0 CMakeFiles/blink.dir/home/pushkino/Documentos/Ingenieria/scripts/rp2040/pico-sdk/lib/cyw43-driver/src/cyw43_ll.c.o
                                 0x23 (size before relaxing)
 .rodata.cyw43_ll_sdpcm_poll_device.str1.4
                0x10008248        0x0 CMakeFiles/blink.dir/home/pushkino/Documentos/Ingenieria/scripts/rp2040/pico-sdk/lib/cyw43-driver/src/cyw43_ll.c.o
                                 0x55 (size before relaxing)
 .rodata.cyw43_sdpcm_send_common.str1.4
                0x10008248        0x0 CMakeFiles/blink.dir/home/pushkino/Documentos/Ingenieria/scripts/rp2040/pico-sdk/lib/cyw43-driver/src/cyw43_ll.c.o
                                 0x22 (size before relaxing)
 .rodata.cyw43_do_ioctl.part.0.str1.4
                0x10008248        0x0 CMakeFiles/blink.dir/home/pushkino/Documentos/Ingenieria/scripts/rp2040/pico-sdk/lib/cyw43-driver/src/cyw43_ll.c.o
                                 0x53 (size before relaxing)
 .rodata.reset_device_core.constprop.0.str1.4
                0x10008248        0x0 CMakeFiles/blink.dir/home/pushkino/Documentos/Ingenieria/scripts/rp2040/pico-sdk/lib/cyw43-driver/src/cyw43_ll.c.o
                                 0x1a (size before relaxing)
 .rodata.cyw43_ll_wifi_on.str1.4
                0x10008248        0x0 CMakeFiles/blink.dir/home/pushkino/Documentos/Ingenieria/scripts/rp2040/pico-sdk/lib/cyw43-driver/src/cyw43_ll.c.o
                                 0x52 (size before relaxing)
 .rodata.cyw43_ll_bus_init.str1.4
                0x10008248        0x0 CMakeFiles/blink.dir/home/pushkino/Documentos/Ingenieria/scripts/rp2040/pico-sdk/lib/cyw43-driver/src/cyw43_ll.c.o
                                 0xea (size before relaxing)
 .rodata.cyw43_ll_gpio_set.str1.4
                0x10008248        0x0 CMakeFiles/blink.dir/home/pushkino/Documentos/Ingenieria/scripts/rp2040/pico-sdk/lib/cyw43-driver/src/cyw43_ll.c.o
                                  0x8 (size before relaxing)
 .rodata.w43439A0_7_95_49_00_combined
                0x10008248    0x36fd8 CMakeFiles/blink.dir/home/pushkino/Documentos/Ingenieria/scripts/rp2040/pico-sdk/lib/cyw43-driver/src/cyw43_ll.c.o
 .rodata.wifi_nvram_4343
                0x1003f220      0x2e7 CMakeFiles/blink.dir/home/pushkino/Documentos/Ingenieria/scripts/rp2040/pico-sdk/lib/cyw43-driver/src/cyw43_ll.c.o
 *fill*         0x1003f507        0x1 
 .rodata        0x1003f508       0x72 CMakeFiles/blink.dir/home/pushkino/Documentos/Ingenieria/scripts/rp2040/pico-sdk/lib/cyw43-driver/src/cyw43_ll.c.o
 .rodata.cyw43_cb_process_async_event.str1.4
                0x1003f57a        0x0 CMakeFiles/blink.dir/home/pushkino/Documentos/Ingenieria/scripts/rp2040/pico-sdk/lib/cyw43-driver/src/cyw43_ctrl.c.o
                                 0x28 (size before relaxing)
 *fill*         0x1003f57a        0x2 
 .rodata.cyw43_cb_process_async_event
                0x1003f57c       0xc8 CMakeFiles/blink.dir/home/pushkino/Documentos/Ingenieria/scripts/rp2040/pico-sdk/lib/cyw43-driver/src/cyw43_ctrl.c.o
 .rodata.str1.4
                0x1003f644        0x0 CMakeFiles/blink.dir/home/pushkino/Documentos/Ingenieria/scripts/rp2040/pico-sdk/lib/cyw43-driver/src/cyw43_ctrl.c.o
                                 0x9e (size before relaxing)
 .rodata.cyw43_async_event_name_table
                0x1003f644      0x164 CMakeFiles/blink.dir/home/pushkino/Documentos/Ingenieria/scripts/rp2040/pico-sdk/lib/cyw43-driver/src/cyw43_ctrl.c.o
 .rodata.pio_claim_unused_sm.str1.4
                0x1003f7a8        0x0 CMakeFiles/blink.dir/home/pushkino/Documentos/Ingenieria/scripts/rp2040/pico-sdk/src/rp2_common/hardware_pio/pio.c.o
                                 0x24 (size before relaxing)
 .rodata.dma_claim_unused_channel.str1.4
                0x1003f7a8        0x0 CMakeFiles/blink.dir/home/pushkino/Documentos/Ingenieria/scripts/rp2040/pico-sdk/src/rp2_common/hardware_dma/dma.c.o
                                 0x1e (size before relaxing)
 .rodata.cyw43_cb_tcpip_set_link_up.str1.4
                0x1003f7a8        0x0 CMakeFiles/blink.dir/home/pushkino/Documentos/Ingenieria/scripts/rp2040/pico-sdk/src/rp2_common/pico_cyw43_driver/cyw43_driver.c.o
                                 0x20 (size before relaxing)
 .rodata.async_context_threadsafe_background_lock_check.str1.4
                0x1003f7a8        0x0 CMakeFiles/blink.dir/home/pushkino/Documentos/Ingenieria/scripts/rp2040/pico-sdk/src/rp2_common/pico_async_context/async_context_threadsafe_background.c.o
                                 0x20 (size before relaxing)
 .rodata.template
                0x1003f7a8       0x38 CMakeFiles/blink.dir/home/pushkino/Documentos/Ingenieria/scripts/rp2040/pico-sdk/src/rp2_common/pico_async_context/async_context_threadsafe_background.c.o
                0x1003f7e0                        . = ALIGN (0x4)
 *(SORT_BY_ALIGNMENT(SORT_BY_NAME(.flashdata*)))
                0x1003f7e0                        . = ALIGN (0x4)

.ARM.extab
 *(.ARM.extab* .gnu.linkonce.armextab.*)
                0x1003f7e0                        __exidx_start = .

.ARM.exidx
 *(.ARM.exidx* .gnu.linkonce.armexidx.*)
                0x1003f7e0                        __exidx_end = .
                0x1003f7e0                        . = ALIGN (0x4)
                0x1003f7e0                        __binary_info_start = .

.binary_info    0x1003f7e0       0x1c
 *(.binary_info.keep.*)
 .binary_info.keep.__bi_ptr84
                0x1003f7e0        0x4 CMakeFiles/blink.dir/home/pushkino/Documentos/Ingenieria/scripts/rp2040/pico-sdk/src/rp2_common/pico_standard_binary_info/standard_binary_info.c.o
 .binary_info.keep.__bi_ptr78
                0x1003f7e4        0x4 CMakeFiles/blink.dir/home/pushkino/Documentos/Ingenieria/scripts/rp2040/pico-sdk/src/rp2_common/pico_standard_binary_info/standard_binary_info.c.o
 .binary_info.keep.__bi_ptr54
                0x1003f7e8        0x4 CMakeFiles/blink.dir/home/pushkino/Documentos/Ingenieria/scripts/rp2040/pico-sdk/src/rp2_common/pico_standard_binary_info/standard_binary_info.c.o
 .binary_info.keep.__bi_ptr48
                0x1003f7ec        0x4 CMakeFiles/blink.dir/home/pushkino/Documentos/Ingenieria/scripts/rp2040/pico-sdk/src/rp2_common/pico_standard_binary_info/standard_binary_info.c.o
 .binary_info.keep.__bi_ptr42
                0x1003f7f0        0x4 CMakeFiles/blink.dir/home/pushkino/Documentos/Ingenieria/scripts/rp2040/pico-sdk/src/rp2_common/pico_standard_binary_info/standard_binary_info.c.o
 .binary_info.keep.__bi_ptr34
                0x1003f7f4        0x4 CMakeFiles/blink.dir/home/pushkino/Documentos/Ingenieria/scripts/rp2040/pico-sdk/src/rp2_common/pico_standard_binary_info/standard_binary_info.c.o
 .binary_info.keep.__bi_ptr26
                0x1003f7f8        0x4 CMakeFiles/blink.dir/home/pushkino/Documentos/Ingenieria/scripts/rp2040/pico-sdk/src/rp2_common/pico_standard_binary_info/standard_binary_info.c.o
 *(.binary_info.*)
                0x1003f7fc                        __binary_info_end = .
                0x1003f7fc                        . = ALIGN (0x4)

.ram_vector_table
                0x20000000       0xc0
 *(.ram_vector_table)
 .ram_vector_table
                0x20000000       0xc0 CMakeFiles/blink.dir/home/pushkino/Documentos/Ingenieria/scripts/rp2040/pico-sdk/src/rp2_common/pico_runtime_init/runtime_init.c.o
                0x20000000                ram_vector_table

.uninitialized_data
                0x200000c0        0x0
                0x200000c0                        . = ALIGN (0x4)
 *(.uninitialized_data*)

.data           0x200000c0      0x4f0 load address 0x1003f7fc
                0x200000c0                        __data_start__ = .
 *(vtable)
 *(.time_critical*)
 .time_critical.sem_acquire_block_until
                0x200000c0       0x58 CMakeFiles/blink.dir/home/pushkino/Documentos/Ingenieria/scripts/rp2040/pico-sdk/src/common/pico_sync/sem.c.o
                0x200000c0                sem_acquire_block_until
 .time_critical.sem_release
                0x20000118       0x48 CMakeFiles/blink.dir/home/pushkino/Documentos/Ingenieria/scripts/rp2040/pico-sdk/src/common/pico_sync/sem.c.o
                0x20000118                sem_release
 .time_critical.recursive_mutex_enter_blocking
                0x20000160       0x50 CMakeFiles/blink.dir/home/pushkino/Documentos/Ingenieria/scripts/rp2040/pico-sdk/src/common/pico_sync/mutex.c.o
                0x20000160                recursive_mutex_enter_blocking
 .time_critical.mutex_try_enter_block_until
                0x200001b0       0x98 CMakeFiles/blink.dir/home/pushkino/Documentos/Ingenieria/scripts/rp2040/pico-sdk/src/common/pico_sync/mutex.c.o
                0x200001b0                mutex_try_enter_block_until
 .time_critical.recursive_mutex_try_enter
                0x20000248       0x50 CMakeFiles/blink.dir/home/pushkino/Documentos/Ingenieria/scripts/rp2040/pico-sdk/src/common/pico_sync/mutex.c.o
                0x20000248                recursive_mutex_try_enter
 .time_critical.mutex_exit
                0x20000298       0x28 CMakeFiles/blink.dir/home/pushkino/Documentos/Ingenieria/scripts/rp2040/pico-sdk/src/common/pico_sync/mutex.c.o
                0x20000298                mutex_exit
 .time_critical.recursive_mutex_exit
                0x200002c0       0x44 CMakeFiles/blink.dir/home/pushkino/Documentos/Ingenieria/scripts/rp2040/pico-sdk/src/common/pico_sync/mutex.c.o
                0x200002c0                recursive_mutex_exit
 .time_critical.flash_init_boot2_copyout
                0x20000304       0x30 CMakeFiles/blink.dir/home/pushkino/Documentos/Ingenieria/scripts/rp2040/pico-sdk/src/rp2_common/hardware_flash/flash.c.o
 .time_critical.flash_enable_xip_via_boot2
                0x20000334        0xc CMakeFiles/blink.dir/home/pushkino/Documentos/Ingenieria/scripts/rp2040/pico-sdk/src/rp2_common/hardware_flash/flash.c.o
 .time_critical.flash_save_hardware_state
                0x20000340       0x20 CMakeFiles/blink.dir/home/pushkino/Documentos/Ingenieria/scripts/rp2040/pico-sdk/src/rp2_common/hardware_flash/flash.c.o
 .time_critical.flash_restore_hardware_state
                0x20000360       0x20 CMakeFiles/blink.dir/home/pushkino/Documentos/Ingenieria/scripts/rp2040/pico-sdk/src/rp2_common/hardware_flash/flash.c.o
 .time_critical.flash_cs_force
                0x20000380       0x38 CMakeFiles/blink.dir/home/pushkino/Documentos/Ingenieria/scripts/rp2040/pico-sdk/src/rp2_common/hardware_flash/flash.c.o
 .time_critical.flash_do_cmd
                0x200003b8      0x124 CMakeFiles/blink.dir/home/pushkino/Documentos/Ingenieria/scripts/rp2040/pico-sdk/src/rp2_common/hardware_flash/flash.c.o
                0x200003b8                flash_do_cmd
 *(.text*)
 .text          0x200004dc        0x4 /home/pushkino/opt/arm-gnu-toolchain-15.2.rel1-x86_64-arm-none-eabi/bin/../lib/gcc/arm-none-eabi/15.2.1/thumb/v6-m/nofp/libgcc.a(_dvmd_tls.o)
                0x200004dc                __aeabi_ldiv0
                0x200004dc                __aeabi_idiv0
 .text.__stub   0x200004e0       0x10 linker stubs
                0x200004f0                        . = ALIGN (0x4)
 *(.rodata*)
                0x200004f0                        . = ALIGN (0x4)
 *(.data*)
 .data.striped_spin_lock_num
                0x200004f0        0x1 CMakeFiles/blink.dir/home/pushkino/Documentos/Ingenieria/scripts/rp2040/pico-sdk/src/rp2_common/hardware_sync/sync.c.o
 *fill*         0x200004f1        0x3 
 .data          0x200004f4       0x48 CMakeFiles/blink.dir/home/pushkino/Documentos/Ingenieria/scripts/rp2040/pico-sdk/src/rp2_common/hardware_irq/irq_handler_chain.S.o
                0x200004f4                irq_handler_chain_slots
                0x20000524                irq_handler_chain_first_slot
                0x2000052e                irq_handler_chain_remove_tail
 .data.default_alarm_pool
                0x2000053c       0x18 CMakeFiles/blink.dir/home/pushkino/Documentos/Ingenieria/scripts/rp2040/pico-sdk/src/common/pico_time/time.c.o
 *fill*         0x20000554        0xc 
 .data.aeabi_bits_funcs
                0x20000560       0x10 CMakeFiles/blink.dir/home/pushkino/Documentos/Ingenieria/scripts/rp2040/pico-sdk/src/rp2_common/pico_bit_ops/bit_ops_aeabi.S.o
                0x20000560                aeabi_bits_funcs
                0x20000570                aeabi_bits_funcs_end
 .data.aeabi_mem_funcs
                0x20000570       0x10 CMakeFiles/blink.dir/home/pushkino/Documentos/Ingenieria/scripts/rp2040/pico-sdk/src/rp2_common/pico_mem_ops/mem_ops_aeabi.S.o
                0x20000570                aeabi_mem_funcs
                0x20000580                aeabi_mem_funcs_end
 .data.cyw43_poll_worker
                0x20000580       0x10 CMakeFiles/blink.dir/home/pushkino/Documentos/Ingenieria/scripts/rp2040/pico-sdk/src/rp2_common/pico_cyw43_driver/cyw43_driver.c.o
 .data.sleep_timeout_worker
                0x20000590       0x18 CMakeFiles/blink.dir/home/pushkino/Documentos/Ingenieria/scripts/rp2040/pico-sdk/src/rp2_common/pico_cyw43_driver/cyw43_driver.c.o
                0x200005a8                        . = ALIGN (0x4)
 *(.after_data.*)
                0x200005a8                        . = ALIGN (0x4)
                0x200005a8                        PROVIDE (__mutex_array_start = .)
 *(SORT_BY_NAME(.mutex_array.*))
 *(.mutex_array)
 .mutex_array   0x200005a8        0x8 CMakeFiles/blink.dir/home/pushkino/Documentos/Ingenieria/scripts/rp2040/pico-sdk/src/rp2_common/pico_stdio/stdio.c.o
                0x200005b0                        PROVIDE (__mutex_array_end = .)
                0x200005b0                        . = ALIGN (0x4)
 *(.jcr)
                0x200005b0                        . = ALIGN (0x4)

.tm_clone_table
                0x200005b0        0x0 load address 0x1003fcec
 .tm_clone_table
                0x200005b0        0x0 /home/pushkino/opt/arm-gnu-toolchain-15.2.rel1-x86_64-arm-none-eabi/bin/../lib/gcc/arm-none-eabi/15.2.1/thumb/v6-m/nofp/crtbegin.o
 .tm_clone_table
                0x200005b0        0x0 /home/pushkino/opt/arm-gnu-toolchain-15.2.rel1-x86_64-arm-none-eabi/bin/../lib/gcc/arm-none-eabi/15.2.1/thumb/v6-m/nofp/crtend.o

.igot.plt       0x200005b0        0x0 load address 0x1003fcec
 .igot.plt      0x200005b0        0x0 /home/pushkino/opt/arm-gnu-toolchain-15.2.rel1-x86_64-arm-none-eabi/bin/../lib/gcc/arm-none-eabi/15.2.1/thumb/v6-m/nofp/crtbegin.o

.tdata          0x200005b0        0x0 load address 0x1003fcec
                0x200005b0                        . = ALIGN (0x4)
 *(.tdata .tdata.* .gnu.linkonce.td.*)
                0x200005b0                        __tdata_end = .
                0x200005b0                        PROVIDE (__data_end__ = .)
                0x1003f7fc                        __etext = LOADADDR (.data)

.tbss           0x200005b0        0x0 load address 0x1003fcec
                0x200005b0                        . = ALIGN (0x4)
                0x200005b0                        __bss_start__ = .
                0x200005b0                        __tls_base = .
 *(.tbss .tbss.* .gnu.linkonce.tb.*)
 *(.tcommon)
                0x200005b0                        __tls_end = .

.bss            0x200005b0      0xe68 load address 0x1003fcec
                0x200005b0                        . = ALIGN (0x4)
                0x200005b0                        __tbss_end = .
 *(SORT_BY_ALIGNMENT(SORT_BY_NAME(.bss*)))
 .bss.cyw43_async_context_threadsafe_background
                0x200005b0       0x48 CMakeFiles/blink.dir/home/pushkino/Documentos/Ingenieria/scripts/rp2040/pico-sdk/src/rp2_common/pico_cyw43_arch/cyw43_arch_threadsafe_background.c.o
 .bss.default_alarm_pool_entries
                0x200005f8      0x180 CMakeFiles/blink.dir/home/pushkino/Documentos/Ingenieria/scripts/rp2040/pico-sdk/src/common/pico_time/time.c.o
 .bss.sd_table  0x20000778      0x100 CMakeFiles/blink.dir/home/pushkino/Documentos/Ingenieria/scripts/rp2040/pico-sdk/src/rp2_common/pico_double/double_init_rom_rp2040.c.o
                0x20000778                sd_table
 .bss._used_instruction_space
                0x20000878        0x8 CMakeFiles/blink.dir/home/pushkino/Documentos/Ingenieria/scripts/rp2040/pico-sdk/src/rp2_common/hardware_pio/pio.c.o
 .bss.async_context
                0x20000880        0x4 CMakeFiles/blink.dir/home/pushkino/Documentos/Ingenieria/scripts/rp2040/pico-sdk/src/rp2_common/pico_cyw43_arch/cyw43_arch.c.o
 .bss.async_contexts_by_user_irq
                0x20000884       0x18 CMakeFiles/blink.dir/home/pushkino/Documentos/Ingenieria/scripts/rp2040/pico-sdk/src/rp2_common/pico_async_context/async_context_threadsafe_background.c.o
 .bss.boot2_copyout
                0x2000089c      0x100 CMakeFiles/blink.dir/home/pushkino/Documentos/Ingenieria/scripts/rp2040/pico-sdk/src/rp2_common/hardware_flash/flash.c.o
 .bss.bus_data_instance
                0x2000099c       0x10 CMakeFiles/blink.dir/home/pushkino/Documentos/Ingenieria/scripts/rp2040/pico-sdk/src/rp2_common/pico_cyw43_driver/cyw43_bus_pio_spi.c.o
 .bss.claimed   0x200009ac        0x1 CMakeFiles/blink.dir/home/pushkino/Documentos/Ingenieria/scripts/rp2040/pico-sdk/src/rp2_common/hardware_timer/timer.c.o
 *fill*         0x200009ad        0x3 
 .bss.claimed   0x200009b0        0x1 CMakeFiles/blink.dir/home/pushkino/Documentos/Ingenieria/scripts/rp2040/pico-sdk/src/rp2_common/hardware_pio/pio.c.o
 *fill*         0x200009b1        0x3 
 .bss.configured_freq
                0x200009b4       0x28 CMakeFiles/blink.dir/home/pushkino/Documentos/Ingenieria/scripts/rp2040/pico-sdk/src/rp2_common/hardware_clocks/clocks.c.o
 .bss.cyw43_async_context
                0x200009dc        0x4 CMakeFiles/blink.dir/home/pushkino/Documentos/Ingenieria/scripts/rp2040/pico-sdk/src/rp2_common/pico_cyw43_driver/cyw43_driver.c.o
 .bss.cyw43_poll
                0x200009e0        0x4 CMakeFiles/blink.dir/home/pushkino/Documentos/Ingenieria/scripts/rp2040/pico-sdk/lib/cyw43-driver/src/cyw43_ctrl.c.o
                0x200009e0                cyw43_poll
 .bss.cyw43_sleep
                0x200009e4        0x4 CMakeFiles/blink.dir/home/pushkino/Documentos/Ingenieria/scripts/rp2040/pico-sdk/lib/cyw43-driver/src/cyw43_ctrl.c.o
                0x200009e4                cyw43_sleep
 .bss.cyw43_state
                0x200009e8      0x8dc CMakeFiles/blink.dir/home/pushkino/Documentos/Ingenieria/scripts/rp2040/pico-sdk/lib/cyw43-driver/src/cyw43_ctrl.c.o
                0x200009e8                cyw43_state
 .bss.drivers   0x200012c4        0x4 CMakeFiles/blink.dir/home/pushkino/Documentos/Ingenieria/scripts/rp2040/pico-sdk/src/rp2_common/pico_stdio/stdio.c.o
 .bss.filter    0x200012c8        0x4 CMakeFiles/blink.dir/home/pushkino/Documentos/Ingenieria/scripts/rp2040/pico-sdk/src/rp2_common/pico_stdio/stdio.c.o
 .bss.lazy_vsnprintf
                0x200012cc        0x4 CMakeFiles/blink.dir/home/pushkino/Documentos/Ingenieria/scripts/rp2040/pico-sdk/src/rp2_common/pico_printf/printf.c.o
 .bss.object.0  0x200012d0       0x18 /home/pushkino/opt/arm-gnu-toolchain-15.2.rel1-x86_64-arm-none-eabi/bin/../lib/gcc/arm-none-eabi/15.2.1/thumb/v6-m/nofp/crtbegin.o
 .bss.pools     0x200012e8       0x10 CMakeFiles/blink.dir/home/pushkino/Documentos/Ingenieria/scripts/rp2040/pico-sdk/src/common/pico_time/time.c.o
 .bss.raw_irq_mask
                0x200012f8        0x8 CMakeFiles/blink.dir/home/pushkino/Documentos/Ingenieria/scripts/rp2040/pico-sdk/src/rp2_common/hardware_gpio/gpio.c.o
 .bss.retrieved_id
                0x20001300        0x8 CMakeFiles/blink.dir/home/pushkino/Documentos/Ingenieria/scripts/rp2040/pico-sdk/src/rp2_common/pico_unique_id/unique_id.c.o
 .bss.sf_clz_func
                0x20001308        0x4 CMakeFiles/blink.dir/home/pushkino/Documentos/Ingenieria/scripts/rp2040/pico-sdk/src/rp2_common/pico_double/double_init_rom_rp2040.c.o
                0x20001308                sf_clz_func
 .bss.sf_table  0x2000130c      0x100 CMakeFiles/blink.dir/home/pushkino/Documentos/Ingenieria/scripts/rp2040/pico-sdk/src/rp2_common/pico_float/float_init_rom_rp2040.c.o
                0x2000130c                sf_table
 .bss.sleep_notifier
                0x2000140c        0x4 CMakeFiles/blink.dir/home/pushkino/Documentos/Ingenieria/scripts/rp2040/pico-sdk/src/common/pico_time/time.c.o
 .bss._claimed  0x20001410        0x2 CMakeFiles/blink.dir/home/pushkino/Documentos/Ingenieria/scripts/rp2040/pico-sdk/src/rp2_common/hardware_dma/dma.c.o
 .bss.last_spi_int.0
                0x20001412        0x2 CMakeFiles/blink.dir/home/pushkino/Documentos/Ingenieria/scripts/rp2040/pico-sdk/lib/cyw43-driver/src/cyw43_ll.c.o
 .bss.boot2_copyout_valid
                0x20001414        0x1 CMakeFiles/blink.dir/home/pushkino/Documentos/Ingenieria/scripts/rp2040/pico-sdk/src/rp2_common/hardware_flash/flash.c.o
 .bss.irq_handler_chain_free_slot_head
                0x20001415        0x1 CMakeFiles/blink.dir/home/pushkino/Documentos/Ingenieria/scripts/rp2040/pico-sdk/src/rp2_common/hardware_irq/irq.c.o
 .bss.user_irq_claimed
                0x20001416        0x1 CMakeFiles/blink.dir/home/pushkino/Documentos/Ingenieria/scripts/rp2040/pico-sdk/src/rp2_common/hardware_irq/irq.c.o
 *(COMMON)
                0x20001418                        . = ALIGN (0x4)
 *fill*         0x20001417        0x1 
                0x20001418                        __bss_end__ = .

.heap           0x20001418      0x800 load address 0x1003fcec
                0x20001418                        __end__ = .
                0x20001418                        end = __end__
 *(.heap*)
 .heap          0x20001418      0x800 CMakeFiles/blink.dir/home/pushkino/Documentos/Ingenieria/scripts/rp2040/pico-sdk/src/rp2_common/pico_crt0/crt0.S.o
                0x20040000                        __HeapLimit = (ORIGIN (RAM) + LENGTH (RAM))

.scratch_x      0x20040000        0x0 load address 0x1003fcec
                0x20040000                        __scratch_x_start__ = .
 *(.scratch_x.*)
                0x20040000                        . = ALIGN (0x4)
                0x20040000                        __scratch_x_end__ = .
                0x1003fcec                        __scratch_x_source__ = LOADADDR (.scratch_x)

.scratch_y      0x20041000        0x0 load address 0x1003fcec
                0x20041000                        __scratch_y_start__ = .
 *(.scratch_y.*)
                0x20041000                        . = ALIGN (0x4)
                0x20041000                        __scratch_y_end__ = .
                0x1003fcec                        __scratch_y_source__ = LOADADDR (.scratch_y)

.stack1_dummy
 *(.stack1*)

.stack_dummy    0x20041000      0x800
 *(.stack*)
 .stack         0x20041000      0x800 CMakeFiles/blink.dir/home/pushkino/Documentos/Ingenieria/scripts/rp2040/pico-sdk/src/rp2_common/pico_crt0/crt0.S.o

.rel.dyn        0x20041800        0x0
 .rel.iplt      0x20041800        0x0 /home/pushkino/opt/arm-gnu-toolchain-15.2.rel1-x86_64-arm-none-eabi/bin/../lib/gcc/arm-none-eabi/15.2.1/thumb/v6-m/nofp/crtbegin.o

.flash_end      0x1003fcec        0x0
 *(.embedded_end_block*)
                0x1003fcec                        PROVIDE (__flash_binary_end = .)
                0x20040000                        __StackLimit = (ORIGIN (RAM) + LENGTH (RAM))
                0x20041000                        __StackOneTop = (ORIGIN (SCRATCH_X) + LENGTH (SCRATCH_X))
                0x20042000                        __StackTop = (ORIGIN (SCRATCH_Y) + LENGTH (SCRATCH_Y))
                0x20041000                        __StackOneBottom = (__StackOneTop - SIZEOF (.stack1_dummy))
                0x20041800                        __StackBottom = (__StackTop - SIZEOF (.stack_dummy))
                0x20042000                        PROVIDE (__stack = __StackTop)
                [!provide]                        PROVIDE (__heap_start = __end__)
                [!provide]                        PROVIDE (__heap_end = __HeapLimit)
                [!provide]                        PROVIDE (__tls_align = MAX (ALIGNOF (.tdata), ALIGNOF (.tbss)))
                [!provide]                        PROVIDE (__tls_size_align = (((__tls_size + __tls_align) - 0x1) & ~ ((__tls_align - 0x1))))
                [!provide]                        PROVIDE (__arm32_tls_tcb_offset = MAX (0x8, __tls_align))
                [!provide]                        PROVIDE (_end = __end__)
                [!provide]                        PROVIDE (__llvm_libc_heap_limit = __HeapLimit)
                0x00000001                        ASSERT ((__StackLimit >= __HeapLimit), region RAM overflowed)
                0x00000001                        ASSERT (((__binary_info_header_end - __logical_binary_start) <= 0x100), Binary info must be in first 256 bytes of the binary)
LOAD CMakeFiles/blink.dir/blink.c.o