Archive member included to satisfy reference by file (symbol)

pico-tflmicro/libpico-tflmicro.a(flatbuffer_conversions.cpp.o)
                              CMakeFiles/tflite_cam.dir/main.cpp.o (tflite::ParseConv2D(tflite::Operator const*, tflite::ErrorReporter*, tflite::BuiltinDataAllocator*, void**))
pico-tflmicro/libpico-tflmicro.a(activations.cpp.o)
                              CMakeFiles/tflite_cam.dir/main.cpp.o (tflite::Register_RELU())
pico-tflmicro/libpico-tflmicro.a(activations_common.cpp.o)
                              pico-tflmicro/libpico-tflmicro.a(activations.cpp.o) (tflite::ReluQuantized(tflite::ReluOpData const&, tflite::RuntimeShape const&, tflite::RuntimeShape const&, signed char const*, signed char*))
pico-tflmicro/libpico-tflmicro.a(conv.cpp.o)
                              CMakeFiles/tflite_cam.dir/main.cpp.o (tflite::Register_CONV_2D())
pico-tflmicro/libpico-tflmicro.a(fully_connected.cpp.o)
                              CMakeFiles/tflite_cam.dir/main.cpp.o (tflite::Register_FULLY_CONNECTED())
pico-tflmicro/libpico-tflmicro.a(pooling.cpp.o)
                              CMakeFiles/tflite_cam.dir/main.cpp.o (tflite::Register_MAX_POOL_2D())
pico-tflmicro/libpico-tflmicro.a(conv_common.cpp.o)
                              pico-tflmicro/libpico-tflmicro.a(conv.cpp.o) (tflite::ConvParamsFloat(TfLiteConvParams const&, tflite::OpDataConv const&))
pico-tflmicro/libpico-tflmicro.a(fully_connected_common.cpp.o)
                              pico-tflmicro/libpico-tflmicro.a(fully_connected.cpp.o) (tflite::FullyConnectedParamsFloat(TfLiteFusedActivation))
pico-tflmicro/libpico-tflmicro.a(kernel_util.cpp.o)
                              pico-tflmicro/libpico-tflmicro.a(activations.cpp.o) (tflite::micro::RegisterOp(void* (*)(TfLiteContext*, char const*, unsigned int), TfLiteStatus (*)(TfLiteContext*, TfLiteNode*), TfLiteStatus (*)(TfLiteContext*, TfLiteNode*), void (*)(TfLiteContext*, void*), void (*)(TfLiteContext*, void*)))
pico-tflmicro/libpico-tflmicro.a(pooling_common.cpp.o)
                              pico-tflmicro/libpico-tflmicro.a(pooling.cpp.o) (tflite::PoolingPrepare(TfLiteContext*, TfLiteNode*))
pico-tflmicro/libpico-tflmicro.a(reshape.cpp.o)
                              CMakeFiles/tflite_cam.dir/main.cpp.o (tflite::Register_RESHAPE())
pico-tflmicro/libpico-tflmicro.a(reshape_common.cpp.o)
                              pico-tflmicro/libpico-tflmicro.a(reshape.cpp.o) (tflite::PrepareReshapeReference(TfLiteContext*, TfLiteNode*))
pico-tflmicro/libpico-tflmicro.a(memory_helpers.cpp.o)
                              pico-tflmicro/libpico-tflmicro.a(reshape.cpp.o) (tflite::TfLiteTypeSizeOf(TfLiteType, unsigned int*))
pico-tflmicro/libpico-tflmicro.a(micro_context.cpp.o)
                              pico-tflmicro/libpico-tflmicro.a(activations_common.cpp.o) (tflite::MicroContext::AllocateTempInputTensor(TfLiteNode const*, int))
pico-tflmicro/libpico-tflmicro.a(micro_interpreter.cpp.o)
                              CMakeFiles/tflite_cam.dir/main.cpp.o (tflite::MicroInterpreter::MicroInterpreter(tflite::Model const*, tflite::MicroOpResolver const&, unsigned char*, unsigned int, tflite::MicroResourceVariables*, tflite::MicroProfilerInterface*, bool))
pico-tflmicro/libpico-tflmicro.a(micro_interpreter_context.cpp.o)
                              pico-tflmicro/libpico-tflmicro.a(micro_interpreter.cpp.o) (tflite::MicroInterpreterContext::~MicroInterpreterContext())
pico-tflmicro/libpico-tflmicro.a(micro_interpreter_graph.cpp.o)
                              pico-tflmicro/libpico-tflmicro.a(micro_interpreter.cpp.o) (tflite::MicroInterpreterGraph::~MicroInterpreterGraph())
pico-tflmicro/libpico-tflmicro.a(micro_log.cpp.o)
                              pico-tflmicro/libpico-tflmicro.a(micro_context.cpp.o) (VMicroPrintf(char const*, std::__va_list))
pico-tflmicro/libpico-tflmicro.a(micro_op_resolver.cpp.o)
                              pico-tflmicro/libpico-tflmicro.a(micro_interpreter.cpp.o) (tflite::GetRegistrationFromOpCode(tflite::OperatorCode const*, tflite::MicroOpResolver const&, TFLMRegistration const**))
pico-tflmicro/libpico-tflmicro.a(micro_resource_variable.cpp.o)
                              pico-tflmicro/libpico-tflmicro.a(micro_interpreter_graph.cpp.o) (tflite::MicroResourceVariables::ResetAll())
pico-tflmicro/libpico-tflmicro.a(micro_utils.cpp.o)
                              pico-tflmicro/libpico-tflmicro.a(reshape.cpp.o) (tflite::ElementCount(TfLiteIntArray const&))
pico-tflmicro/libpico-tflmicro.a(system_setup.cpp.o)
                              pico-tflmicro/libpico-tflmicro.a(micro_log.cpp.o) (DebugLog)
pico-tflmicro/libpico-tflmicro.a(flatbuffer_conversions_bridge.cpp.o)
                              pico-tflmicro/libpico-tflmicro.a(memory_helpers.cpp.o) (tflite::ConvertTensorType(tflite::TensorType, TfLiteType*))
pico-tflmicro/libpico-tflmicro.a(micro_error_reporter.cpp.o)
[...]
Memory Configuration

Name             Origin             Length             Attributes
FLASH            0x10000000         0x00200000         xr
RAM              0x20000000         0x00040000         xrw
SCRATCH_X        0x20040000         0x00001000         xrw
SCRATCH_Y        0x20041000         0x00001000         xrw
*default*        0x00000000         0xffffffff

Linker script and memory map

LOAD /usr/lib/gcc/arm-none-eabi/14.2.1/thumb/v6-m/nofp/crti.o
LOAD /usr/lib/gcc/arm-none-eabi/14.2.1/thumb/v6-m/nofp/crtbegin.o
LOAD /usr/lib/gcc/arm-none-eabi/14.2.1/../../../arm-none-eabi/lib/thumb/v6-m/nofp/crt0.o

.flash_begin    0x10000000        0x0
                0x10000000                        __flash_binary_start = .

.boot2          0x10000000      0x100
                0x10000000                        __boot2_start__ = .
 *(.boot2)
 .boot2         0x10000000      0x100 pico-sdk/src/rp2040/boot_stage2/CMakeFiles/bs2_default_library.dir/bs2_default_padded_checksummed.S.o
                0x10000100                        __boot2_end__ = .
                0x00000001                        ASSERT (((__boot2_end__ - __boot2_start__) == 0x100), ERROR: Pico second stage bootloader must be 256 bytes in size)

.text           0x10000100    0x1a3d0
                0x10000100                        __logical_binary_start = .
 *(.vectors)
 .vectors       0x10000100       0xd4 CMakeFiles/tflite_cam.dir/home/pushkino/Desktop/pico/pico-sdk/src/rp2_common/pico_crt0/crt0.S.o
                0x10000100                __vectors
                0x10000100                __VECTOR_TABLE
                0x100001c0                isr_irq30
                0x100001c0                __unhandled_user_irq
                0x100001c0                isr_irq13
                0x100001c0                isr_irq27
                0x100001c0                isr_irq31
                0x100001c0                isr_irq5
                0x100001c0                isr_irq11
                0x100001c0                isr_irq23
                0x100001c0                isr_irq18
                0x100001c0                isr_irq28
                0x100001c0                isr_irq19
                0x100001c0                isr_irq0
                0x100001c0                isr_irq6
                0x100001c0                isr_irq22
                0x100001c0                isr_irq17
                0x100001c0                isr_irq14
                0x100001c0                __vectors_end
                0x100001c0                __default_isrs_start
                0x100001c0                isr_irq2
                0x100001c0                isr_irq10
                0x100001c0                isr_irq8
                0x100001c0                isr_irq24
                0x100001c0                isr_irq1
                0x100001c0                isr_irq7
                0x100001c0                isr_irq21
                0x100001c0                isr_irq20
                0x100001c0                isr_irq15
                0x100001c0                isr_irq25
                0x100001c0                isr_irq4
                0x100001c0                isr_irq16
                0x100001c0                isr_irq29
                0x100001c0                isr_irq26
                0x100001c0                isr_irq3
                0x100001c0                isr_irq12
                0x100001c0                isr_irq9
                0x100001c6                unhandled_user_irq_num_in_r0
                0x100001c8                isr_invalid
                0x100001ca                isr_nmi
                0x100001cc                isr_hardfault
                0x100001ce                isr_svcall
                0x100001d0                isr_pendsv
                0x100001d2                isr_systick
                0x100001d4                __default_isrs_end
 *(.binary_info_header)
 .binary_info_header
                0x100001d4       0x14 CMakeFiles/tflite_cam.dir/home/pushkino/Desktop/pico/pico-sdk/src/rp2_common/pico_crt0/crt0.S.o
                0x100001e8                        __binary_info_header_end = .
 *(.embedded_block)
                0x100001e8                        __embedded_block_end = .
 *(.reset)
 .reset         0x100001e8       0x9c CMakeFiles/tflite_cam.dir/home/pushkino/Desktop/pico/pico-sdk/src/rp2_common/pico_crt0/crt0.S.o
                0x100001e8                _entry_point
 *(.init)
 .init          0x10000284        0x4 /usr/lib/gcc/arm-none-eabi/14.2.1/thumb/v6-m/nofp/crti.o
                0x10000284                _init
 *(EXCLUDE_FILE(*libm.a: *libc.a:*lib_a-mem*.o *libgcc.a:) .text*)
 .text          0x10000288       0x98 /usr/lib/gcc/arm-none-eabi/14.2.1/thumb/v6-m/nofp/crtbegin.o
 .text._ZN6tflite22MicroMutableOpResolverILj5EED0Ev
                0x10000320        0x4 CMakeFiles/tflite_cam.dir/main.cpp.o
                0x10000320                tflite::MicroMutableOpResolver<5u>::~MicroMutableOpResolver()
                0x10000320                tflite::MicroMutableOpResolver<5u>::~MicroMutableOpResolver()
                0x10000320                tflite::MicroMutableOpResolver<5u>::~MicroMutableOpResolver()
 .text._ZNK6tflite22MicroMutableOpResolverILj5EE6FindOpENS_15BuiltinOperatorE
                0x10000324       0x64 CMakeFiles/tflite_cam.dir/main.cpp.o
                0x10000324                tflite::MicroMutableOpResolver<5u>::FindOp(tflite::BuiltinOperator) const
 .text._ZNK6tflite22MicroMutableOpResolverILj5EE15GetOpDataParserENS_15BuiltinOperatorE
                0x10000388       0x64 CMakeFiles/tflite_cam.dir/main.cpp.o
                0x10000388                tflite::MicroMutableOpResolver<5u>::GetOpDataParser(tflite::BuiltinOperator) const
 .text._ZNK6tflite22MicroMutableOpResolverILj5EE6FindOpEPKc
                0x100003ec       0xa4 CMakeFiles/tflite_cam.dir/main.cpp.o
                0x100003ec                tflite::MicroMutableOpResolver<5u>::FindOp(char const*) const
 .text._ZN6tflite22MicroMutableOpResolverILj5EE10AddBuiltinENS_15BuiltinOperatorERK16TFLMRegistrationPF12TfLiteStatusPKNS_8OperatorEPNS_13ErrorReporterEPNS_20BuiltinDataAllocatorEPPvE.isra.0
                0x10000490       0xb8 CMakeFiles/tflite_cam.dir/main.cpp.o
 .text._Z12init_arducamv
                0x10000548       0x3c CMakeFiles/tflite_cam.dir/main.cpp.o
                0x10000548                init_arducam()
 .text._Z14arducam_configv
                0x10000584       0x2c CMakeFiles/tflite_cam.dir/main.cpp.o
                0x10000584                arducam_config()
 .text.startup.main
                0x100005b0      0x1c4 CMakeFiles/tflite_cam.dir/main.cpp.o
                0x100005b0                main
 .text._Z12createTensorv
                0x10000774       0xfc CMakeFiles/tflite_cam.dir/main.cpp.o
                0x10000774                createTensor()
 .text._Z13core1_capturev
                0x10000870       0x90 CMakeFiles/tflite_cam.dir/main.cpp.o
                0x10000870                core1_capture()
 .text.cameraSetCapture
                0x10000900       0x48 CMakeFiles/tflite_cam.dir/src/Arducam/ArducamCamera.c.o
                0x10000900                cameraSetCapture
 .text.cameraImageAvailable
                0x10000948        0x4 CMakeFiles/tflite_cam.dir/src/Arducam/ArducamCamera.c.o
                0x10000948                cameraImageAvailable
 .text.cameraSetAutoFocus
                0x1000094c       0x20 CMakeFiles/tflite_cam.dir/src/Arducam/ArducamCamera.c.o
                0x1000094c                cameraSetAutoFocus
 .text.cameraSetManualFocus
                0x1000096c       0x88 CMakeFiles/tflite_cam.dir/src/Arducam/ArducamCamera.c.o
                0x1000096c                cameraSetManualFocus
 .text.cameraRegisterCallback
                0x100009f4        0x8 CMakeFiles/tflite_cam.dir/src/Arducam/ArducamCamera.c.o
                0x100009f4                cameraRegisterCallback
 .text.cameraStopPreview
                0x100009fc       0x40 CMakeFiles/tflite_cam.dir/src/Arducam/ArducamCamera.c.o
                0x100009fc                cameraStopPreview
 .text.cameraSetImageQuality
                0x10000a3c       0x20 CMakeFiles/tflite_cam.dir/src/Arducam/ArducamCamera.c.o
                0x10000a3c                cameraSetImageQuality
 .text.cameraReset
                0x10000a5c       0x28 CMakeFiles/tflite_cam.dir/src/Arducam/ArducamCamera.c.o
                0x10000a5c                cameraReset
 .text.cameraSetAutoWhiteBalanceMode
                0x10000a84       0x20 CMakeFiles/tflite_cam.dir/src/Arducam/ArducamCamera.c.o
                0x10000a84                cameraSetAutoWhiteBalanceMode
 .text.cameraSetISOSensitivity
                0x10000aa4       0x4c CMakeFiles/tflite_cam.dir/src/Arducam/ArducamCamera.c.o
                0x10000aa4                cameraSetISOSensitivity
 .text.cameraSetAbsoluteExposure
                0x10000af0       0x58 CMakeFiles/tflite_cam.dir/src/Arducam/ArducamCamera.c.o
                0x10000af0                cameraSetAbsoluteExposure
 .text.cameraSetColorEffect
                0x10000b48       0x20 CMakeFiles/tflite_cam.dir/src/Arducam/ArducamCamera.c.o
                0x10000b48                cameraSetColorEffect
 .text.cameraSetSaturation
                0x10000b68       0x20 CMakeFiles/tflite_cam.dir/src/Arducam/ArducamCamera.c.o
                0x10000b68                cameraSetSaturation
 .text.cameraSetEV
                0x10000b88       0x20 CMakeFiles/tflite_cam.dir/src/Arducam/ArducamCamera.c.o
                0x10000b88                cameraSetEV
 .text.cameraSetContrast
                0x10000ba8       0x20 CMakeFiles/tflite_cam.dir/src/Arducam/ArducamCamera.c.o
                0x10000ba8                cameraSetContrast
 .text.cameraSetBrightness
                0x10000bc8       0x20 CMakeFiles/tflite_cam.dir/src/Arducam/ArducamCamera.c.o
                0x10000bc8                cameraSetBrightness
 .text.cameraFlushFifo
                0x10000be8       0x10 CMakeFiles/tflite_cam.dir/src/Arducam/ArducamCamera.c.o
                0x10000be8                cameraFlushFifo
 .text.cameraStartCapture
                0x10000bf8       0x10 CMakeFiles/tflite_cam.dir/src/Arducam/ArducamCamera.c.o
                0x10000bf8                cameraStartCapture
 .text.cameraClearFifoFlag
                0x10000c08       0x10 CMakeFiles/tflite_cam.dir/src/Arducam/ArducamCamera.c.o
                0x10000c08                cameraClearFifoFlag
 .text.cameraReadFifoLength
                0x10000c18       0x30 CMakeFiles/tflite_cam.dir/src/Arducam/ArducamCamera.c.o
                0x10000c18                cameraReadFifoLength
 .text.cameraGetBit
                0x10000c48       0x10 CMakeFiles/tflite_cam.dir/src/Arducam/ArducamCamera.c.o
                0x10000c48                cameraGetBit
 .text.cameraWriteReg
                0x10000c58       0x10 CMakeFiles/tflite_cam.dir/src/Arducam/ArducamCamera.c.o
                0x10000c58                cameraWriteReg
 .text.cameraReadReg
                0x10000c68       0x10 CMakeFiles/tflite_cam.dir/src/Arducam/ArducamCamera.c.o
                0x10000c68                cameraReadReg
 .text.cameraWaitI2cIdle
                0x10000c78       0x1c CMakeFiles/tflite_cam.dir/src/Arducam/ArducamCamera.c.o
                0x10000c78                cameraWaitI2cIdle
 .text.cameraDebugWriteRegister
                0x10000c94       0x30 CMakeFiles/tflite_cam.dir/src/Arducam/ArducamCamera.c.o
                0x10000c94                cameraDebugWriteRegister
 .text.cameraSetRotation
                0x10000cc4       0x20 CMakeFiles/tflite_cam.dir/src/Arducam/ArducamCamera.c.o
                0x10000cc4                cameraSetRotation
 .text.cameraCsLow
                0x10000ce4        0xc CMakeFiles/tflite_cam.dir/src/Arducam/ArducamCamera.c.o
                0x10000ce4                cameraCsLow
 .text.cameraGetAutoFocusSta
                0x10000cf0       0x58 CMakeFiles/tflite_cam.dir/src/Arducam/ArducamCamera.c.o
                0x10000cf0                cameraGetAutoFocusSta
 .text.cameraSetFifoBurst
                0x10000d48        0xc CMakeFiles/tflite_cam.dir/src/Arducam/ArducamCamera.c.o
                0x10000d48                cameraSetFifoBurst
 .text.cameraReadByte
                0x10000d54       0x30 CMakeFiles/tflite_cam.dir/src/Arducam/ArducamCamera.c.o
                0x10000d54                cameraReadByte
 .text.cameraBusWrite
                0x10000d84       0x24 CMakeFiles/tflite_cam.dir/src/Arducam/ArducamCamera.c.o
                0x10000d84                cameraBusWrite
 .text.cameraCsHigh
                0x10000da8        0xc CMakeFiles/tflite_cam.dir/src/Arducam/ArducamCamera.c.o
                0x10000da8                cameraCsHigh
 .text.cameraBusRead
                0x10000db4       0x2c CMakeFiles/tflite_cam.dir/src/Arducam/ArducamCamera.c.o
                0x10000db4                cameraBusRead
 .text.cameraCaptureThread
                0x10000de0       0x34 CMakeFiles/tflite_cam.dir/src/Arducam/ArducamCamera.c.o
                0x10000de0                cameraCaptureThread
 .text.cameraSetAutoExposure
                0x10000e14       0x40 CMakeFiles/tflite_cam.dir/src/Arducam/ArducamCamera.c.o
                0x10000e14                cameraSetAutoExposure
 .text.cameraSetSharpness
                0x10000e54       0x24 CMakeFiles/tflite_cam.dir/src/Arducam/ArducamCamera.c.o
                0x10000e54                cameraSetSharpness
 .text.cameraLowPowerOn
                0x10000e78      0x128 CMakeFiles/tflite_cam.dir/src/Arducam/ArducamCamera.c.o
                0x10000e78                cameraLowPowerOn
 .text.cameraLowPowerOff
                0x10000fa0      0x128 CMakeFiles/tflite_cam.dir/src/Arducam/ArducamCamera.c.o
                0x10000fa0                cameraLowPowerOff
 .text.cameraSetFreezeAE
                0x100010c8       0x24 CMakeFiles/tflite_cam.dir/src/Arducam/ArducamCamera.c.o
                0x100010c8                cameraSetFreezeAE
 .text.cameraSetFreezeAWB
                0x100010ec       0x24 CMakeFiles/tflite_cam.dir/src/Arducam/ArducamCamera.c.o
                0x100010ec                cameraSetFreezeAWB
 .text.cameraReadBuff
                0x10001110       0x6c CMakeFiles/tflite_cam.dir/src/Arducam/ArducamCamera.c.o
                0x10001110                cameraReadBuff
 .text.cameraSetAutoISOSensitive
                0x1000117c       0x3c CMakeFiles/tflite_cam.dir/src/Arducam/ArducamCamera.c.o
                0x1000117c                cameraSetAutoISOSensitive
 .text.cameraSetAutoWhiteBalance
                0x100011b8       0x40 CMakeFiles/tflite_cam.dir/src/Arducam/ArducamCamera.c.o
                0x100011b8                cameraSetAutoWhiteBalance
 .text.cameraStartPreview
                0x100011f8       0x94 CMakeFiles/tflite_cam.dir/src/Arducam/ArducamCamera.c.o
                0x100011f8                cameraStartPreview
 .text.cameratakeMultiPictures
                0x1000128c       0x9c CMakeFiles/tflite_cam.dir/src/Arducam/ArducamCamera.c.o
                0x1000128c                cameratakeMultiPictures
 .text.cameraTakePicture
                0x10001328       0xac CMakeFiles/tflite_cam.dir/src/Arducam/ArducamCamera.c.o
                0x10001328                cameraTakePicture
 .text.cameraGetSensorConfig
                0x100013d4       0x7c CMakeFiles/tflite_cam.dir/src/Arducam/ArducamCamera.c.o
                0x100013d4                cameraGetSensorConfig
 .text.cameraBegin
                0x10001450       0xb8 CMakeFiles/tflite_cam.dir/src/Arducam/ArducamCamera.c.o
                0x10001450                cameraBegin
 .text.reset    0x10001508        0xc CMakeFiles/tflite_cam.dir/src/Arducam/ArducamCamera.c.o
                0x10001508                reset
 .text.begin    0x10001514        0xc CMakeFiles/tflite_cam.dir/src/Arducam/ArducamCamera.c.o
                0x10001514                begin
 .text.takePicture
                0x10001520        0xc CMakeFiles/tflite_cam.dir/src/Arducam/ArducamCamera.c.o
                0x10001520                takePicture
 .text.setAutoWhiteBalance
                0x1000152c        0xc CMakeFiles/tflite_cam.dir/src/Arducam/ArducamCamera.c.o
                0x1000152c                setAutoWhiteBalance
 .text.setAutoWhiteBalanceMode
                0x10001538        0xc CMakeFiles/tflite_cam.dir/src/Arducam/ArducamCamera.c.o
                0x10001538                setAutoWhiteBalanceMode
 .text.setBrightness
                0x10001544        0xc CMakeFiles/tflite_cam.dir/src/Arducam/ArducamCamera.c.o
                0x10001544                setBrightness
 .text.readBuff
                0x10001550        0xc CMakeFiles/tflite_cam.dir/src/Arducam/ArducamCamera.c.o
                0x10001550                readBuff
 .text.setImageQuality
                0x1000155c        0xc CMakeFiles/tflite_cam.dir/src/Arducam/ArducamCamera.c.o
                0x1000155c                setImageQuality
 .text.createArducamCamera
                0x10001568       0x5c CMakeFiles/tflite_cam.dir/src/Arducam/ArducamCamera.c.o
                0x10001568                createArducamCamera
 .text.spi_write_read
                0x100015c4       0x24 CMakeFiles/tflite_cam.dir/Arducam/cam_spi_master.c.o
                0x100015c4                spi_write_read
 .text.spi_begin
                0x100015e8       0x2c CMakeFiles/tflite_cam.dir/Arducam/cam_spi_master.c.o
                0x100015e8                spi_begin
 .text.spi_cs_output_mode
                0x10001614       0x18 CMakeFiles/tflite_cam.dir/Arducam/cam_spi_master.c.o
                0x10001614                spi_cs_output_mode
 .text.spi_cs_high
                0x1000162c        0xc CMakeFiles/tflite_cam.dir/Arducam/cam_spi_master.c.o
                0x1000162c                spi_cs_high
 .text.spi_cs_low
                0x10001638        0xc CMakeFiles/tflite_cam.dir/Arducam/cam_spi_master.c.o
                0x10001638                spi_cs_low
 .text.tft_spi_begin
                0x10001644       0x7c CMakeFiles/tflite_cam.dir/src/st7735/tft_display.c.o
                0x10001644                tft_spi_begin
 .text.DC_mode  0x100016c0       0x14 CMakeFiles/tflite_cam.dir/src/st7735/tft_display.c.o
                0x100016c0                DC_mode
 .text.write_data_array
                0x100016d4       0x24 CMakeFiles/tflite_cam.dir/src/st7735/tft_display.c.o
                0x100016d4                write_data_array
 .text.ram_write_init
                0x100016f8       0x30 CMakeFiles/tflite_cam.dir/src/st7735/tft_display.c.o
                0x100016f8                ram_write_init
 .text.set_frame_area
                0x10001728      0x100 CMakeFiles/tflite_cam.dir/src/st7735/tft_display.c.o
                0x10001728                set_frame_area
 .text.display_init
                0x10001828       0xc8 CMakeFiles/tflite_cam.dir/src/st7735/tft_display.c.o
                0x10001828                display_init
 .text.gpio_set_function
                0x100018f0       0x34 CMakeFiles/tflite_cam.dir/home/pushkino/Desktop/pico/pico-sdk/src/rp2_common/hardware_gpio/gpio.c.o
                0x100018f0                gpio_set_function
 .text.gpio_init
                0x10001924       0x40 CMakeFiles/tflite_cam.dir/home/pushkino/Desktop/pico/pico-sdk/src/rp2_common/hardware_gpio/gpio.c.o
                0x10001924                gpio_init
 .text.rp2040_chip_version
                0x10001964        0xc CMakeFiles/tflite_cam.dir/home/pushkino/Desktop/pico/pico-sdk/src/rp2040/pico_platform/platform.c.o
                0x10001964                rp2040_chip_version
 .text.panic    0x10001970       0x30 CMakeFiles/tflite_cam.dir/home/pushkino/Desktop/pico/pico-sdk/src/rp2_common/pico_platform_panic/panic.c.o
                0x10001970                panic
 .text.hw_claim_or_assert
                0x100019a0       0x44 CMakeFiles/tflite_cam.dir/home/pushkino/Desktop/pico/pico-sdk/src/common/hardware_claim/claim.c.o
                0x100019a0                hw_claim_or_assert
 .text.hw_claim_unused_from_range
                0x100019e4       0x88 CMakeFiles/tflite_cam.dir/home/pushkino/Desktop/pico/pico-sdk/src/common/hardware_claim/claim.c.o
                0x100019e4                hw_claim_unused_from_range
 .text.next_striped_spin_lock_num
                0x10001a6c       0x18 CMakeFiles/tflite_cam.dir/home/pushkino/Desktop/pico/pico-sdk/src/rp2_common/hardware_sync/sync.c.o
                0x10001a6c                next_striped_spin_lock_num
 .text.spin_lock_claim_unused
                0x10001a84       0x24 CMakeFiles/tflite_cam.dir/home/pushkino/Desktop/pico/pico-sdk/src/rp2_common/hardware_sync/sync.c.o
                0x10001a84                spin_lock_claim_unused
 .text.spin_locks_reset
                0x10001aa8       0x1c CMakeFiles/tflite_cam.dir/home/pushkino/Desktop/pico/pico-sdk/src/rp2_common/hardware_sync_spin_lock/sync_spin_lock.c.o
                0x10001aa8                spin_locks_reset
 .text.runtime_init_per_core_irq_priorities
                0x10001ac4       0x24 CMakeFiles/tflite_cam.dir/home/pushkino/Desktop/pico/pico-sdk/src/rp2_common/hardware_irq/irq.c.o
                0x10001ac4                runtime_init_per_core_irq_priorities
 .text.irq_set_enabled
                0x10001ae8       0x24 CMakeFiles/tflite_cam.dir/home/pushkino/Desktop/pico/pico-sdk/src/rp2_common/hardware_irq/irq.c.o
                0x10001ae8                irq_set_enabled
 .text.irq_is_enabled
                0x10001b0c       0x18 CMakeFiles/tflite_cam.dir/home/pushkino/Desktop/pico/pico-sdk/src/rp2_common/hardware_irq/irq.c.o
                0x10001b0c                irq_is_enabled
 .text.irq_set_pending
                0x10001b24       0x10 CMakeFiles/tflite_cam.dir/home/pushkino/Desktop/pico/pico-sdk/src/rp2_common/hardware_irq/irq.c.o
                0x10001b24                irq_set_pending
 .text.irq_has_shared_handler
                0x10001b34       0x24 CMakeFiles/tflite_cam.dir/home/pushkino/Desktop/pico/pico-sdk/src/rp2_common/hardware_irq/irq.c.o
                0x10001b34                irq_has_shared_handler
 .text.irq_set_exclusive_handler
                0x10001b58       0x54 CMakeFiles/tflite_cam.dir/home/pushkino/Desktop/pico/pico-sdk/src/rp2_common/hardware_irq/irq.c.o
                0x10001b58                irq_set_exclusive_handler
 .text.irq_add_shared_handler
                0x10001bac      0x1f4 CMakeFiles/tflite_cam.dir/home/pushkino/Desktop/pico/pico-sdk/src/rp2_common/hardware_irq/irq.c.o
                0x10001bac                irq_add_shared_handler
 .text.irq_add_tail_to_free_list
                0x10001da0       0xb4 CMakeFiles/tflite_cam.dir/home/pushkino/Desktop/pico/pico-sdk/src/rp2_common/hardware_irq/irq.c.o
                0x10001da0                irq_add_tail_to_free_list
 .text.user_irq_claim_unused
                0x10001e54       0x2c CMakeFiles/tflite_cam.dir/home/pushkino/Desktop/pico/pico-sdk/src/rp2_common/hardware_irq/irq.c.o
                0x10001e54                user_irq_claim_unused
 .text.lock_init
                0x10001e80       0x10 CMakeFiles/tflite_cam.dir/home/pushkino/Desktop/pico/pico-sdk/src/common/pico_sync/lock_core.c.o
                0x10001e80                lock_init
 .text.runtime_init_mutex
                0x10001e90       0x50 CMakeFiles/tflite_cam.dir/home/pushkino/Desktop/pico/pico-sdk/src/common/pico_sync/mutex.c.o
                0x10001e90                runtime_init_mutex
 .text.mutex_init
                0x10001ee0       0x1c CMakeFiles/tflite_cam.dir/home/pushkino/Desktop/pico/pico-sdk/src/common/pico_sync/mutex.c.o
                0x10001ee0                mutex_init
 .text.critical_section_init
                0x10001efc       0x1c CMakeFiles/tflite_cam.dir/home/pushkino/Desktop/pico/pico-sdk/src/common/pico_sync/critical_section.c.o
                0x10001efc                critical_section_init
 .text.critical_section_init_with_lock_num
                0x10001f18       0x14 CMakeFiles/tflite_cam.dir/home/pushkino/Desktop/pico/pico-sdk/src/common/pico_sync/critical_section.c.o
                0x10001f18                critical_section_init_with_lock_num
 .text.sleep_until_callback
                0x10001f2c       0x30 CMakeFiles/tflite_cam.dir/home/pushkino/Desktop/pico/pico-sdk/src/common/pico_time/time.c.o
 .text.alarm_pool_irq_handler
                0x10001f5c      0x300 CMakeFiles/tflite_cam.dir/home/pushkino/Desktop/pico/pico-sdk/src/common/pico_time/time.c.o
 .text.runtime_init_default_alarm_pool
                0x1000225c       0xdc CMakeFiles/tflite_cam.dir/home/pushkino/Desktop/pico/pico-sdk/src/common/pico_time/time.c.o
                0x1000225c                runtime_init_default_alarm_pool
 .text.alarm_pool_get_default
                0x10002338        0x8 CMakeFiles/tflite_cam.dir/home/pushkino/Desktop/pico/pico-sdk/src/common/pico_time/time.c.o
                0x10002338                alarm_pool_get_default
 .text.alarm_pool_add_alarm_at
                0x10002340       0xd0 CMakeFiles/tflite_cam.dir/home/pushkino/Desktop/pico/pico-sdk/src/common/pico_time/time.c.o
                0x10002340                alarm_pool_add_alarm_at
 .text.alarm_pool_add_alarm_at_force_in_context
                0x10002410       0xb0 CMakeFiles/tflite_cam.dir/home/pushkino/Desktop/pico/pico-sdk/src/common/pico_time/time.c.o
                0x10002410                alarm_pool_add_alarm_at_force_in_context
 .text.alarm_pool_cancel_alarm
                0x100024c0       0x74 CMakeFiles/tflite_cam.dir/home/pushkino/Desktop/pico/pico-sdk/src/common/pico_time/time.c.o
                0x100024c0                alarm_pool_cancel_alarm
 .text.alarm_pool_core_num
                0x10002534        0x4 CMakeFiles/tflite_cam.dir/home/pushkino/Desktop/pico/pico-sdk/src/common/pico_time/time.c.o
                0x10002534                alarm_pool_core_num
 .text.sleep_ms
                0x10002538       0xfc CMakeFiles/tflite_cam.dir/home/pushkino/Desktop/pico/pico-sdk/src/common/pico_time/time.c.o
                0x10002538                sleep_ms
 .text.best_effort_wfe_or_timeout
                0x10002634      0x10c CMakeFiles/tflite_cam.dir/home/pushkino/Desktop/pico/pico-sdk/src/common/pico_time/time.c.o
                0x10002634                best_effort_wfe_or_timeout
 .text.timer_hardware_alarm_claim
                0x10002740       0x14 CMakeFiles/tflite_cam.dir/home/pushkino/Desktop/pico/pico-sdk/src/rp2_common/hardware_timer/timer.c.o
                0x10002740                timer_hardware_alarm_claim
 .text.timer_time_us_64
                0x10002754       0x10 CMakeFiles/tflite_cam.dir/home/pushkino/Desktop/pico/pico-sdk/src/rp2_common/hardware_timer/timer.c.o
                0x10002754                timer_time_us_64
 .text.time_us_64
                0x10002764       0x14 CMakeFiles/tflite_cam.dir/home/pushkino/Desktop/pico/pico-sdk/src/rp2_common/hardware_timer/timer.c.o
                0x10002764                time_us_64
 .text.busy_wait_us
                0x10002778       0x68 CMakeFiles/tflite_cam.dir/home/pushkino/Desktop/pico/pico-sdk/src/rp2_common/hardware_timer/timer.c.o
                0x10002778                busy_wait_us
 .text.busy_wait_until
                0x100027e0       0x20 CMakeFiles/tflite_cam.dir/home/pushkino/Desktop/pico/pico-sdk/src/rp2_common/hardware_timer/timer.c.o
                0x100027e0                busy_wait_until
 .text.clock_configure_int_divider
                0x10002800       0xf4 CMakeFiles/tflite_cam.dir/home/pushkino/Desktop/pico/pico-sdk/src/rp2_common/hardware_clocks/clocks.c.o
                0x10002800                clock_configure_int_divider
 .text.clock_configure_undivided
                0x100028f4       0xe8 CMakeFiles/tflite_cam.dir/home/pushkino/Desktop/pico/pico-sdk/src/rp2_common/hardware_clocks/clocks.c.o
                0x100028f4                clock_configure_undivided
 .text.clock_get_hz
                0x100029dc        0xc CMakeFiles/tflite_cam.dir/home/pushkino/Desktop/pico/pico-sdk/src/rp2_common/hardware_clocks/clocks.c.o
                0x100029dc                clock_get_hz
 .text.pll_init
                0x100029e8       0xa4 CMakeFiles/tflite_cam.dir/home/pushkino/Desktop/pico/pico-sdk/src/rp2_common/hardware_pll/pll.c.o
                0x100029e8                pll_init
 .text.watchdog_reboot
                0x10002a8c       0x9c CMakeFiles/tflite_cam.dir/home/pushkino/Desktop/pico/pico-sdk/src/rp2_common/hardware_watchdog/watchdog.c.o
                0x10002a8c                watchdog_reboot
 .text.tick_start
                0x10002b28       0x10 CMakeFiles/tflite_cam.dir/home/pushkino/Desktop/pico/pico-sdk/src/rp2_common/hardware_ticks/ticks.c.o
                0x10002b28                tick_start
 .text.rom_func_lookup
                0x10002b38       0x10 CMakeFiles/tflite_cam.dir/home/pushkino/Desktop/pico/pico-sdk/src/rp2_common/pico_bootrom/bootrom.c.o
                0x10002b38                rom_func_lookup
 .text.rom_data_lookup
                0x10002b48       0x10 CMakeFiles/tflite_cam.dir/home/pushkino/Desktop/pico/pico-sdk/src/rp2_common/pico_bootrom/bootrom.c.o
                0x10002b48                rom_data_lookup
 .text.rom_funcs_lookup
                0x10002b58       0x44 CMakeFiles/tflite_cam.dir/home/pushkino/Desktop/pico/pico-sdk/src/rp2_common/pico_bootrom/bootrom.c.o
                0x10002b58                rom_funcs_lookup
 .text.rom_reset_usb_boot_extra
                0x10002b9c       0x24 CMakeFiles/tflite_cam.dir/home/pushkino/Desktop/pico/pico-sdk/src/rp2_common/pico_bootrom/bootrom.c.o
                0x10002b9c                rom_reset_usb_boot_extra
 .text.xosc_init
                0x10002bc0       0x28 CMakeFiles/tflite_cam.dir/home/pushkino/Desktop/pico/pico-sdk/src/rp2_common/hardware_xosc/xosc.c.o
                0x10002bc0                xosc_init
 .text.first_per_core_initializer
                0x10002be8        0x4 CMakeFiles/tflite_cam.dir/home/pushkino/Desktop/pico/pico-sdk/src/rp2_common/pico_runtime/runtime.c.o
 .text.hard_assertion_failure
                0x10002bec        0xc CMakeFiles/tflite_cam.dir/home/pushkino/Desktop/pico/pico-sdk/src/rp2_common/pico_runtime/runtime.c.o
                0x10002bec                hard_assertion_failure
 .text.runtime_run_initializers
                0x10002bf8       0x28 CMakeFiles/tflite_cam.dir/home/pushkino/Desktop/pico/pico-sdk/src/rp2_common/pico_runtime/runtime.c.o
                0x10002bf8                runtime_run_initializers
 .text.runtime_run_per_core_initializers
                0x10002c20       0x28 CMakeFiles/tflite_cam.dir/home/pushkino/Desktop/pico/pico-sdk/src/rp2_common/pico_runtime/runtime.c.o
                0x10002c20                runtime_run_per_core_initializers
 .text.runtime_init_early_resets
                0x10002c48       0x2c CMakeFiles/tflite_cam.dir/home/pushkino/Desktop/pico/pico-sdk/src/rp2_common/pico_runtime_init/runtime_init.c.o
                0x10002c48                runtime_init_early_resets
 .text.runtime_init_usb_power_down
                0x10002c74       0x1c CMakeFiles/tflite_cam.dir/home/pushkino/Desktop/pico/pico-sdk/src/rp2_common/pico_runtime_init/runtime_init.c.o
                0x10002c74                runtime_init_usb_power_down
 .text.runtime_init_post_clock_resets
                0x10002c90       0x20 CMakeFiles/tflite_cam.dir/home/pushkino/Desktop/pico/pico-sdk/src/rp2_common/pico_runtime_init/runtime_init.c.o
                0x10002c90                runtime_init_post_clock_resets
 .text.runtime_init_rp2040_gpio_ie_disable
                0x10002cb0       0x14 CMakeFiles/tflite_cam.dir/home/pushkino/Desktop/pico/pico-sdk/src/rp2_common/pico_runtime_init/runtime_init.c.o
                0x10002cb0                runtime_init_rp2040_gpio_ie_disable
 .text.runtime_init_spin_locks_reset
                0x10002cc4        0x8 CMakeFiles/tflite_cam.dir/home/pushkino/Desktop/pico/pico-sdk/src/rp2_common/pico_runtime_init/runtime_init.c.o
                0x10002cc4                runtime_init_spin_locks_reset
 .text.runtime_init_install_ram_vector_table
                0x10002ccc       0xb4 CMakeFiles/tflite_cam.dir/home/pushkino/Desktop/pico/pico-sdk/src/rp2_common/pico_runtime_init/runtime_init.c.o
                0x10002ccc                runtime_init_install_ram_vector_table
 .text.runtime_init_clocks
                0x10002d80       0xd8 CMakeFiles/tflite_cam.dir/home/pushkino/Desktop/pico/pico-sdk/src/rp2_common/pico_runtime_init/runtime_init_clocks.c.o
                0x10002d80                runtime_init_clocks
 .text          0x10002e58       0x10 CMakeFiles/tflite_cam.dir/home/pushkino/Desktop/pico/pico-sdk/src/rp2_common/pico_bit_ops/bit_ops_aeabi.S.o
 .text.__wrap___aeabi_idiv
                0x10002e68       0x50 CMakeFiles/tflite_cam.dir/home/pushkino/Desktop/pico/pico-sdk/src/rp2_common/pico_divider/divider_hardware.S.o
                0x10002e68                __wrap___aeabi_idivmod
                0x10002e68                divmod_s32s32
                0x10002e68                div_s32s32
                0x10002e68                __wrap___aeabi_idiv
                0x10002e70                divmod_s32s32_unsafe
                0x10002e9c                divmod_s32s32_savestate
 .text.__wrap___aeabi_uidiv
                0x10002eb8       0x4c CMakeFiles/tflite_cam.dir/home/pushkino/Desktop/pico/pico-sdk/src/rp2_common/pico_divider/divider_hardware.S.o
                0x10002eb8                __wrap___aeabi_uidiv
                0x10002eb8                __wrap___aeabi_uidivmod
                0x10002eb8                div_u32u32
                0x10002eb8                divmod_u32u32
                0x10002ec0                divmod_u32u32_unsafe
                0x10002ee8                divmod_u32u32_savestate
 .text.__wrap___aeabi_ldiv
                0x10002f04      0x424 CMakeFiles/tflite_cam.dir/home/pushkino/Desktop/pico/pico-sdk/src/rp2_common/pico_divider/divider_hardware.S.o
                0x10002f04                div_s64s64
                0x10002f04                divmod_s64s64
                0x10002f04                __wrap___aeabi_ldivmod
                0x10002f34                div_u64u64
                0x10002f34                divmod_u64u64
                0x10002f34                __wrap___aeabi_uldivmod
                0x10002f44                divmod_u64u64_savestate
                0x10002f64                divmod_s64s64_unsafe
                0x10002fec                divmod_u64u64_unsafe
 .text.__wrap___aeabi_darithmetic
                0x10003328       0x60 CMakeFiles/tflite_cam.dir/home/pushkino/Desktop/pico/pico-sdk/src/rp2_common/pico_double/double_aeabi_rp2040.S.o
                0x10003328                __wrap___aeabi_drsub
                0x1000332e                __wrap___aeabi_dsub
                0x10003338                __wrap___aeabi_dadd
                0x10003342                __wrap___aeabi_ddiv
                0x10003376                __wrap___aeabi_dmul
 .text.__wrap___aeabi_cdcmple
                0x10003388       0x6c CMakeFiles/tflite_cam.dir/home/pushkino/Desktop/pico/pico-sdk/src/rp2_common/pico_double/double_aeabi_rp2040.S.o
                0x10003388                __wrap___aeabi_cdrcmple
                0x10003398                __wrap___aeabi_cdcmple
                0x10003398                __wrap___aeabi_cdcmpeq
 .text.__wrap___aeabi_dcmpeq
                0x100033f4       0x10 CMakeFiles/tflite_cam.dir/home/pushkino/Desktop/pico/pico-sdk/src/rp2_common/pico_double/double_aeabi_rp2040.S.o
                0x100033f4                __wrap___aeabi_dcmpeq
 .text.__wrap___aeabi_dcmplt
                0x10003404        0xc CMakeFiles/tflite_cam.dir/home/pushkino/Desktop/pico/pico-sdk/src/rp2_common/pico_double/double_aeabi_rp2040.S.o
                0x10003404                __wrap___aeabi_dcmplt
 .text.__wrap___aeabi_dcmple
                0x10003410       0x10 CMakeFiles/tflite_cam.dir/home/pushkino/Desktop/pico/pico-sdk/src/rp2_common/pico_double/double_aeabi_rp2040.S.o
                0x10003410                __wrap___aeabi_dcmple
 .text.__wrap___aeabi_dcmpge
                0x10003420       0x10 CMakeFiles/tflite_cam.dir/home/pushkino/Desktop/pico/pico-sdk/src/rp2_common/pico_double/double_aeabi_rp2040.S.o
                0x10003420                __wrap___aeabi_dcmpge
 .text.__wrap___aeabi_dcmpgt
                0x10003430        0xa CMakeFiles/tflite_cam.dir/home/pushkino/Desktop/pico/pico-sdk/src/rp2_common/pico_double/double_aeabi_rp2040.S.o
                0x10003430                __wrap___aeabi_dcmpgt
 .text.__wrap___aeabi_dcmpun
                0x1000343a       0x18 CMakeFiles/tflite_cam.dir/home/pushkino/Desktop/pico/pico-sdk/src/rp2_common/pico_double/double_aeabi_rp2040.S.o
                0x1000343a                __wrap___aeabi_dcmpun
 *fill*         0x10003452        0x2 
 .text.__wrap___aeabi_i2d
                0x10003454       0x38 CMakeFiles/tflite_cam.dir/home/pushkino/Desktop/pico/pico-sdk/src/rp2_common/pico_double/double_aeabi_rp2040.S.o
                0x10003454                __wrap___aeabi_ui2d
                0x10003454                uint2double
                0x1000345c                __wrap___aeabi_i2d
                0x1000345c                int2double
 .text.__wrap___aeabi_d2iz
                0x1000348c       0x48 CMakeFiles/tflite_cam.dir/home/pushkino/Desktop/pico/pico-sdk/src/rp2_common/pico_double/double_aeabi_rp2040.S.o
                0x1000348c                __wrap___aeabi_d2iz
                0x1000348c                double2int_z
 .text.__wrap___aeabi_d2uiz
                0x100034d4       0x10 CMakeFiles/tflite_cam.dir/home/pushkino/Desktop/pico/pico-sdk/src/rp2_common/pico_double/double_aeabi_rp2040.S.o
                0x100034d4                double2uint_z
                0x100034d4                double2uint
                0x100034d4                __wrap___aeabi_d2uiz
 .text.__wrap___aeabi_d2lz
                0x100034e4       0x26 CMakeFiles/tflite_cam.dir/home/pushkino/Desktop/pico/pico-sdk/src/rp2_common/pico_double/double_aeabi_rp2040.S.o
                0x100034e4                __wrap___aeabi_d2lz
                0x100034e4                double2int64_z
 *fill*         0x1000350a        0x2 
 .text.double2int64
                0x1000350c       0x10 CMakeFiles/tflite_cam.dir/home/pushkino/Desktop/pico/pico-sdk/src/rp2_common/pico_double/double_aeabi_rp2040.S.o
                0x1000350c                double2int64
 .text.double2ufix64
                0x1000351c       0x10 CMakeFiles/tflite_cam.dir/home/pushkino/Desktop/pico/pico-sdk/src/rp2_common/pico_double/double_aeabi_rp2040.S.o
                0x1000351c                double2ufix64
                0x1000351c                double2ufix64_z
 .text.__wrap___aeabi_d2f
                0x1000352c       0x10 CMakeFiles/tflite_cam.dir/home/pushkino/Desktop/pico/pico-sdk/src/rp2_common/pico_double/double_aeabi_rp2040.S.o
                0x1000352c                __wrap___aeabi_d2f
 .text.missing_double_func_shim
                0x1000353c        0xc CMakeFiles/tflite_cam.dir/home/pushkino/Desktop/pico/pico-sdk/src/rp2_common/pico_double/double_init_rom_rp2040.c.o
 .text.__aeabi_double_init
                0x10003548       0xa0 CMakeFiles/tflite_cam.dir/home/pushkino/Desktop/pico/pico-sdk/src/rp2_common/pico_double/double_init_rom_rp2040.c.o
                0x10003548                __aeabi_double_init
 .text.__wrap_round
                0x100035e8       0x9c CMakeFiles/tflite_cam.dir/home/pushkino/Desktop/pico/pico-sdk/src/rp2_common/pico_double/double_math.c.o
                0x100035e8                __wrap_round
 .text.double_table_shim_on_use_helper
                0x10003684       0x2c CMakeFiles/tflite_cam.dir/home/pushkino/Desktop/pico/pico-sdk/src/rp2_common/pico_double/double_v1_rom_shim_rp2040.S.o
                0x10003684                double_table_shim_on_use_helper
 .text.__aeabi_lmul
                0x100036b0       0x32 CMakeFiles/tflite_cam.dir/home/pushkino/Desktop/pico/pico-sdk/src/rp2_common/pico_int64_ops/pico_int64_ops_aeabi.S.o
                0x100036b0                __wrap___aeabi_lmul
 *fill*         0x100036e2        0x2 
 .text.__wrap___aeabi_farithmetic
                0x100036e4       0x48 CMakeFiles/tflite_cam.dir/home/pushkino/Desktop/pico/pico-sdk/src/rp2_common/pico_float/float_aeabi_rp2040.S.o
                0x100036e4                __wrap___aeabi_frsub
                0x100036ea                __wrap___aeabi_fsub
                0x100036f0                __wrap___aeabi_fadd
                0x100036f6                __wrap___aeabi_fdiv
                0x1000371e                __wrap___aeabi_fmul
 .text.__wrap___aeabi_cfcmple
                0x1000372c       0x50 CMakeFiles/tflite_cam.dir/home/pushkino/Desktop/pico/pico-sdk/src/rp2_common/pico_float/float_aeabi_rp2040.S.o
                0x1000372c                __wrap___aeabi_cfrcmple
                0x10003738                __wrap___aeabi_cfcmpeq
                0x10003738                __wrap___aeabi_cfcmple
 .text.__wrap___aeabi_fcmplt
                0x1000377c        0xc CMakeFiles/tflite_cam.dir/home/pushkino/Desktop/pico/pico-sdk/src/rp2_common/pico_float/float_aeabi_rp2040.S.o
                0x1000377c                __wrap___aeabi_fcmplt
 .text.__wrap___aeabi_fcmple
                0x10003788       0x10 CMakeFiles/tflite_cam.dir/home/pushkino/Desktop/pico/pico-sdk/src/rp2_common/pico_float/float_aeabi_rp2040.S.o
                0x10003788                __wrap___aeabi_fcmple
 .text.__wrap___aeabi_fcmpge
                0x10003798       0x10 CMakeFiles/tflite_cam.dir/home/pushkino/Desktop/pico/pico-sdk/src/rp2_common/pico_float/float_aeabi_rp2040.S.o
                0x10003798                __wrap___aeabi_fcmpge
 .text.__wrap___aeabi_fcmpgt
                0x100037a8        0xa CMakeFiles/tflite_cam.dir/home/pushkino/Desktop/pico/pico-sdk/src/rp2_common/pico_float/float_aeabi_rp2040.S.o
                0x100037a8                __wrap___aeabi_fcmpgt
 *fill*         0x100037b2        0x2 
 .text.__wrap___aeabi_i2f
                0x100037b4       0x44 CMakeFiles/tflite_cam.dir/home/pushkino/Desktop/pico/pico-sdk/src/rp2_common/pico_float/float_aeabi_rp2040.S.o
                0x100037b4                int2float
                0x100037b4                __wrap___aeabi_i2f
 .text.__wrap___aeabi_f2iz
                0x100037f8       0x4e CMakeFiles/tflite_cam.dir/home/pushkino/Desktop/pico/pico-sdk/src/rp2_common/pico_float/float_aeabi_rp2040.S.o
                0x100037f8                __wrap___aeabi_f2iz
                0x100037f8                float2int_z
 *fill*         0x10003846        0x2 
 .text.float2int
                0x10003848        0xc CMakeFiles/tflite_cam.dir/home/pushkino/Desktop/pico/pico-sdk/src/rp2_common/pico_float/float_aeabi_rp2040.S.o
                0x10003848                float2int
 .text.__wrap___aeabi_f2uiz
                0x10003854        0xc CMakeFiles/tflite_cam.dir/home/pushkino/Desktop/pico/pico-sdk/src/rp2_common/pico_float/float_aeabi_rp2040.S.o
                0x10003854                float2uint
                0x10003854                float2uint_z
                0x10003854                __wrap___aeabi_f2uiz
 .text.__wrap___aeabi_f2d
                0x10003860        0xc CMakeFiles/tflite_cam.dir/home/pushkino/Desktop/pico/pico-sdk/src/rp2_common/pico_float/float_aeabi_rp2040.S.o
                0x10003860                __wrap___aeabi_f2d
 .text.missing_float_func_shim
                0x1000386c        0xc CMakeFiles/tflite_cam.dir/home/pushkino/Desktop/pico/pico-sdk/src/rp2_common/pico_float/float_init_rom_rp2040.c.o
 .text.__aeabi_float_init
                0x10003878       0x5c CMakeFiles/tflite_cam.dir/home/pushkino/Desktop/pico/pico-sdk/src/rp2_common/pico_float/float_init_rom_rp2040.c.o
                0x10003878                __aeabi_float_init
 .text.__wrap_roundf
                0x100038d4       0x38 CMakeFiles/tflite_cam.dir/home/pushkino/Desktop/pico/pico-sdk/src/rp2_common/pico_float/float_math.c.o
                0x100038d4                __wrap_roundf
 .text          0x1000390c       0x10 CMakeFiles/tflite_cam.dir/home/pushkino/Desktop/pico/pico-sdk/src/rp2_common/pico_mem_ops/mem_ops_aeabi.S.o
                0x1000390c                __aeabi_mem_init
 .text.memset   0x1000391c        0xc CMakeFiles/tflite_cam.dir/home/pushkino/Desktop/pico/pico-sdk/src/rp2_common/pico_mem_ops/mem_ops_aeabi.S.o
                0x1000391c                __wrap_memset
 .text.memcpy   0x10003928        0xc CMakeFiles/tflite_cam.dir/home/pushkino/Desktop/pico/pico-sdk/src/rp2_common/pico_mem_ops/mem_ops_aeabi.S.o
                0x10003928                __wrap___aeabi_memcpy
                0x10003928                __wrap_memcpy
 .text._out_null
                0x10003934        0x4 CMakeFiles/tflite_cam.dir/home/pushkino/Desktop/pico/pico-sdk/src/rp2_common/pico_printf/printf.c.o
 .text._out_rev
                0x10003938       0xac CMakeFiles/tflite_cam.dir/home/pushkino/Desktop/pico/pico-sdk/src/rp2_common/pico_printf/printf.c.o
 .text._ntoa_format
                0x100039e4      0x1cc CMakeFiles/tflite_cam.dir/home/pushkino/Desktop/pico/pico-sdk/src/rp2_common/pico_printf/printf.c.o
 .text._out_char
                0x10003bb0       0x10 CMakeFiles/tflite_cam.dir/home/pushkino/Desktop/pico/pico-sdk/src/rp2_common/pico_printf/printf.c.o
 .text._out_fct
                0x10003bc0       0x10 CMakeFiles/tflite_cam.dir/home/pushkino/Desktop/pico/pico-sdk/src/rp2_common/pico_printf/printf.c.o
 .text._ftoa    0x10003bd0      0x4a8 CMakeFiles/tflite_cam.dir/home/pushkino/Desktop/pico/pico-sdk/src/rp2_common/pico_printf/printf.c.o
 .text._etoa    0x10004078      0x57c CMakeFiles/tflite_cam.dir/home/pushkino/Desktop/pico/pico-sdk/src/rp2_common/pico_printf/printf.c.o
 .text._vsnprintf
                0x100045f4      0xbe0 CMakeFiles/tflite_cam.dir/home/pushkino/Desktop/pico/pico-sdk/src/rp2_common/pico_printf/printf.c.o
 .text.vfctprintf
                0x100051d4       0x24 CMakeFiles/tflite_cam.dir/home/pushkino/Desktop/pico/pico-sdk/src/rp2_common/pico_printf/printf.c.o
                0x100051d4                vfctprintf
 .text.weak_raw_printf
                0x100051f8       0x40 CMakeFiles/tflite_cam.dir/home/pushkino/Desktop/pico/pico-sdk/src/rp2_common/pico_printf/printf.c.o
                0x100051f8                weak_raw_printf
 .text.weak_raw_vprintf
                0x10005238       0x30 CMakeFiles/tflite_cam.dir/home/pushkino/Desktop/pico/pico-sdk/src/rp2_common/pico_printf/printf.c.o
                0x10005238                weak_raw_vprintf
 .text._exit    0x10005268        0x4 CMakeFiles/tflite_cam.dir/home/pushkino/Desktop/pico/pico-sdk/src/rp2_common/pico_clib_interface/newlib_interface.c.o
                0x10005268                _exit
 .text._sbrk    0x1000526c       0x34 CMakeFiles/tflite_cam.dir/home/pushkino/Desktop/pico/pico-sdk/src/rp2_common/pico_clib_interface/newlib_interface.c.o
                0x1000526c                _sbrk
 .text._getpid  0x100052a0        0x4 CMakeFiles/tflite_cam.dir/home/pushkino/Desktop/pico/pico-sdk/src/rp2_common/pico_clib_interface/newlib_interface.c.o
                0x100052a0                _getpid
 .text._kill    0x100052a4        0x8 CMakeFiles/tflite_cam.dir/home/pushkino/Desktop/pico/pico-sdk/src/rp2_common/pico_clib_interface/newlib_interface.c.o
                0x100052a4                _kill
 .text._read    0x100052ac       0x24 CMakeFiles/tflite_cam.dir/home/pushkino/Desktop/pico/pico-sdk/src/rp2_common/pico_clib_interface/newlib_interface.c.o
                0x100052ac                _read
 .text._write   0x100052d0       0x24 CMakeFiles/tflite_cam.dir/home/pushkino/Desktop/pico/pico-sdk/src/rp2_common/pico_clib_interface/newlib_interface.c.o
                0x100052d0                _write
 .text._close   0x100052f4        0x8 CMakeFiles/tflite_cam.dir/home/pushkino/Desktop/pico/pico-sdk/src/rp2_common/pico_clib_interface/newlib_interface.c.o
                0x100052f4                _close
 .text._lseek   0x100052fc        0x8 CMakeFiles/tflite_cam.dir/home/pushkino/Desktop/pico/pico-sdk/src/rp2_common/pico_clib_interface/newlib_interface.c.o
                0x100052fc                _lseek
 .text._fstat   0x10005304        0x8 CMakeFiles/tflite_cam.dir/home/pushkino/Desktop/pico/pico-sdk/src/rp2_common/pico_clib_interface/newlib_interface.c.o
                0x10005304                _fstat
 .text._isatty  0x1000530c        0xc CMakeFiles/tflite_cam.dir/home/pushkino/Desktop/pico/pico-sdk/src/rp2_common/pico_clib_interface/newlib_interface.c.o
                0x1000530c                _isatty
 .text.exit     0x10005318        0x8 CMakeFiles/tflite_cam.dir/home/pushkino/Desktop/pico/pico-sdk/src/rp2_common/pico_clib_interface/newlib_interface.c.o
                0x10005318                exit
 .text.__assert_func
                0x10005320       0x38 CMakeFiles/tflite_cam.dir/home/pushkino/Desktop/pico/pico-sdk/src/rp2_common/pico_clib_interface/newlib_interface.c.o
                0x10005320                __assert_func
 .text.runtime_init
                0x10005358       0x2c CMakeFiles/tflite_cam.dir/home/pushkino/Desktop/pico/pico-sdk/src/rp2_common/pico_clib_interface/newlib_interface.c.o
                0x10005358                runtime_init
 .text.stdio_out_chars_no_crlf
                0x10005384       0x10 CMakeFiles/tflite_cam.dir/home/pushkino/Desktop/pico/pico-sdk/src/rp2_common/pico_stdio/stdio.c.o
 .text.stdio_out_chars_crlf
                0x10005394       0xb0 CMakeFiles/tflite_cam.dir/home/pushkino/Desktop/pico/pico-sdk/src/rp2_common/pico_stdio/stdio.c.o
 .text.stdio_buffered_printer
                0x10005444       0x64 CMakeFiles/tflite_cam.dir/home/pushkino/Desktop/pico/pico-sdk/src/rp2_common/pico_stdio/stdio.c.o
 .text.stdio_put_string
                0x100054a8       0xfc CMakeFiles/tflite_cam.dir/home/pushkino/Desktop/pico/pico-sdk/src/rp2_common/pico_stdio/stdio.c.o
                0x100054a8                stdio_put_string
 .text.stdio_get_until
                0x100055a4       0x84 CMakeFiles/tflite_cam.dir/home/pushkino/Desktop/pico/pico-sdk/src/rp2_common/pico_stdio/stdio.c.o
                0x100055a4                stdio_get_until
 .text.stdio_set_driver_enabled
                0x10005628       0x30 CMakeFiles/tflite_cam.dir/home/pushkino/Desktop/pico/pico-sdk/src/rp2_common/pico_stdio/stdio.c.o
                0x10005628                stdio_set_driver_enabled
 .text.stdio_init_all
                0x10005658        0x8 CMakeFiles/tflite_cam.dir/home/pushkino/Desktop/pico/pico-sdk/src/rp2_common/pico_stdio/stdio.c.o
                0x10005658                stdio_init_all
 .text.__wrap_putchar
                0x10005660       0x94 CMakeFiles/tflite_cam.dir/home/pushkino/Desktop/pico/pico-sdk/src/rp2_common/pico_stdio/stdio.c.o
                0x10005660                stdio_putchar
                0x10005660                __wrap_putchar
 .text.__wrap_puts
                0x100056f4       0x3c CMakeFiles/tflite_cam.dir/home/pushkino/Desktop/pico/pico-sdk/src/rp2_common/pico_stdio/stdio.c.o
                0x100056f4                __wrap_puts
                0x100056f4                stdio_puts
 .text.__wrap_vprintf
                0x10005730       0xcc CMakeFiles/tflite_cam.dir/home/pushkino/Desktop/pico/pico-sdk/src/rp2_common/pico_stdio/stdio.c.o
                0x10005730                __wrap_vprintf
                0x10005730                stdio_vprintf
 .text.__wrap_printf
                0x100057fc       0x18 CMakeFiles/tflite_cam.dir/home/pushkino/Desktop/pico/pico-sdk/src/rp2_common/pico_stdio/stdio.c.o
                0x100057fc                stdio_printf
                0x100057fc                __wrap_printf
 .text.resetd_init
                0x10005814        0x4 CMakeFiles/tflite_cam.dir/home/pushkino/Desktop/pico/pico-sdk/src/rp2_common/pico_stdio_usb/reset_interface.c.o
 .text.resetd_reset
                0x10005818        0xc CMakeFiles/tflite_cam.dir/home/pushkino/Desktop/pico/pico-sdk/src/rp2_common/pico_stdio_usb/reset_interface.c.o
 .text.resetd_open
                0x10005824       0x28 CMakeFiles/tflite_cam.dir/home/pushkino/Desktop/pico/pico-sdk/src/rp2_common/pico_stdio_usb/reset_interface.c.o
 .text.resetd_xfer_cb
                0x1000584c        0x4 CMakeFiles/tflite_cam.dir/home/pushkino/Desktop/pico/pico-sdk/src/rp2_common/pico_stdio_usb/reset_interface.c.o
 .text.resetd_control_xfer_cb
                0x10005850       0x54 CMakeFiles/tflite_cam.dir/home/pushkino/Desktop/pico/pico-sdk/src/rp2_common/pico_stdio_usb/reset_interface.c.o
 .text.tud_descriptor_bos_cb
                0x100058a4        0x8 CMakeFiles/tflite_cam.dir/home/pushkino/Desktop/pico/pico-sdk/src/rp2_common/pico_stdio_usb/reset_interface.c.o
                0x100058a4                tud_descriptor_bos_cb
 .text.tud_vendor_control_xfer_cb
                0x100058ac       0x34 CMakeFiles/tflite_cam.dir/home/pushkino/Desktop/pico/pico-sdk/src/rp2_common/pico_stdio_usb/reset_interface.c.o
                0x100058ac                tud_vendor_control_xfer_cb
 .text.usbd_app_driver_get_cb
                0x100058e0        0xc CMakeFiles/tflite_cam.dir/home/pushkino/Desktop/pico/pico-sdk/src/rp2_common/pico_stdio_usb/reset_interface.c.o
                0x100058e0                usbd_app_driver_get_cb
 .text.tud_cdc_line_coding_cb
                0x100058ec       0x2c CMakeFiles/tflite_cam.dir/home/pushkino/Desktop/pico/pico-sdk/src/rp2_common/pico_stdio_usb/reset_interface.c.o
                0x100058ec                tud_cdc_line_coding_cb
 .text.stdio_usb_set_chars_available_callback
                0x10005918       0x14 CMakeFiles/tflite_cam.dir/home/pushkino/Desktop/pico/pico-sdk/src/rp2_common/pico_stdio_usb/stdio_usb.c.o
                0x10005918                stdio_usb_set_chars_available_callback
 .text.usb_irq  0x1000592c       0x10 CMakeFiles/tflite_cam.dir/home/pushkino/Desktop/pico/pico-sdk/src/rp2_common/pico_stdio_usb/stdio_usb.c.o
 .text.timer_task
                0x1000593c       0x64 CMakeFiles/tflite_cam.dir/home/pushkino/Desktop/pico/pico-sdk/src/rp2_common/pico_stdio_usb/stdio_usb.c.o
 .text.stdio_usb_in_chars
                0x100059a0       0x8c CMakeFiles/tflite_cam.dir/home/pushkino/Desktop/pico/pico-sdk/src/rp2_common/pico_stdio_usb/stdio_usb.c.o
                0x100059a0                stdio_usb_in_chars
 .text.stdio_usb_out_flush
                0x10005a2c       0x4c CMakeFiles/tflite_cam.dir/home/pushkino/Desktop/pico/pico-sdk/src/rp2_common/pico_stdio_usb/stdio_usb.c.o
 .text.stdio_usb_out_chars
                0x10005a78      0x100 CMakeFiles/tflite_cam.dir/home/pushkino/Desktop/pico/pico-sdk/src/rp2_common/pico_stdio_usb/stdio_usb.c.o
 .text.low_priority_worker_irq
                0x10005b78       0xc8 CMakeFiles/tflite_cam.dir/home/pushkino/Desktop/pico/pico-sdk/src/rp2_common/pico_stdio_usb/stdio_usb.c.o
 .text.stdio_usb_init
                0x10005c40       0xe8 CMakeFiles/tflite_cam.dir/home/pushkino/Desktop/pico/pico-sdk/src/rp2_common/pico_stdio_usb/stdio_usb.c.o
                0x10005c40                stdio_usb_init
 .text.tud_descriptor_device_cb
                0x10005d28        0x8 CMakeFiles/tflite_cam.dir/home/pushkino/Desktop/pico/pico-sdk/src/rp2_common/pico_stdio_usb/stdio_usb_descriptors.c.o
                0x10005d28                tud_descriptor_device_cb
 .text.tud_descriptor_configuration_cb
                0x10005d30        0x8 CMakeFiles/tflite_cam.dir/home/pushkino/Desktop/pico/pico-sdk/src/rp2_common/pico_stdio_usb/stdio_usb_descriptors.c.o
                0x10005d30                tud_descriptor_configuration_cb
 .text.tud_descriptor_string_cb
                0x10005d38       0x78 CMakeFiles/tflite_cam.dir/home/pushkino/Desktop/pico/pico-sdk/src/rp2_common/pico_stdio_usb/stdio_usb_descriptors.c.o
                0x10005d38                tud_descriptor_string_cb
 .text.startup._retrieve_unique_id_on_boot
                0x10005db0       0x10 CMakeFiles/tflite_cam.dir/home/pushkino/Desktop/pico/pico-sdk/src/rp2_common/pico_unique_id/unique_id.c.o
 .text.pico_get_unique_board_id_string
                0x10005dc0      0x1a8 CMakeFiles/tflite_cam.dir/home/pushkino/Desktop/pico/pico-sdk/src/rp2_common/pico_unique_id/unique_id.c.o
                0x10005dc0                pico_get_unique_board_id_string
 .text.flash_get_unique_id
                0x10005f68       0x3c CMakeFiles/tflite_cam.dir/home/pushkino/Desktop/pico/pico-sdk/src/rp2_common/hardware_flash/flash.c.o
                0x10005f68                flash_get_unique_id
 .text.dcd_init
                0x10005fa4       0x90 CMakeFiles/tflite_cam.dir/home/pushkino/Desktop/pico/pico-sdk/lib/tinyusb/src/portable/raspberrypi/rp2040/dcd_rp2040.c.o
                0x10005fa4                dcd_init
 .text.dcd_int_enable
                0x10006034        0xc CMakeFiles/tflite_cam.dir/home/pushkino/Desktop/pico/pico-sdk/lib/tinyusb/src/portable/raspberrypi/rp2040/dcd_rp2040.c.o
                0x10006034                dcd_int_enable
 .text.dcd_set_address
                0x10006040       0x14 CMakeFiles/tflite_cam.dir/home/pushkino/Desktop/pico/pico-sdk/lib/tinyusb/src/portable/raspberrypi/rp2040/dcd_rp2040.c.o
                0x10006040                dcd_set_address
 .text.dcd_sof_enable
                0x10006054       0x1c CMakeFiles/tflite_cam.dir/home/pushkino/Desktop/pico/pico-sdk/lib/tinyusb/src/portable/raspberrypi/rp2040/dcd_rp2040.c.o
                0x10006054                dcd_sof_enable
 .text.dcd_edpt0_status_complete
                0x10006070       0x1c CMakeFiles/tflite_cam.dir/home/pushkino/Desktop/pico/pico-sdk/lib/tinyusb/src/portable/raspberrypi/rp2040/dcd_rp2040.c.o
                0x10006070                dcd_edpt0_status_complete
 .text.dcd_edpt_open
                0x1000608c      0x114 CMakeFiles/tflite_cam.dir/home/pushkino/Desktop/pico/pico-sdk/lib/tinyusb/src/portable/raspberrypi/rp2040/dcd_rp2040.c.o
                0x1000608c                dcd_edpt_open
 .text.dcd_edpt_close_all
                0x100061a0        0x8 CMakeFiles/tflite_cam.dir/home/pushkino/Desktop/pico/pico-sdk/lib/tinyusb/src/portable/raspberrypi/rp2040/dcd_rp2040.c.o
                0x100061a0                dcd_edpt_close_all
 .text.dcd_edpt_xfer
                0x100061a8       0x24 CMakeFiles/tflite_cam.dir/home/pushkino/Desktop/pico/pico-sdk/lib/tinyusb/src/portable/raspberrypi/rp2040/dcd_rp2040.c.o
                0x100061a8                dcd_edpt_xfer
 .text.dcd_edpt_stall
                0x100061cc       0x3c CMakeFiles/tflite_cam.dir/home/pushkino/Desktop/pico/pico-sdk/lib/tinyusb/src/portable/raspberrypi/rp2040/dcd_rp2040.c.o
                0x100061cc                dcd_edpt_stall
 .text.dcd_edpt_clear_stall
                0x10006208       0x30 CMakeFiles/tflite_cam.dir/home/pushkino/Desktop/pico/pico-sdk/lib/tinyusb/src/portable/raspberrypi/rp2040/dcd_rp2040.c.o
                0x10006208                dcd_edpt_clear_stall
 .text.rp2040_usb_init
                0x10006238       0x40 CMakeFiles/tflite_cam.dir/home/pushkino/Desktop/pico/pico-sdk/lib/tinyusb/src/portable/raspberrypi/rp2040/rp2040_usb.c.o
                0x10006238                rp2040_usb_init
 .text.hw_endpoint_xfer_start
                0x10006278       0x40 CMakeFiles/tflite_cam.dir/home/pushkino/Desktop/pico/pico-sdk/lib/tinyusb/src/portable/raspberrypi/rp2040/rp2040_usb.c.o
                0x10006278                hw_endpoint_xfer_start
 .text.tud_event_hook_cb
                0x100062b8        0x4 CMakeFiles/tflite_cam.dir/home/pushkino/Desktop/pico/pico-sdk/lib/tinyusb/src/device/usbd.c.o
                0x100062b8                tud_event_hook_cb
 .text.tud_sof_cb
                0x100062bc        0x4 CMakeFiles/tflite_cam.dir/home/pushkino/Desktop/pico/pico-sdk/lib/tinyusb/src/device/usbd.c.o
                0x100062bc                tud_sof_cb
 .text.tud_descriptor_device_qualifier_cb
                0x100062c0        0x4 CMakeFiles/tflite_cam.dir/home/pushkino/Desktop/pico/pico-sdk/lib/tinyusb/src/device/usbd.c.o
                0x100062c0                tud_descriptor_device_qualifier_cb
 .text.tud_descriptor_other_speed_configuration_cb
                0x100062c4        0x4 CMakeFiles/tflite_cam.dir/home/pushkino/Desktop/pico/pico-sdk/lib/tinyusb/src/device/usbd.c.o
                0x100062c4                tud_descriptor_other_speed_configuration_cb
 .text.tud_mount_cb
                0x100062c8        0x4 CMakeFiles/tflite_cam.dir/home/pushkino/Desktop/pico/pico-sdk/lib/tinyusb/src/device/usbd.c.o
                0x100062c8                tud_mount_cb
 .text.tud_umount_cb
                0x100062cc        0x4 CMakeFiles/tflite_cam.dir/home/pushkino/Desktop/pico/pico-sdk/lib/tinyusb/src/device/usbd.c.o
                0x100062cc                tud_umount_cb
 .text.tud_suspend_cb
                0x100062d0        0x4 CMakeFiles/tflite_cam.dir/home/pushkino/Desktop/pico/pico-sdk/lib/tinyusb/src/device/usbd.c.o
                0x100062d0                tud_suspend_cb
 .text.tud_resume_cb
                0x100062d4        0x4 CMakeFiles/tflite_cam.dir/home/pushkino/Desktop/pico/pico-sdk/lib/tinyusb/src/device/usbd.c.o
                0x100062d4                tud_resume_cb
 .text.tud_mounted
                0x100062d8       0x10 CMakeFiles/tflite_cam.dir/home/pushkino/Desktop/pico/pico-sdk/lib/tinyusb/src/device/usbd.c.o
                0x100062d8                tud_mounted
 .text.tud_suspended
                0x100062e8       0x10 CMakeFiles/tflite_cam.dir/home/pushkino/Desktop/pico/pico-sdk/lib/tinyusb/src/device/usbd.c.o
                0x100062e8                tud_suspended
 .text.tud_rhport_init
                0x100062f8       0xf4 CMakeFiles/tflite_cam.dir/home/pushkino/Desktop/pico/pico-sdk/lib/tinyusb/src/device/usbd.c.o
                0x100062f8                tud_rhport_init
 .text.tud_task_ext
                0x100063ec      0x800 CMakeFiles/tflite_cam.dir/home/pushkino/Desktop/pico/pico-sdk/lib/tinyusb/src/device/usbd.c.o
                0x100063ec                tud_task_ext
 .text.usbd_open_edpt_pair
                0x10006bec       0x9c CMakeFiles/tflite_cam.dir/home/pushkino/Desktop/pico/pico-sdk/lib/tinyusb/src/device/usbd.c.o
                0x10006bec                usbd_open_edpt_pair
 .text.usbd_edpt_open
                0x10006c88       0x34 CMakeFiles/tflite_cam.dir/home/pushkino/Desktop/pico/pico-sdk/lib/tinyusb/src/device/usbd.c.o
                0x10006c88                usbd_edpt_open
 .text.usbd_edpt_claim
                0x10006cbc       0x28 CMakeFiles/tflite_cam.dir/home/pushkino/Desktop/pico/pico-sdk/lib/tinyusb/src/device/usbd.c.o
                0x10006cbc                usbd_edpt_claim
 .text.usbd_edpt_release
                0x10006ce4       0x28 CMakeFiles/tflite_cam.dir/home/pushkino/Desktop/pico/pico-sdk/lib/tinyusb/src/device/usbd.c.o
                0x10006ce4                usbd_edpt_release
 .text.usbd_edpt_xfer
                0x10006d0c       0x4c CMakeFiles/tflite_cam.dir/home/pushkino/Desktop/pico/pico-sdk/lib/tinyusb/src/device/usbd.c.o
                0x10006d0c                usbd_edpt_xfer
 .text.tud_control_status
                0x10006d58       0x2c CMakeFiles/tflite_cam.dir/home/pushkino/Desktop/pico/pico-sdk/lib/tinyusb/src/device/usbd_control.c.o
                0x10006d58                tud_control_status
 .text.tud_control_xfer
                0x10006d84       0xa8 CMakeFiles/tflite_cam.dir/home/pushkino/Desktop/pico/pico-sdk/lib/tinyusb/src/device/usbd_control.c.o
                0x10006d84                tud_control_xfer
 .text.usbd_control_reset
                0x10006e2c       0x14 CMakeFiles/tflite_cam.dir/home/pushkino/Desktop/pico/pico-sdk/lib/tinyusb/src/device/usbd_control.c.o
                0x10006e2c                usbd_control_reset
 .text.usbd_control_set_complete_callback
                0x10006e40        0xc CMakeFiles/tflite_cam.dir/home/pushkino/Desktop/pico/pico-sdk/lib/tinyusb/src/device/usbd_control.c.o
                0x10006e40                usbd_control_set_complete_callback
 .text.usbd_control_set_request
                0x10006e4c       0x1c CMakeFiles/tflite_cam.dir/home/pushkino/Desktop/pico/pico-sdk/lib/tinyusb/src/device/usbd_control.c.o
                0x10006e4c                usbd_control_set_request
 .text.usbd_control_xfer_cb
                0x10006e68       0xec CMakeFiles/tflite_cam.dir/home/pushkino/Desktop/pico/pico-sdk/lib/tinyusb/src/device/usbd_control.c.o
                0x10006e68                usbd_control_xfer_cb
 .text._prep_out_transaction.isra.0
                0x10006f54       0x6c CMakeFiles/tflite_cam.dir/home/pushkino/Desktop/pico/pico-sdk/lib/tinyusb/src/class/cdc/cdc_device.c.o
 .text.tud_cdc_n_connected
                0x10006fc0       0x2c CMakeFiles/tflite_cam.dir/home/pushkino/Desktop/pico/pico-sdk/lib/tinyusb/src/class/cdc/cdc_device.c.o
                0x10006fc0                tud_cdc_n_connected
 .text.tud_cdc_n_available
                0x10006fec       0x14 CMakeFiles/tflite_cam.dir/home/pushkino/Desktop/pico/pico-sdk/lib/tinyusb/src/class/cdc/cdc_device.c.o
                0x10006fec                tud_cdc_n_available
 .text.tud_cdc_n_read
                0x10007000       0x88 CMakeFiles/tflite_cam.dir/home/pushkino/Desktop/pico/pico-sdk/lib/tinyusb/src/class/cdc/cdc_device.c.o
                0x10007000                tud_cdc_n_read
 .text.tud_cdc_n_write_flush
                0x10007088       0x74 CMakeFiles/tflite_cam.dir/home/pushkino/Desktop/pico/pico-sdk/lib/tinyusb/src/class/cdc/cdc_device.c.o
                0x10007088                tud_cdc_n_write_flush
 .text.tud_cdc_n_write
                0x100070fc       0x40 CMakeFiles/tflite_cam.dir/home/pushkino/Desktop/pico/pico-sdk/lib/tinyusb/src/class/cdc/cdc_device.c.o
                0x100070fc                tud_cdc_n_write
 .text.tud_cdc_n_write_available
                0x1000713c       0x14 CMakeFiles/tflite_cam.dir/home/pushkino/Desktop/pico/pico-sdk/lib/tinyusb/src/class/cdc/cdc_device.c.o
                0x1000713c                tud_cdc_n_write_available
 .text.cdcd_init
                0x10007150       0x70 CMakeFiles/tflite_cam.dir/home/pushkino/Desktop/pico/pico-sdk/lib/tinyusb/src/class/cdc/cdc_device.c.o
                0x10007150                cdcd_init
 .text.cdcd_deinit
                0x100071c0       0x30 CMakeFiles/tflite_cam.dir/home/pushkino/Desktop/pico/pico-sdk/lib/tinyusb/src/class/cdc/cdc_device.c.o
                0x100071c0                cdcd_deinit
 .text.cdcd_reset
                0x100071f0       0x4c CMakeFiles/tflite_cam.dir/home/pushkino/Desktop/pico/pico-sdk/lib/tinyusb/src/class/cdc/cdc_device.c.o
                0x100071f0                cdcd_reset
 .text.cdcd_open
                0x1000723c       0xa4 CMakeFiles/tflite_cam.dir/home/pushkino/Desktop/pico/pico-sdk/lib/tinyusb/src/class/cdc/cdc_device.c.o
                0x1000723c                cdcd_open
 .text.cdcd_control_xfer_cb
                0x100072e0       0xe8 CMakeFiles/tflite_cam.dir/home/pushkino/Desktop/pico/pico-sdk/lib/tinyusb/src/class/cdc/cdc_device.c.o
                0x100072e0                cdcd_control_xfer_cb
 .text.cdcd_xfer_cb
                0x100073c8      0x100 CMakeFiles/tflite_cam.dir/home/pushkino/Desktop/pico/pico-sdk/lib/tinyusb/src/class/cdc/cdc_device.c.o
                0x100073c8                cdcd_xfer_cb
 .text.vendord_init
                0x100074c8       0x5c CMakeFiles/tflite_cam.dir/home/pushkino/Desktop/pico/pico-sdk/lib/tinyusb/src/class/vendor/vendor_device.c.o
                0x100074c8                vendord_init
 .text.vendord_deinit
                0x10007524       0x1c CMakeFiles/tflite_cam.dir/home/pushkino/Desktop/pico/pico-sdk/lib/tinyusb/src/class/vendor/vendor_device.c.o
                0x10007524                vendord_deinit
 .text.vendord_reset
                0x10007540       0x28 CMakeFiles/tflite_cam.dir/home/pushkino/Desktop/pico/pico-sdk/lib/tinyusb/src/class/vendor/vendor_device.c.o
                0x10007540                vendord_reset
 .text.vendord_open
                0x10007568      0x120 CMakeFiles/tflite_cam.dir/home/pushkino/Desktop/pico/pico-sdk/lib/tinyusb/src/class/vendor/vendor_device.c.o
                0x10007568                vendord_open
 .text.vendord_xfer_cb
                0x10007688       0x9c CMakeFiles/tflite_cam.dir/home/pushkino/Desktop/pico/pico-sdk/lib/tinyusb/src/class/vendor/vendor_device.c.o
                0x10007688                vendord_xfer_cb
 .text.tusb_rhport_init
                0x10007724       0x4c CMakeFiles/tflite_cam.dir/home/pushkino/Desktop/pico/pico-sdk/lib/tinyusb/src/tusb.c.o
                0x10007724                tusb_rhport_init
 .text.tu_edpt_claim
                0x10007770       0x50 CMakeFiles/tflite_cam.dir/home/pushkino/Desktop/pico/pico-sdk/lib/tinyusb/src/tusb.c.o
                0x10007770                tu_edpt_claim
 .text.tu_edpt_release
                0x100077c0       0x38 CMakeFiles/tflite_cam.dir/home/pushkino/Desktop/pico/pico-sdk/lib/tinyusb/src/tusb.c.o
                0x100077c0                tu_edpt_release
 .text.tu_edpt_validate
                0x100077f8       0x7c CMakeFiles/tflite_cam.dir/home/pushkino/Desktop/pico/pico-sdk/lib/tinyusb/src/tusb.c.o
                0x100077f8                tu_edpt_validate
 .text.tu_edpt_bind_driver
                0x10007874       0x34 CMakeFiles/tflite_cam.dir/home/pushkino/Desktop/pico/pico-sdk/lib/tinyusb/src/tusb.c.o
                0x10007874                tu_edpt_bind_driver
 .text.tu_edpt_stream_init
                0x100078a8       0x6c CMakeFiles/tflite_cam.dir/home/pushkino/Desktop/pico/pico-sdk/lib/tinyusb/src/tusb.c.o
                0x100078a8                tu_edpt_stream_init
 .text.tu_edpt_stream_deinit
                0x10007914        0x4 CMakeFiles/tflite_cam.dir/home/pushkino/Desktop/pico/pico-sdk/lib/tinyusb/src/tusb.c.o
                0x10007914                tu_edpt_stream_deinit
 .text.tu_edpt_stream_write_zlp_if_needed
                0x10007918       0x68 CMakeFiles/tflite_cam.dir/home/pushkino/Desktop/pico/pico-sdk/lib/tinyusb/src/tusb.c.o
                0x10007918                tu_edpt_stream_write_zlp_if_needed
 .text.tu_edpt_stream_write_xfer
                0x10007980       0x68 CMakeFiles/tflite_cam.dir/home/pushkino/Desktop/pico/pico-sdk/lib/tinyusb/src/tusb.c.o
                0x10007980                tu_edpt_stream_write_xfer
 .text.tu_edpt_stream_read_xfer
                0x100079e8       0xd8 CMakeFiles/tflite_cam.dir/home/pushkino/Desktop/pico/pico-sdk/lib/tinyusb/src/tusb.c.o
                0x100079e8                tu_edpt_stream_read_xfer
 .text.tu_fifo_config
                0x10007ac0       0x6c CMakeFiles/tflite_cam.dir/home/pushkino/Desktop/pico/pico-sdk/lib/tinyusb/src/common/tusb_fifo.c.o
                0x10007ac0                tu_fifo_config
 .text.tu_fifo_count
                0x10007b2c       0x2c CMakeFiles/tflite_cam.dir/home/pushkino/Desktop/pico/pico-sdk/lib/tinyusb/src/common/tusb_fifo.c.o
                0x10007b2c                tu_fifo_count
 .text.tu_fifo_empty
                0x10007b58       0x10 CMakeFiles/tflite_cam.dir/home/pushkino/Desktop/pico/pico-sdk/lib/tinyusb/src/common/tusb_fifo.c.o
                0x10007b58                tu_fifo_empty
 .text.tu_fifo_remaining
                0x10007b68       0x2c CMakeFiles/tflite_cam.dir/home/pushkino/Desktop/pico/pico-sdk/lib/tinyusb/src/common/tusb_fifo.c.o
                0x10007b68                tu_fifo_remaining
 .text.tu_fifo_read
                0x10007b94       0x9c CMakeFiles/tflite_cam.dir/home/pushkino/Desktop/pico/pico-sdk/lib/tinyusb/src/common/tusb_fifo.c.o
                0x10007b94                tu_fifo_read
 .text.tu_fifo_read_n
                0x10007c30       0xe8 CMakeFiles/tflite_cam.dir/home/pushkino/Desktop/pico/pico-sdk/lib/tinyusb/src/common/tusb_fifo.c.o
                0x10007c30                tu_fifo_read_n
 .text.tu_fifo_write
                0x10007d18       0xa4 CMakeFiles/tflite_cam.dir/home/pushkino/Desktop/pico/pico-sdk/lib/tinyusb/src/common/tusb_fifo.c.o
                0x10007d18                tu_fifo_write
 .text.tu_fifo_write_n
                0x10007dbc      0x178 CMakeFiles/tflite_cam.dir/home/pushkino/Desktop/pico/pico-sdk/lib/tinyusb/src/common/tusb_fifo.c.o
                0x10007dbc                tu_fifo_write_n
 .text.tu_fifo_clear
                0x10007f34       0x40 CMakeFiles/tflite_cam.dir/home/pushkino/Desktop/pico/pico-sdk/lib/tinyusb/src/common/tusb_fifo.c.o
                0x10007f34                tu_fifo_clear
 .text.tu_fifo_set_overwritable
                0x10007f74       0x48 CMakeFiles/tflite_cam.dir/home/pushkino/Desktop/pico/pico-sdk/lib/tinyusb/src/common/tusb_fifo.c.o
                0x10007f74                tu_fifo_set_overwritable
 .text.spi_init
                0x10007fbc      0x13c CMakeFiles/tflite_cam.dir/home/pushkino/Desktop/pico/pico-sdk/src/rp2_common/hardware_spi/spi.c.o
                0x10007fbc                spi_init
 .text.core1_trampoline
                0x100080f8        0x4 CMakeFiles/tflite_cam.dir/home/pushkino/Desktop/pico/pico-sdk/src/rp2_common/pico_multicore/multicore.c.o
 .text.core1_wrapper
                0x100080fc        0xc CMakeFiles/tflite_cam.dir/home/pushkino/Desktop/pico/pico-sdk/src/rp2_common/pico_multicore/multicore.c.o
                0x100080fc                core1_wrapper
 .text.multicore_fifo_push_blocking
                0x10008108       0x14 CMakeFiles/tflite_cam.dir/home/pushkino/Desktop/pico/pico-sdk/src/rp2_common/pico_multicore/multicore.c.o
                0x10008108                multicore_fifo_push_blocking
 .text.multicore_fifo_pop_blocking
                0x1000811c       0x1c CMakeFiles/tflite_cam.dir/home/pushkino/Desktop/pico/pico-sdk/src/rp2_common/pico_multicore/multicore.c.o
                0x1000811c                multicore_fifo_pop_blocking
 .text.multicore_reset_core1
                0x10008138       0x60 CMakeFiles/tflite_cam.dir/home/pushkino/Desktop/pico/pico-sdk/src/rp2_common/pico_multicore/multicore.c.o
                0x10008138                multicore_reset_core1
 .text.multicore_launch_core1_raw
                0x10008198       0x8c CMakeFiles/tflite_cam.dir/home/pushkino/Desktop/pico/pico-sdk/src/rp2_common/pico_multicore/multicore.c.o
                0x10008198                multicore_launch_core1_raw
 .text.multicore_launch_core1
                0x10008224       0x58 CMakeFiles/tflite_cam.dir/home/pushkino/Desktop/pico/pico-sdk/src/rp2_common/pico_multicore/multicore.c.o
                0x10008224                multicore_launch_core1
 .text._ZN6tflite17ConvertTensorTypeENS_10TensorTypeEP10TfLiteTypePNS_13ErrorReporterE
                0x1000827c       0xa0 pico-tflmicro/libpico-tflmicro.a(flatbuffer_conversions.cpp.o)
                0x1000827c                tflite::ConvertTensorType(tflite::TensorType, TfLiteType*, tflite::ErrorReporter*)
 .text._ZN6tflite11ParseConv2DEPKNS_8OperatorEPNS_13ErrorReporterEPNS_20BuiltinDataAllocatorEPPv
                0x1000831c      0x158 pico-tflmicro/libpico-tflmicro.a(flatbuffer_conversions.cpp.o)
                0x1000831c                tflite::ParseConv2D(tflite::Operator const*, tflite::ErrorReporter*, tflite::BuiltinDataAllocator*, void**)
 .text._ZN6tflite19ParseFullyConnectedEPKNS_8OperatorEPNS_13ErrorReporterEPNS_20BuiltinDataAllocatorEPPv
                0x10008474      0x144 pico-tflmicro/libpico-tflmicro.a(flatbuffer_conversions.cpp.o)
                0x10008474                tflite::ParseFullyConnected(tflite::Operator const*, tflite::ErrorReporter*, tflite::BuiltinDataAllocator*, void**)
 .text._ZN6tflite9ParsePoolEPKNS_8OperatorEPNS_13ErrorReporterEPNS_20BuiltinDataAllocatorEPPv
                0x100085b8       0xc8 pico-tflmicro/libpico-tflmicro.a(flatbuffer_conversions.cpp.o)
                0x100085b8                tflite::ParsePool(tflite::Operator const*, tflite::ErrorReporter*, tflite::BuiltinDataAllocator*, void**)
 .text._ZN6tflite9ParseReluEPKNS_8OperatorEPNS_13ErrorReporterEPNS_20BuiltinDataAllocatorEPPv
                0x10008680        0x4 pico-tflmicro/libpico-tflmicro.a(flatbuffer_conversions.cpp.o)
                0x10008680                tflite::ParseRelu(tflite::Operator const*, tflite::ErrorReporter*, tflite::BuiltinDataAllocator*, void**)
 .text._ZN6tflite12ParseReshapeEPKNS_8OperatorEPNS_13ErrorReporterEPNS_20BuiltinDataAllocatorEPPv
                0x10008684       0xd8 pico-tflmicro/libpico-tflmicro.a(flatbuffer_conversions.cpp.o)
                0x10008684                tflite::ParseReshape(tflite::Operator const*, tflite::ErrorReporter*, tflite::BuiltinDataAllocator*, void**)
 .text._ZN6tflite12_GLOBAL__N_18ReluInitEP13TfLiteContextPKcj
                0x1000875c        0xc pico-tflmicro/libpico-tflmicro.a(activations.cpp.o)
 .text._ZN6tflite12_GLOBAL__N_18ReluEvalEP13TfLiteContextP10TfLiteNode
                0x10008768       0x90 pico-tflmicro/libpico-tflmicro.a(activations.cpp.o)
 .text._ZN6tflite13Register_RELUEv
                0x100087f8       0x2c pico-tflmicro/libpico-tflmicro.a(activations.cpp.o)
                0x100087f8                tflite::Register_RELU()
 .text._ZN6tflite13ReluQuantizedERKNS_10ReluOpDataERKNS_12RuntimeShapeES5_PKaPa
                0x10008824       0x68 pico-tflmicro/libpico-tflmicro.a(activations_common.cpp.o)
                0x10008824                tflite::ReluQuantized(tflite::ReluOpData const&, tflite::RuntimeShape const&, tflite::RuntimeShape const&, signed char const*, signed char*)
 .text._ZN6tflite9ReluFloatERKNS_12RuntimeShapeEPKfS2_Pf
                0x1000888c       0x68 pico-tflmicro/libpico-tflmicro.a(activations_common.cpp.o)
                0x1000888c                tflite::ReluFloat(tflite::RuntimeShape const&, float const*, tflite::RuntimeShape const&, float*)
 .text._ZN6tflite11ReluPrepareEP13TfLiteContextP10TfLiteNode
                0x100088f4       0xe8 pico-tflmicro/libpico-tflmicro.a(activations_common.cpp.o)
                0x100088f4                tflite::ReluPrepare(TfLiteContext*, TfLiteNode*)
 .text._ZN6tflite12_GLOBAL__N_14InitEP13TfLiteContextPKcj
                0x100089dc        0xc pico-tflmicro/libpico-tflmicro.a(conv.cpp.o)
 .text._ZN6tflite12_GLOBAL__N_17PrepareEP13TfLiteContextP10TfLiteNode
                0x100089e8      0x448 pico-tflmicro/libpico-tflmicro.a(conv.cpp.o)
 .text._ZN6tflite12_GLOBAL__N_123EvalQuantizedPerChannelIsxL10TfLiteType7EEE12TfLiteStatusP13TfLiteContextP10TfLiteNodeRK16TfLiteConvParamsRKNS0_6OpDataEPK16TfLiteEvalTensorSG_SG_PSE_.isra.0
                0x10008e30       0xf8 pico-tflmicro/libpico-tflmicro.a(conv.cpp.o)
 .text._ZN6tflite12_GLOBAL__N_123EvalQuantizedPerChannelIslL10TfLiteType7EEE12TfLiteStatusP13TfLiteContextP10TfLiteNodeRK16TfLiteConvParamsRKNS0_6OpDataEPK16TfLiteEvalTensorSG_SG_PSE_.isra.0
                0x10008f28       0xf8 pico-tflmicro/libpico-tflmicro.a(conv.cpp.o)
 .text._ZN6tflite12_GLOBAL__N_14EvalEP13TfLiteContextP10TfLiteNode
                0x10009020      0x6e4 pico-tflmicro/libpico-tflmicro.a(conv.cpp.o)
 .text._ZN6tflite16Register_CONV_2DEv
                0x10009704       0x2c pico-tflmicro/libpico-tflmicro.a(conv.cpp.o)
                0x10009704                tflite::Register_CONV_2D()
 .text._ZN6tflite12_GLOBAL__N_14InitEP13TfLiteContextPKcj
                0x10009730        0xc pico-tflmicro/libpico-tflmicro.a(fully_connected.cpp.o)
 .text._ZN6tflite12_GLOBAL__N_17PrepareEP13TfLiteContextP10TfLiteNode
                0x1000973c      0x318 pico-tflmicro/libpico-tflmicro.a(fully_connected.cpp.o)
 .text._ZN6tflite12_GLOBAL__N_118EvalQuantizedInt16EP13TfLiteContextP10TfLiteNodeRKNS0_6OpDataEPK16TfLiteEvalTensorSA_SA_PS8_.isra.0
                0x10009a54      0x12c pico-tflmicro/libpico-tflmicro.a(fully_connected.cpp.o)
 .text._ZN6tflite12_GLOBAL__N_117EvalQuantizedInt8EP13TfLiteContextP10TfLiteNodeRKNS0_6OpDataEPK16TfLiteEvalTensorSA_SA_PS8_.isra.0
                0x10009b80      0x2a4 pico-tflmicro/libpico-tflmicro.a(fully_connected.cpp.o)
 .text._ZN6tflite12_GLOBAL__N_117EvalQuantizedInt4EP13TfLiteContextP10TfLiteNodeRKNS0_6OpDataEPK16TfLiteEvalTensorSA_SA_PS8_.isra.0
                0x10009e24      0x134 pico-tflmicro/libpico-tflmicro.a(fully_connected.cpp.o)
 .text._ZN6tflite12_GLOBAL__N_14EvalEP13TfLiteContextP10TfLiteNode
                0x10009f58      0x2ac pico-tflmicro/libpico-tflmicro.a(fully_connected.cpp.o)
 .text._ZN6tflite24Register_FULLY_CONNECTEDEv
                0x1000a204       0x2c pico-tflmicro/libpico-tflmicro.a(fully_connected.cpp.o)
                0x1000a204                tflite::Register_FULLY_CONNECTED()
 .text._ZN6tflite12_GLOBAL__N_14InitEP13TfLiteContextPKcj
                0x1000a230        0xc pico-tflmicro/libpico-tflmicro.a(pooling.cpp.o)
 .text._ZN6tflite12_GLOBAL__N_110MaxPrepareEP13TfLiteContextP10TfLiteNode
                0x1000a23c       0x18 pico-tflmicro/libpico-tflmicro.a(pooling.cpp.o)
 .text._ZN6tflite12_GLOBAL__N_17MaxEvalEP13TfLiteContextP10TfLiteNode
                0x1000a254      0x14c pico-tflmicro/libpico-tflmicro.a(pooling.cpp.o)
 .text._ZN6tflite20Register_MAX_POOL_2DEv
                0x1000a3a0       0x2c pico-tflmicro/libpico-tflmicro.a(pooling.cpp.o)
                0x1000a3a0                tflite::Register_MAX_POOL_2D()
 .text._ZN6tflite15ConvParamsFloatERK16TfLiteConvParamsRKNS_10OpDataConvE
                0x1000a3cc       0x68 pico-tflmicro/libpico-tflmicro.a(conv_common.cpp.o)
                0x1000a3cc                tflite::ConvParamsFloat(TfLiteConvParams const&, tflite::OpDataConv const&)
 .text._ZN6tflite19CalculateOpDataConvEP13TfLiteContextP10TfLiteNodeRK16TfLiteConvParamsiiiiii10TfLiteTypePNS_10OpDataConvE
                0x1000a434      0x278 pico-tflmicro/libpico-tflmicro.a(conv_common.cpp.o)
                0x1000a434                tflite::CalculateOpDataConv(TfLiteContext*, TfLiteNode*, TfLiteConvParams const&, int, int, int, int, int, int, TfLiteType, tflite::OpDataConv*)
 .text._ZN6tflite25FullyConnectedParamsFloatE21TfLiteFusedActivation
                0x1000a6ac       0x3c pico-tflmicro/libpico-tflmicro.a(fully_connected_common.cpp.o)
                0x1000a6ac                tflite::FullyConnectedParamsFloat(TfLiteFusedActivation)
 .text._ZN6tflite29CalculateOpDataFullyConnectedEP13TfLiteContext21TfLiteFusedActivation10TfLiteTypePK12TfLiteTensorS6_S6_PS4_PNS_20OpDataFullyConnectedE
                0x1000a6e8      0x198 pico-tflmicro/libpico-tflmicro.a(fully_connected_common.cpp.o)
                0x1000a6e8                tflite::CalculateOpDataFullyConnected(TfLiteContext*, TfLiteFusedActivation, TfLiteType, TfLiteTensor const*, TfLiteTensor const*, TfLiteTensor const*, TfLiteTensor*, tflite::OpDataFullyConnected*)
 .text._ZN6tflite5micro10RegisterOpEPFPvP13TfLiteContextPKcjEPF12TfLiteStatusS3_P10TfLiteNodeESC_PFvS3_S1_ESE_
                0x1000a880       0x18 pico-tflmicro/libpico-tflmicro.a(kernel_util.cpp.o)
                0x1000a880                tflite::micro::RegisterOp(void* (*)(TfLiteContext*, char const*, unsigned int), TfLiteStatus (*)(TfLiteContext*, TfLiteNode*), TfLiteStatus (*)(TfLiteContext*, TfLiteNode*), void (*)(TfLiteContext*, void*), void (*)(TfLiteContext*, void*))
 .text._ZN6tflite5micro12GetEvalInputEPK13TfLiteContextPK10TfLiteNodei
                0x1000a898       0x28 pico-tflmicro/libpico-tflmicro.a(kernel_util.cpp.o)
                0x1000a898                tflite::micro::GetEvalInput(TfLiteContext const*, TfLiteNode const*, int)
 .text._ZN6tflite5micro13GetEvalOutputEPK13TfLiteContextPK10TfLiteNodei
                0x1000a8c0       0x10 pico-tflmicro/libpico-tflmicro.a(kernel_util.cpp.o)
                0x1000a8c0                tflite::micro::GetEvalOutput(TfLiteContext const*, TfLiteNode const*, int)
 .text._ZN6tflite5micro14GetTensorShapeEPK16TfLiteEvalTensor
                0x1000a8d0       0x24 pico-tflmicro/libpico-tflmicro.a(kernel_util.cpp.o)
                0x1000a8d0                tflite::micro::GetTensorShape(TfLiteEvalTensor const*)
 .text._ZN6tflite5micro18RuntimePaddingTypeE13TfLitePadding
                0x1000a8f4       0x14 pico-tflmicro/libpico-tflmicro.a(kernel_util.cpp.o)
                0x1000a8f4                tflite::micro::RuntimePaddingType(TfLitePadding)
 .text._ZN6tflite5micro32CreateWritableTensorDimsWithCopyEP13TfLiteContextP12TfLiteTensorP16TfLiteEvalTensor
                0x1000a908       0x90 pico-tflmicro/libpico-tflmicro.a(kernel_util.cpp.o)
                0x1000a908                tflite::micro::CreateWritableTensorDimsWithCopy(TfLiteContext*, TfLiteTensor*, TfLiteEvalTensor*)
 .text._ZN6tflite22CalculateOpDataPoolingEPK13TfLiteContextPK16TfLitePoolParamsPK12TfLiteTensorS8_PNS_13OpDataPoolingE
                0x1000a998       0xd8 pico-tflmicro/libpico-tflmicro.a(pooling_common.cpp.o)
                0x1000a998                tflite::CalculateOpDataPooling(TfLiteContext const*, TfLitePoolParams const*, TfLiteTensor const*, TfLiteTensor const*, tflite::OpDataPooling*)
 .text._ZN6tflite14PoolingPrepareEP13TfLiteContextP10TfLiteNode
                0x1000aa70      0x124 pico-tflmicro/libpico-tflmicro.a(pooling_common.cpp.o)
                0x1000aa70                tflite::PoolingPrepare(TfLiteContext*, TfLiteNode*)
 .text._ZN6tflite19MaxPoolingEvalFloatEP13TfLiteContextP10TfLiteNodeP16TfLitePoolParamsPKNS_13OpDataPoolingEPK16TfLiteEvalTensorPS9_
                0x1000ab94      0x29c pico-tflmicro/libpico-tflmicro.a(pooling_common.cpp.o)
                0x1000ab94                tflite::MaxPoolingEvalFloat(TfLiteContext*, TfLiteNode*, TfLitePoolParams*, tflite::OpDataPooling const*, TfLiteEvalTensor const*, TfLiteEvalTensor*)
 .text._ZN6tflite12_GLOBAL__N_120EvalReshapeReferenceEP13TfLiteContextP10TfLiteNode
                0x1000ae30       0x48 pico-tflmicro/libpico-tflmicro.a(reshape.cpp.o)
 .text._ZN6tflite16Register_RESHAPEEv
                0x1000ae78       0x24 pico-tflmicro/libpico-tflmicro.a(reshape.cpp.o)
                0x1000ae78                tflite::Register_RESHAPE()
 .text._ZN6tflite12_GLOBAL__N_113ReshapeOutputEP13TfLiteContextP10TfLiteNode
                0x1000ae9c      0x1d8 pico-tflmicro/libpico-tflmicro.a(reshape_common.cpp.o)
 .text._ZN6tflite23PrepareReshapeReferenceEP13TfLiteContextP10TfLiteNode
                0x1000b074       0xa0 pico-tflmicro/libpico-tflmicro.a(reshape_common.cpp.o)
                0x1000b074                tflite::PrepareReshapeReference(TfLiteContext*, TfLiteNode*)
 .text._ZN6tflite14AlignPointerUpEPhj
                0x1000b114       0x10 pico-tflmicro/libpico-tflmicro.a(memory_helpers.cpp.o)
                0x1000b114                tflite::AlignPointerUp(unsigned char*, unsigned int)
 .text._ZN6tflite16AlignPointerDownEPhj
                0x1000b124        0xc pico-tflmicro/libpico-tflmicro.a(memory_helpers.cpp.o)
                0x1000b124                tflite::AlignPointerDown(unsigned char*, unsigned int)
 .text._ZN6tflite11AlignSizeUpEjj
                0x1000b130       0x10 pico-tflmicro/libpico-tflmicro.a(memory_helpers.cpp.o)
                0x1000b130                tflite::AlignSizeUp(unsigned int, unsigned int)
 .text._ZN6tflite16TfLiteTypeSizeOfE10TfLiteTypePj
                0x1000b140       0x60 pico-tflmicro/libpico-tflmicro.a(memory_helpers.cpp.o)
                0x1000b140                tflite::TfLiteTypeSizeOf(TfLiteType, unsigned int*)
 .text._ZN6tflite22BytesRequiredForTensorERKNS_6TensorEPjS3_
                0x1000b1a0       0x88 pico-tflmicro/libpico-tflmicro.a(memory_helpers.cpp.o)
                0x1000b1a0                tflite::BytesRequiredForTensor(tflite::Tensor const&, unsigned int*, unsigned int*)
 .text._ZN6tflite26TfLiteEvalTensorByteLengthEPK16TfLiteEvalTensorPj
                0x1000b228       0x88 pico-tflmicro/libpico-tflmicro.a(memory_helpers.cpp.o)
                0x1000b228                tflite::TfLiteEvalTensorByteLength(TfLiteEvalTensor const*, unsigned int*)
 .text._ZN6tflite12MicroContext23AllocateTempInputTensorEPK10TfLiteNodei
                0x1000b2b0       0x24 pico-tflmicro/libpico-tflmicro.a(micro_context.cpp.o)
                0x1000b2b0                tflite::MicroContext::AllocateTempInputTensor(TfLiteNode const*, int)
 .text._ZN6tflite12MicroContext24AllocateTempOutputTensorEPK10TfLiteNodei
                0x1000b2d4       0x24 pico-tflmicro/libpico-tflmicro.a(micro_context.cpp.o)
                0x1000b2d4                tflite::MicroContext::AllocateTempOutputTensor(TfLiteNode const*, int)
 .text._ZN6tflite25MicroContextReportOpErrorEP13TfLiteContextPKcz
                0x1000b2f8       0x18 pico-tflmicro/libpico-tflmicro.a(micro_context.cpp.o)
                0x1000b2f8                tflite::MicroContextReportOpError(TfLiteContext*, char const*, ...)
 .text._ZN6tflite36MicroContextAllocatePersistentBufferEP13TfLiteContextj
                0x1000b310        0xc pico-tflmicro/libpico-tflmicro.a(micro_interpreter.cpp.o)
                0x1000b310                tflite::MicroContextAllocatePersistentBuffer(TfLiteContext*, unsigned int)
 .text._ZN6tflite39MicroContextRequestScratchBufferInArenaEP13TfLiteContextjPi
                0x1000b31c        0xc pico-tflmicro/libpico-tflmicro.a(micro_interpreter.cpp.o)
                0x1000b31c                tflite::MicroContextRequestScratchBufferInArena(TfLiteContext*, unsigned int, int*)
 .text._ZN6tflite28MicroContextGetScratchBufferEP13TfLiteContexti
                0x1000b328        0xc pico-tflmicro/libpico-tflmicro.a(micro_interpreter.cpp.o)
                0x1000b328                tflite::MicroContextGetScratchBuffer(TfLiteContext*, int)
 .text._ZN6tflite21MicroContextGetTensorEPK13TfLiteContexti
                0x1000b334        0xc pico-tflmicro/libpico-tflmicro.a(micro_interpreter.cpp.o)
                0x1000b334                tflite::MicroContextGetTensor(TfLiteContext const*, int)
 .text._ZN6tflite25MicroContextGetEvalTensorEPK13TfLiteContexti
                0x1000b340        0xc pico-tflmicro/libpico-tflmicro.a(micro_interpreter.cpp.o)
                0x1000b340                tflite::MicroContextGetEvalTensor(TfLiteContext const*, int)
 .text._ZN6tflite23MicroInterpreterContext16external_contextEv
                0x1000b34c        0x4 pico-tflmicro/libpico-tflmicro.a(micro_interpreter.cpp.o)
                0x1000b34c                tflite::MicroInterpreterContext::external_context()
 .text._ZN6tflite30MicroContextGetExternalContextEP13TfLiteContext25TfLiteExternalContextType
                0x1000b350       0x1c pico-tflmicro/libpico-tflmicro.a(micro_interpreter.cpp.o)
                0x1000b350                tflite::MicroContextGetExternalContext(TfLiteContext*, TfLiteExternalContextType)
 .text._ZN6tflite16MicroInterpreterC2EPKNS_5ModelERKNS_15MicroOpResolverEPhjPNS_22MicroResourceVariablesEPNS_22MicroProfilerInterfaceEb
                0x1000b36c       0xc0 pico-tflmicro/libpico-tflmicro.a(micro_interpreter.cpp.o)
                0x1000b36c                tflite::MicroInterpreter::MicroInterpreter(tflite::Model const*, tflite::MicroOpResolver const&, unsigned char*, unsigned int, tflite::MicroResourceVariables*, tflite::MicroProfilerInterface*, bool)
                0x1000b36c                tflite::MicroInterpreter::MicroInterpreter(tflite::Model const*, tflite::MicroOpResolver const&, unsigned char*, unsigned int, tflite::MicroResourceVariables*, tflite::MicroProfilerInterface*, bool)
 .text._ZN6tflite16MicroInterpreter5inputEj
                0x1000b42c       0x60 pico-tflmicro/libpico-tflmicro.a(micro_interpreter.cpp.o)
                0x1000b42c                tflite::MicroInterpreter::input(unsigned int)
 .text._ZN6tflite16MicroInterpreter6outputEj
                0x1000b48c       0x60 pico-tflmicro/libpico-tflmicro.a(micro_interpreter.cpp.o)
                0x1000b48c                tflite::MicroInterpreter::output(unsigned int)
 .text._ZN6tflite16MicroInterpreter44PrepareNodeAndRegistrationDataFromFlatbufferEv
                0x1000b4ec      0x2dc pico-tflmicro/libpico-tflmicro.a(micro_interpreter.cpp.o)
                0x1000b4ec                tflite::MicroInterpreter::PrepareNodeAndRegistrationDataFromFlatbuffer()
 .text._ZN6tflite16MicroInterpreter15AllocateTensorsEv
                0x1000b7c8      0x320 pico-tflmicro/libpico-tflmicro.a(micro_interpreter.cpp.o)
                0x1000b7c8                tflite::MicroInterpreter::AllocateTensors()
 .text._ZN6tflite16MicroInterpreter6InvokeEv
                0x1000bae8       0x38 pico-tflmicro/libpico-tflmicro.a(micro_interpreter.cpp.o)
                0x1000bae8                tflite::MicroInterpreter::Invoke()
 .text._ZN6tflite23MicroInterpreterContext5graphEv
                0x1000bb20        0x4 pico-tflmicro/libpico-tflmicro.a(micro_interpreter_context.cpp.o)
                0x1000bb20                tflite::MicroInterpreterContext::graph()
 .text._ZN6tflite23MicroInterpreterContextD0Ev
                0x1000bb24        0x4 pico-tflmicro/libpico-tflmicro.a(micro_interpreter_context.cpp.o)
                0x1000bb24                tflite::MicroInterpreterContext::~MicroInterpreterContext()
                0x1000bb24                tflite::MicroInterpreterContext::~MicroInterpreterContext()
                0x1000bb24                tflite::MicroInterpreterContext::~MicroInterpreterContext()
 .text._ZN6tflite23MicroInterpreterContext24AllocatePersistentBufferEj
                0x1000bb28        0xc pico-tflmicro/libpico-tflmicro.a(micro_interpreter_context.cpp.o)
                0x1000bb28                tflite::MicroInterpreterContext::AllocatePersistentBuffer(unsigned int)
 .text._ZN6tflite23MicroInterpreterContext16GetScratchBufferEi
                0x1000bb34        0x8 pico-tflmicro/libpico-tflmicro.a(micro_interpreter_context.cpp.o)
                0x1000bb34                tflite::MicroInterpreterContext::GetScratchBuffer(int)
 .text._ZN6tflite23MicroInterpreterContext24AllocateTempTfLiteTensorEi
                0x1000bb3c       0x20 pico-tflmicro/libpico-tflmicro.a(micro_interpreter_context.cpp.o)
                0x1000bb3c                tflite::MicroInterpreterContext::AllocateTempTfLiteTensor(int)
 .text._ZN6tflite23MicroInterpreterContext26DeallocateTempTfLiteTensorEP12TfLiteTensor
                0x1000bb5c        0xc pico-tflmicro/libpico-tflmicro.a(micro_interpreter_context.cpp.o)
                0x1000bb5c                tflite::MicroInterpreterContext::DeallocateTempTfLiteTensor(TfLiteTensor*)
 .text._ZN6tflite23MicroInterpreterContext18AllocateTempBufferEjj